Component: ARM Compiler 5.05 update 1 (build 106) Tool: armlink [4d0efa]

==============================================================================

Section Cross References

    main.o(i.Add_FR) refers to lcd.o(i.LCD_ShowString) for LCD_ShowString
    main.o(i.Add_FR) refers to as608.o(i.PS_GetImage) for PS_GetImage
    main.o(i.Add_FR) refers to as608.o(i.PS_GenChar) for PS_GenChar
    main.o(i.Add_FR) refers to lcd.o(i.LCD_Fill) for LCD_Fill
    main.o(i.Add_FR) refers to main.o(i.ShowErrMessage) for ShowErrMessage
    main.o(i.Add_FR) refers to lcd.o(i.LCD_Clear) for LCD_Clear
    main.o(i.Add_FR) refers to as608.o(i.PS_Match) for PS_Match
    main.o(i.Add_FR) refers to delay.o(i.delay_ms) for delay_ms
    main.o(i.Add_FR) refers to as608.o(i.PS_RegModel) for PS_RegModel
    main.o(i.Add_FR) refers to main.o(i.KeyBoardScan) for KeyBoardScan
    main.o(i.Add_FR) refers to as608.o(i.PS_StoreChar) for PS_StoreChar
    main.o(i.Add_FR) refers to as608.o(i.PS_ValidTempleteNum) for PS_ValidTempleteNum
    main.o(i.Add_FR) refers to lcd.o(i.LCD_ShowNum) for LCD_ShowNum
    main.o(i.Add_FR) refers to lcd.o(.bss) for lcddev
    main.o(i.Add_FR) refers to main.o(.bss) for AS608Para
    main.o(i.Add_FR) refers to main.o(.data) for ValidN
    main.o(i.Del_FR) refers to lcd.o(i.LCD_Fill) for LCD_Fill
    main.o(i.Del_FR) refers to lcd.o(i.LCD_Clear) for LCD_Clear
    main.o(i.Del_FR) refers to lcd.o(i.LCD_ShowString) for LCD_ShowString
    main.o(i.Del_FR) refers to delay.o(i.delay_ms) for delay_ms
    main.o(i.Del_FR) refers to as608.o(i.PS_Empty) for PS_Empty
    main.o(i.Del_FR) refers to as608.o(i.PS_DeletChar) for PS_DeletChar
    main.o(i.Del_FR) refers to main.o(i.ShowErrMessage) for ShowErrMessage
    main.o(i.Del_FR) refers to as608.o(i.PS_ValidTempleteNum) for PS_ValidTempleteNum
    main.o(i.Del_FR) refers to lcd.o(i.LCD_ShowNum) for LCD_ShowNum
    main.o(i.Del_FR) refers to lcd.o(.bss) for lcddev
    main.o(i.Del_FR) refers to lcd.o(.data) for POINT_COLOR
    main.o(i.Del_FR) refers to main.o(.data) for ValidN
    main.o(i.Del_FR) refers to main.o(.bss) for AS608Para
    main.o(i.KeyBoardIni) refers to stm32f4xx_gpio.o(i.GPIO_Init) for GPIO_Init
    main.o(i.KeyBoardScan) refers to stm32f4xx_gpio.o(i.GPIO_ReadInputDataBit) for GPIO_ReadInputDataBit
    main.o(i.KeyBoardScan) refers to delay.o(i.delay_ms) for delay_ms
    main.o(i.ShowErrMessage) refers to as608.o(i.EnsureMessage) for EnsureMessage
    main.o(i.ShowErrMessage) refers to lcd.o(i.LCD_ShowString) for LCD_ShowString
    main.o(i.jpeg_data_process) refers to stm32f4xx_dma.o(i.DMA_Cmd) for DMA_Cmd
    main.o(i.jpeg_data_process) refers to stm32f4xx_dma.o(i.DMA_GetCmdStatus) for DMA_GetCmdStatus
    main.o(i.jpeg_data_process) refers to stm32f4xx_dma.o(i.DMA_GetCurrDataCounter) for DMA_GetCurrDataCounter
    main.o(i.jpeg_data_process) refers to stm32f4xx_dma.o(i.DMA_SetCurrDataCounter) for DMA_SetCurrDataCounter
    main.o(i.jpeg_data_process) refers to main.o(.data) for ov2640_mode
    main.o(i.jpeg_test) refers to lcd.o(i.LCD_Clear) for LCD_Clear
    main.o(i.jpeg_test) refers to lcd.o(i.LCD_ShowString) for LCD_ShowString
    main.o(i.jpeg_test) refers to printfa.o(i.__0sprintf) for __2sprintf
    main.o(i.jpeg_test) refers to ov2640.o(i.OV2640_JPEG_Mode) for OV2640_JPEG_Mode
    main.o(i.jpeg_test) refers to dcmi.o(i.My_DCMI_Init) for My_DCMI_Init
    main.o(i.jpeg_test) refers to dcmi.o(i.DCMI_DMA_Init) for DCMI_DMA_Init
    main.o(i.jpeg_test) refers to ov2640.o(i.OV2640_OutSize_Set) for OV2640_OutSize_Set
    main.o(i.jpeg_test) refers to dcmi.o(i.DCMI_Start) for DCMI_Start
    main.o(i.jpeg_test) refers to stm32f4xx_usart.o(i.USART_GetFlagStatus) for USART_GetFlagStatus
    main.o(i.jpeg_test) refers to stm32f4xx_usart.o(i.USART_SendData) for USART_SendData
    main.o(i.jpeg_test) refers to key.o(i.KEY_Scan) for KEY_Scan
    main.o(i.jpeg_test) refers to ov2640.o(i.OV2640_Contrast) for OV2640_Contrast
    main.o(i.jpeg_test) refers to ov2640.o(i.OV2640_Color_Saturation) for OV2640_Color_Saturation
    main.o(i.jpeg_test) refers to ov2640.o(i.OV2640_Special_Effects) for OV2640_Special_Effects
    main.o(i.jpeg_test) refers to lcd.o(i.LCD_Fill) for LCD_Fill
    main.o(i.jpeg_test) refers to delay.o(i.delay_ms) for delay_ms
    main.o(i.jpeg_test) refers to lcd.o(.data) for POINT_COLOR
    main.o(i.jpeg_test) refers to main.o(.data) for JPEG_SIZE_TBL
    main.o(i.jpeg_test) refers to main.o(.bss) for jpeg_buf
    main.o(i.jpeg_test) refers to main.o(.constdata) for jpeg_img_size_tbl
    main.o(i.main) refers to misc.o(i.NVIC_PriorityGroupConfig) for NVIC_PriorityGroupConfig
    main.o(i.main) refers to delay.o(i.delay_init) for delay_init
    main.o(i.main) refers to stm32f4xx_rcc.o(i.RCC_AHB1PeriphClockCmd) for RCC_AHB1PeriphClockCmd
    main.o(i.main) refers to main.o(i.KeyBoardIni) for KeyBoardIni
    main.o(i.main) refers to usart.o(i.uart_init) for uart_init
    main.o(i.main) refers to led.o(i.LED_Init) for LED_Init
[...]
    i.SCCB_WR_Reg                            0x08006a04   Section        0  sccb.o(i.SCCB_WR_Reg)
    i.SPI1_Init                              0x08006a44   Section        0  spi.o(i.SPI1_Init)
    i.SPI1_ReadWriteByte                     0x08006b00   Section        0  spi.o(i.SPI1_ReadWriteByte)
    i.SPI1_SetSpeed                          0x08006b38   Section        0  spi.o(i.SPI1_SetSpeed)
    i.SPI_Cmd                                0x08006b60   Section        0  stm32f4xx_spi.o(i.SPI_Cmd)
    i.SPI_I2S_GetFlagStatus                  0x08006b78   Section        0  stm32f4xx_spi.o(i.SPI_I2S_GetFlagStatus)
    i.SPI_I2S_ReceiveData                    0x08006b8a   Section        0  stm32f4xx_spi.o(i.SPI_I2S_ReceiveData)
    i.SPI_I2S_SendData                       0x08006b90   Section        0  stm32f4xx_spi.o(i.SPI_I2S_SendData)
    i.SPI_Init                               0x08006b94   Section        0  stm32f4xx_spi.o(i.SPI_Init)
    i.SVC_Handler                            0x08006bd0   Section        0  stm32f4xx_it.o(i.SVC_Handler)
    i.SendAddr                               0x08006bd4   Section        0  as608.o(i.SendAddr)
    SendAddr                                 0x08006bd5   Thumb Code    46  as608.o(i.SendAddr)
    i.SendCheck                              0x08006c08   Section        0  as608.o(i.SendCheck)
    SendCheck                                0x08006c09   Thumb Code    18  as608.o(i.SendCheck)
    i.SendFlag                               0x08006c1a   Section        0  as608.o(i.SendFlag)
    SendFlag                                 0x08006c1b   Thumb Code    12  as608.o(i.SendFlag)
    i.SendHead                               0x08006c26   Section        0  as608.o(i.SendHead)
    SendHead                                 0x08006c27   Thumb Code    16  as608.o(i.SendHead)
    i.SendLength                             0x08006c36   Section        0  as608.o(i.SendLength)
    SendLength                               0x08006c37   Thumb Code    20  as608.o(i.SendLength)
    i.Sendcmd                                0x08006c4a   Section        0  as608.o(i.Sendcmd)
    Sendcmd                                  0x08006c4b   Thumb Code    12  as608.o(i.Sendcmd)
    i.SetSysClock                            0x08006c58   Section        0  system_stm32f4xx.o(i.SetSysClock)
    SetSysClock                              0x08006c59   Thumb Code   220  system_stm32f4xx.o(i.SetSysClock)
    i.ShowErrMessage                         0x08006d44   Section        0  main.o(i.ShowErrMessage)
    i.SysTick_CLKSourceConfig                0x08006d64   Section        0  misc.o(i.SysTick_CLKSourceConfig)
    i.SysTick_Handler                        0x08006d8c   Section        0  stm32f4xx_it.o(i.SysTick_Handler)
    i.SystemInit                             0x08006d90   Section        0  system_stm32f4xx.o(i.SystemInit)
    i.TIM14_PWM_Init                         0x08006df8   Section        0  timer.o(i.TIM14_PWM_Init)
    i.TIM2_IRQHandler                        0x08006e98   Section        0  timer.o(i.TIM2_IRQHandler)
    i.TIM2_Int_Init                          0x08007028   Section        0  timer.o(i.TIM2_Int_Init)
    i.TIM3_IRQHandler                        0x08007084   Section        0  timer.o(i.TIM3_IRQHandler)
    i.TIM4_IRQHandler                        0x080070a0   Section        0  usmart.o(i.TIM4_IRQHandler)
    i.TIM5_IRQHandler                        0x080070d8   Section        0  timer.o(i.TIM5_IRQHandler)
    i.TIM6_Int_Init                          0x08007198   Section        0  timer.o(i.TIM6_Int_Init)
    i.TIM7_IRQHandler                        0x080071f4   Section        0  timer.o(i.TIM7_IRQHandler)
    i.TIM7_Int_Init                          0x08007228   Section        0  timer.o(i.TIM7_Int_Init)
    i.TIM_ARRPreloadConfig                   0x08007278   Section        0  stm32f4xx_tim.o(i.TIM_ARRPreloadConfig)
    i.TIM_ClearFlag                          0x08007290   Section        0  stm32f4xx_tim.o(i.TIM_ClearFlag)
    i.TIM_ClearITPendingBit                  0x08007296   Section        0  stm32f4xx_tim.o(i.TIM_ClearITPendingBit)
    i.TIM_Cmd                                0x0800729c   Section        0  stm32f4xx_tim.o(i.TIM_Cmd)
    i.TIM_GetCapture1                        0x080072b4   Section        0  stm32f4xx_tim.o(i.TIM_GetCapture1)
    i.TIM_GetCounter                         0x080072ba   Section        0  stm32f4xx_tim.o(i.TIM_GetCounter)
    i.TIM_GetFlagStatus                      0x080072c0   Section        0  stm32f4xx_tim.o(i.TIM_GetFlagStatus)
    i.TIM_GetITStatus                        0x080072d2   Section        0  stm32f4xx_tim.o(i.TIM_GetITStatus)
    i.TIM_ITConfig                           0x080072f4   Section        0  stm32f4xx_tim.o(i.TIM_ITConfig)
    i.TIM_OC1Init                            0x08007308   Section        0  stm32f4xx_tim.o(i.TIM_OC1Init)
    i.TIM_OC1PolarityConfig                  0x08007384   Section        0  stm32f4xx_tim.o(i.TIM_OC1PolarityConfig)
    i.TIM_OC1PreloadConfig                   0x08007396   Section        0  stm32f4xx_tim.o(i.TIM_OC1PreloadConfig)
    i.TIM_SetAutoreload                      0x080073a8   Section        0  stm32f4xx_tim.o(i.TIM_SetAutoreload)
    i.TIM_SetCounter                         0x080073ac   Section        0  stm32f4xx_tim.o(i.TIM_SetCounter)
    i.TIM_TimeBaseInit                       0x080073b0   Section        0  stm32f4xx_tim.o(i.TIM_TimeBaseInit)
    i.Timer4_Init                            0x08007434   Section        0  usmart.o(i.Timer4_Init)
    i.USART1_IRQHandler                      0x08007490   Section        0  usart.o(i.USART1_IRQHandler)
    i.USART2_IRQHandler                      0x08007518   Section        0  usart2.o(i.USART2_IRQHandler)
    i.USART3_IRQHandler                      0x08007588   Section        0  usart3.o(i.USART3_IRQHandler)
    i.USART_Cmd                              0x0800760c   Section        0  stm32f4xx_usart.o(i.USART_Cmd)
    i.USART_DeInit                           0x08007624   Section        0  stm32f4xx_usart.o(i.USART_DeInit)
    i.USART_GetFlagStatus                    0x08007714   Section        0  stm32f4xx_usart.o(i.USART_GetFlagStatus)
    i.USART_GetITStatus                      0x0800772e   Section        0  stm32f4xx_usart.o(i.USART_GetITStatus)
    i.USART_ITConfig                         0x08007782   Section        0  stm32f4xx_usart.o(i.USART_ITConfig)
    i.USART_Init                             0x080077cc   Section        0  stm32f4xx_usart.o(i.USART_Init)
    i.USART_ReceiveData                      0x080078a0   Section        0  stm32f4xx_usart.o(i.USART_ReceiveData)
    i.USART_SendData                         0x080078aa   Section        0  stm32f4xx_usart.o(i.USART_SendData)
    i.UsageFault_Handler                     0x080078b2   Section        0  stm32f4xx_it.o(i.UsageFault_Handler)
    i.W25QXX_Init                            0x080078b8   Section        0  w25qxx.o(i.W25QXX_Init)
    i.W25QXX_ReadID                          0x08007920   Section        0  w25qxx.o(i.W25QXX_ReadID)
    i.__0printf                              0x08007968   Section        0  printfa.o(i.__0printf)
    i.__0sprintf                             0x08007988   Section        0  printfa.o(i.__0sprintf)
    i.__0vsprintf                            0x080079b0   Section        0  printfa.o(i.__0vsprintf)
    i.__scatterload_copy                     0x080079d4   Section       14  handlers.o(i.__scatterload_copy)
    i.__scatterload_null                     0x080079e2   Section        2  handlers.o(i.__scatterload_null)
    i.__scatterload_zeroinit                 0x080079e4   Section       14  handlers.o(i.__scatterload_zeroinit)
    i._fp_digits                             0x080079f4   Section        0  printfa.o(i._fp_digits)
    _fp_digits                               0x080079f5   Thumb Code   334  printfa.o(i._fp_digits)
    i._printf_core                           0x08007b58   Section        0  printfa.o(i._printf_core)
    _printf_core                             0x08007b59   Thumb Code  1744  printfa.o(i._printf_core)
    i._printf_post_padding                   0x08008234   Section        0  printfa.o(i._printf_post_padding)
    _printf_post_padding                     0x08008235   Thumb Code    36  printfa.o(i._printf_post_padding)
    i._printf_pre_padding                    0x08008258   Section        0  printfa.o(i._printf_pre_padding)
    _printf_pre_padding                      0x08008259   Thumb Code    46  printfa.o(i._printf_pre_padding)
    i._sputc                                 0x08008286   Section        0  printfa.o(i._sputc)
    _sputc                                   0x08008287   Thumb Code    10  printfa.o(i._sputc)
    i.atk_8266_check_cmd                     0x08008290   Section        0  esp8266.o(i.atk_8266_check_cmd)
    i.atk_8266_send_cmd                      0x080082c4   Section        0  esp8266.o(i.atk_8266_send_cmd)
    i.delay_init                             0x08008338   Section        0  delay.o(i.delay_init)
    i.delay_ms                               0x08008374   Section        0  delay.o(i.delay_ms)
    i.delay_us                               0x080083ac   Section        0  delay.o(i.delay_us)
    i.delay_xms                              0x080083f8   Section        0  delay.o(i.delay_xms)
    i.fputc                                  0x08008444   Section        0  usart.o(i.fputc)
    i.jpeg_data_process                      0x08008460   Section        0  main.o(i.jpeg_data_process)
    i.main                                   0x080084d0   Section        0  main.o(i.main)
    i.my_mem_free                            0x08008bc0   Section        0  malloc.o(i.my_mem_free)
    i.my_mem_init                            0x08008c2c   Section        0  malloc.o(i.my_mem_init)
    i.my_mem_malloc                          0x08008c70   Section        0  malloc.o(i.my_mem_malloc)
    i.my_mem_perused                         0x08008d18   Section        0  malloc.o(i.my_mem_perused)
    i.myfree                                 0x08008d58   Section        0  malloc.o(i.myfree)
    i.mymalloc                               0x08008d7c   Section        0  malloc.o(i.mymalloc)
    i.mymemset                               0x08008da4   Section        0  malloc.o(i.mymemset)
    i.press_FR                               0x08008db8   Section        0  main.o(i.press_FR)
    i.read_addr                              0x080090b0   Section        0  usmart.o(i.read_addr)
    i.u3_printf                              0x080090b8   Section        0  usart3.o(i.u3_printf)
    i.uart_init                              0x08009108   Section        0  usart.o(i.uart_init)
    i.usart2_init                            0x080091b8   Section        0  usart2.o(i.usart2_init)
    i.usart3_init                            0x08009284   Section        0  usart3.o(i.usart3_init)
    i.usmart_cmd_rec                         0x08009354   Section        0  usmart.o(i.usmart_cmd_rec)
    i.usmart_exe                             0x08009404   Section        0  usmart.o(i.usmart_exe)
    i.usmart_get_aparm                       0x080096d8   Section        0  usmart_str.o(i.usmart_get_aparm)
    i.usmart_get_cmdname                     0x080097a0   Section        0  usmart_str.o(i.usmart_get_cmdname)
    i.usmart_get_fname                       0x080097d8   Section        0  usmart_str.o(i.usmart_get_fname)
    i.usmart_get_fparam                      0x08009998   Section        0  usmart_str.o(i.usmart_get_fparam)
    i.usmart_get_parmpos                     0x08009aa4   Section        0  usmart_str.o(i.usmart_get_parmpos)
    i.usmart_get_runtime                     0x08009ac4   Section        0  usmart.o(i.usmart_get_runtime)
    i.usmart_init                            0x08009b08   Section        0  usmart.o(i.usmart_init)
    i.usmart_pow                             0x08009b30   Section        0  usmart_str.o(i.usmart_pow)
    i.usmart_reset_runtime                   0x08009b48   Section        0  usmart.o(i.usmart_reset_runtime)
    i.usmart_scan                            0x08009b78   Section        0  usmart.o(i.usmart_scan)
    i.usmart_search_nextc                    0x08009c34   Section        0  usmart_str.o(i.usmart_search_nextc)
    i.usmart_str2num                         0x08009c4a   Section        0  usmart_str.o(i.usmart_str2num)
    i.usmart_strcmp                          0x08009d14   Section        0  usmart_str.o(i.usmart_strcmp)
    i.usmart_strcopy                         0x08009d36   Section        0  usmart_str.o(i.usmart_strcopy)
    i.usmart_strlen                          0x08009d4c   Section        0  usmart_str.o(i.usmart_strlen)
    i.usmart_sys_cmd_exe                     0x08009d64   Section        0  usmart.o(i.usmart_sys_cmd_exe)
    i.write_addr                             0x0800a448   Section        0  usmart.o(i.write_addr)
    .constdata                               0x0800a44c   Section       36  main.o(.constdata)
    .constdata                               0x0800a470   Section       36  malloc.o(.constdata)
    .constdata                               0x0800a494   Section     6080  lcd.o(.constdata)
    .constdata                               0x0800bc54   Section      808  ov2640.o(.constdata)
    OV2640_AUTOEXPOSURE_LEVEL                0x0800bf54   Data          40  ov2640.o(.constdata)
    .conststring                             0x0800bf7c   Section      119  main.o(.conststring)
    .conststring                             0x0800bff4   Section       40  usmart.o(.conststring)
    .conststring                             0x0800c01c   Section      295  usmart_config.o(.conststring)
    .conststring                             0x0800c144   Section      206  esp8266.o(.conststring)
    .ARM.__AT_0x10000000                     0x10000000   Section    61440  malloc.o(.ARM.__AT_0x10000000)
    .ARM.__AT_0x1000F000                     0x1000f000   Section     3840  malloc.o(.ARM.__AT_0x1000F000)
    .data                                    0x20000000   Section       96  main.o(.data)
    .data                                    0x20000060   Section        4  delay.o(.data)
    fac_us                                   0x20000060   Data           1  delay.o(.data)
    fac_ms                                   0x20000062   Data           2  delay.o(.data)
    .data                                    0x20000064   Section        6  usart.o(.data)
    .data                                    0x2000006c   Section       36  malloc.o(.data)
    .data                                    0x20000090   Section       28  usmart.o(.data)
    .data                                    0x200000ac   Section      292  usmart_config.o(.data)
    .data                                    0x200001d0   Section       16  stm32f4xx_rcc.o(.data)
    APBAHBPrescTable                         0x200001d0   Data          16  stm32f4xx_rcc.o(.data)
    .data                                    0x200001e0   Section        4  as608.o(.data)
    .data                                    0x200001e4   Section        2  usart2.o(.data)
    .data                                    0x200001e8   Section       16  timer.o(.data)
    .data                                    0x200001f8   Section      120  esp8266.o(.data)
    .data                                    0x20000270   Section        2  usart3.o(.data)
    .data                                    0x20000272   Section        2  w25qxx.o(.data)
    .data                                    0x20000274   Section        4  lcd.o(.data)
    .data                                    0x20000278   Section        1  dcmi.o(.data)
    .bss                                     0x2000027c   Section     7948  main.o(.bss)
    .bss                                     0x20002188   Section      200  usart.o(.bss)
    .bss                                     0x20002260   Section    108800  malloc.o(.bss)
    .bss                                     0x2001cb60   Section      800  usart2.o(.bss)
    .bss                                     0x2001ce80   Section      800  usart3.o(.bss)
    .bss                                     0x2001d1a0   Section       14  lcd.o(.bss)
    .bss                                     0x2001d1ae   Section       14  dcmi.o(.bss)
    STACK                                    0x2001d1c0   Section     1024  startup_stm32f40_41xxx.o(STACK)
    .ARM.__AT_0x68000000                     0x68000000   Section    983040  malloc.o(.ARM.__AT_0x68000000)
    .ARM.__AT_0x680F0000                     0x680f0000   Section    61440  malloc.o(.ARM.__AT_0x680F0000)

    Global Symbols

    Symbol Name                              Value     Ov Type        Size  Object(Section)

    BuildAttributes$$THM_ISAv4$E$P$D$K$B$S$7EM$VFPi3$EXTD16$VFPS$VFMA$PE$A:L22UL41UL21$X:L11$S22US41US21$IEEE1$IW$USESV6$~STKCKD$USESV7$~SHL$OSPACE$ROPI$EBA8$MICROLIB$REQ8$PRES8$EABIv2 0x00000000   Number         0  anon$$obj.o ABSOLUTE
    __ARM_use_no_argv                        0x00000000   Number         0  main.o ABSOLUTE
    __use_no_errno                           0x00000000   Number         0  useno.o ABSOLUTE
    __use_no_exception_handling              0x00000000   Number         0  useno.o ABSOLUTE
    __use_no_fp                              0x00000000   Number         0  useno.o ABSOLUTE
    __use_no_heap                            0x00000000   Number         0  useno.o ABSOLUTE
    __use_no_heap_region                     0x00000000   Number         0  useno.o ABSOLUTE
    __use_no_semihosting                     0x00000000   Number         0  useno.o ABSOLUTE
    __use_no_semihosting_swi                 0x00000000   Number         0  useno.o ABSOLUTE
    __use_no_signal_handling                 0x00000000   Number         0  useno.o ABSOLUTE
    _printf_a                                0x00000000   Number         0  stubs.o ABSOLUTE
    _printf_c                                0x00000000   Number         0  stubs.o ABSOLUTE
    _printf_charcount                        0x00000000   Number         0  stubs.o ABSOLUTE
    _printf_d                                0x00000000   Number         0  stubs.o ABSOLUTE
    _printf_e                                0x00000000   Number         0  stubs.o ABSOLUTE
    _printf_f                                0x00000000   Number         0  stubs.o ABSOLUTE
    _printf_flags                            0x00000000   Number         0  stubs.o ABSOLUTE
    _printf_fp_dec                           0x00000000   Number         0  stubs.o ABSOLUTE
    _printf_fp_hex                           0x00000000   Number         0  stubs.o ABSOLUTE
    _printf_g                                0x00000000   Number         0  stubs.o ABSOLUTE
    _printf_i                                0x00000000   Number         0  stubs.o ABSOLUTE
    _printf_int_dec                          0x00000000   Number         0  stubs.o ABSOLUTE
    _printf_l                                0x00000000   Number         0  stubs.o ABSOLUTE
    _printf_lc                               0x00000000   Number         0  stubs.o ABSOLUTE
    _printf_ll                               0x00000000   Number         0  stubs.o ABSOLUTE
    _printf_lld                              0x00000000   Number         0  stubs.o ABSOLUTE
    _printf_lli                              0x00000000   Number         0  stubs.o ABSOLUTE
    _printf_llo                              0x00000000   Number         0  stubs.o ABSOLUTE
    _printf_llu                              0x00000000   Number         0  stubs.o ABSOLUTE
    _printf_llx                              0x00000000   Number         0  stubs.o ABSOLUTE
    _printf_longlong_dec                     0x00000000   Number         0  stubs.o ABSOLUTE
    _printf_longlong_hex                     0x00000000   Number         0  stubs.o ABSOLUTE
    _printf_longlong_oct                     0x00000000   Number         0  stubs.o ABSOLUTE
    _printf_ls                               0x00000000   Number         0  stubs.o ABSOLUTE
    _printf_mbtowc                           0x00000000   Number         0  stubs.o ABSOLUTE
    _printf_n                                0x00000000   Number         0  stubs.o ABSOLUTE
    _printf_o                                0x00000000   Number         0  stubs.o ABSOLUTE
    _printf_p                                0x00000000   Number         0  stubs.o ABSOLUTE
    _printf_percent                          0x00000000   Number         0  stubs.o ABSOLUTE
    _printf_pre_padding                      0x00000000   Number         0  stubs.o ABSOLUTE
    _printf_return_value                     0x00000000   Number         0  stubs.o ABSOLUTE
    _printf_s                                0x00000000   Number         0  stubs.o ABSOLUTE
    _printf_sizespec                         0x00000000   Number         0  stubs.o ABSOLUTE
    _printf_str                              0x00000000   Number         0  stubs.o ABSOLUTE
    _printf_truncate_signed                  0x00000000   Number         0  stubs.o ABSOLUTE
    _printf_truncate_unsigned                0x00000000   Number         0  stubs.o ABSOLUTE
    _printf_u                                0x00000000   Number         0  stubs.o ABSOLUTE
    _printf_wc                               0x00000000   Number         0  stubs.o ABSOLUTE
    _printf_wctomb                           0x00000000   Number         0  stubs.o ABSOLUTE
    _printf_widthprec                        0x00000000   Number         0  stubs.o ABSOLUTE
    _printf_x                                0x00000000   Number         0  stubs.o ABSOLUTE
    __cpp_initialize__aeabi_                  - Undefined Weak Reference
    __cxa_finalize                            - Undefined Weak Reference
    _clock_init                               - Undefined Weak Reference
    _microlib_exit                            - Undefined Weak Reference
    __Vectors_Size                           0x00000188   Number         0  startup_stm32f40_41xxx.o ABSOLUTE
    __Vectors                                0x08000000   Data           4  startup_stm32f40_41xxx.o(RESET)
    __Vectors_End                            0x08000188   Data           0  startup_stm32f40_41xxx.o(RESET)
    __main                                   0x08000189   Thumb Code     0  entry.o(.ARM.Collect$$$$00000000)
    _main_stk                                0x08000189   Thumb Code     0  entry2.o(.ARM.Collect$$$$00000001)
    _main_scatterload                        0x0800018d   Thumb Code     0  entry5.o(.ARM.Collect$$$$00000004)
    __main_after_scatterload                 0x08000191   Thumb Code     0  entry5.o(.ARM.Collect$$$$00000004)
    _main_clock                              0x08000191   Thumb Code     0  entry7b.o(.ARM.Collect$$$$00000008)
    _main_cpp_init                           0x08000191   Thumb Code     0  entry8b.o(.ARM.Collect$$$$0000000A)
    _main_init                               0x08000191   Thumb Code     0  entry9a.o(.ARM.Collect$$$$0000000B)
    __rt_final_cpp                           0x08000199   Thumb Code     0  entry10a.o(.ARM.Collect$$$$0000000D)
    __rt_final_exit                          0x08000199   Thumb Code     0  entry11a.o(.ARM.Collect$$$$0000000F)
    Reset_Handler                            0x0800019d   Thumb Code     8  startup_stm32f40_41xxx.o(.text)
    ADC_IRQHandler                           0x080001b7   Thumb Code     0  startup_stm32f40_41xxx.o(.text)
    CAN1_RX0_IRQHandler                      0x080001b7   Thumb Code     0  startup_stm32f40_41xxx.o(.text)
    CAN1_RX1_IRQHandler                      0x080001b7   Thumb Code     0  startup_stm32f40_41xxx.o(.text)
    CAN1_SCE_IRQHandler                      0x080001b7   Thumb Code     0  startup_stm32f40_41xxx.o(.text)
    CAN1_TX_IRQHandler                       0x080001b7   Thumb Code     0  startup_stm32f40_41xxx.o(.text)
    CAN2_RX0_IRQHandler                      0x080001b7   Thumb Code     0  startup_stm32f40_41xxx.o(.text)
    CAN2_RX1_IRQHandler                      0x080001b7   Thumb Code     0  startup_stm32f40_41xxx.o(.text)
    CAN2_SCE_IRQHandler                      0x080001b7   Thumb Code     0  startup_stm32f40_41xxx.o(.text)
    CAN2_TX_IRQHandler                       0x080001b7   Thumb Code     0  startup_stm32f40_41xxx.o(.text)
    CRYP_IRQHandler                          0x080001b7   Thumb Code     0  startup_stm32f40_41xxx.o(.text)
    DMA1_Stream0_IRQHandler                  0x080001b7   Thumb Code     0  startup_stm32f40_41xxx.o(.text)
    DMA1_Stream1_IRQHandler                  0x080001b7   Thumb Code     0  startup_stm32f40_41xxx.o(.text)
    DMA1_Stream2_IRQHandler                  0x080001b7   Thumb Code     0  startup_stm32f40_41xxx.o(.text)
    DMA1_Stream3_IRQHandler                  0x080001b7   Thumb Code     0  startup_stm32f40_41xxx.o(.text)
    DMA1_Stream4_IRQHandler                  0x080001b7   Thumb Code     0  startup_stm32f40_41xxx.o(.text)
    DMA1_Stream5_IRQHandler                  0x080001b7   Thumb Code     0  startup_stm32f40_41xxx.o(.text)
    DMA1_Stream6_IRQHandler                  0x080001b7   Thumb Code     0  startup_stm32f40_41xxx.o(.text)
    DMA1_Stream7_IRQHandler                  0x080001b7   Thumb Code     0  startup_stm32f40_41xxx.o(.text)
    DMA2_Stream0_IRQHandler                  0x080001b7   Thumb Code     0  startup_stm32f40_41xxx.o(.text)
    DMA2_Stream1_IRQHandler                  0x080001b7   Thumb Code     0  startup_stm32f40_41xxx.o(.text)
    DMA2_Stream2_IRQHandler                  0x080001b7   Thumb Code     0  startup_stm32f40_41xxx.o(.text)
    DMA2_Stream3_IRQHandler                  0x080001b7   Thumb Code     0  startup_stm32f40_41xxx.o(.text)
    DMA2_Stream4_IRQHandler                  0x080001b7   Thumb Code     0  startup_stm32f40_41xxx.o(.text)
    DMA2_Stream5_IRQHandler                  0x080001b7   Thumb Code     0  startup_stm32f40_41xxx.o(.text)
    DMA2_Stream6_IRQHandler                  0x080001b7   Thumb Code     0  startup_stm32f40_41xxx.o(.text)
    DMA2_Stream7_IRQHandler                  0x080001b7   Thumb Code     0  startup_stm32f40_41xxx.o(.text)
    ETH_IRQHandler                           0x080001b7   Thumb Code     0  startup_stm32f40_41xxx.o(.text)
    ETH_WKUP_IRQHandler                      0x080001b7   Thumb Code     0  startup_stm32f40_41xxx.o(.text)
    EXTI15_10_IRQHandler                     0x080001b7   Thumb Code     0  startup_stm32f40_41xxx.o(.text)
    EXTI1_IRQHandler                         0x080001b7   Thumb Code     0  startup_stm32f40_41xxx.o(.text)
    FLASH_IRQHandler                         0x080001b7   Thumb Code     0  startup_stm32f40_41xxx.o(.text)
    FPU_IRQHandler                           0x080001b7   Thumb Code     0  startup_stm32f40_41xxx.o(.text)
    FSMC_IRQHandler                          0x080001b7   Thumb Code     0  startup_stm32f40_41xxx.o(.text)
    HASH_RNG_IRQHandler                      0x080001b7   Thumb Code     0  startup_stm32f40_41xxx.o(.text)
    I2C1_ER_IRQHandler                       0x080001b7   Thumb Code     0  startup_stm32f40_41xxx.o(.text)
    I2C1_EV_IRQHandler                       0x080001b7   Thumb Code     0  startup_stm32f40_41xxx.o(.text)
    I2C2_ER_IRQHandler                       0x080001b7   Thumb Code     0  startup_stm32f40_41xxx.o(.text)
    I2C2_EV_IRQHandler                       0x080001b7   Thumb Code     0  startup_stm32f40_41xxx.o(.text)
    I2C3_ER_IRQHandler                       0x080001b7   Thumb Code     0  startup_stm32f40_41xxx.o(.text)
    I2C3_EV_IRQHandler                       0x080001b7   Thumb Code     0  startup_stm32f40_41xxx.o(.text)
    OTG_FS_IRQHandler                        0x080001b7   Thumb Code     0  startup_stm32f40_41xxx.o(.text)
    OTG_FS_WKUP_IRQHandler                   0x080001b7   Thumb Code     0  startup_stm32f40_41xxx.o(.text)
    OTG_HS_EP1_IN_IRQHandler                 0x080001b7   Thumb Code     0  startup_stm32f40_41xxx.o(.text)
    OTG_HS_EP1_OUT_IRQHandler                0x080001b7   Thumb Code     0  startup_stm32f40_41xxx.o(.text)
    OTG_HS_IRQHandler                        0x080001b7   Thumb Code     0  startup_stm32f40_41xxx.o(.text)
    OTG_HS_WKUP_IRQHandler                   0x080001b7   Thumb Code     0  startup_stm32f40_41xxx.o(.text)
    PVD_IRQHandler                           0x080001b7   Thumb Code     0  startup_stm32f40_41xxx.o(.text)
    RCC_IRQHandler                           0x080001b7   Thumb Code     0  startup_stm32f40_41xxx.o(.text)
    RTC_Alarm_IRQHandler                     0x080001b7   Thumb Code     0  startup_stm32f40_41xxx.o(.text)
    RTC_WKUP_IRQHandler                      0x080001b7   Thumb Code     0  startup_stm32f40_41xxx.o(.text)
    SDIO_IRQHandler                          0x080001b7   Thumb Code     0  startup_stm32f40_41xxx.o(.text)
    SPI1_IRQHandler                          0x080001b7   Thumb Code     0  startup_stm32f40_41xxx.o(.text)
    SPI2_IRQHandler                          0x080001b7   Thumb Code     0  startup_stm32f40_41xxx.o(.text)
    SPI3_IRQHandler                          0x080001b7   Thumb Code     0  startup_stm32f40_41xxx.o(.text)
    TAMP_STAMP_IRQHandler                    0x080001b7   Thumb Code     0  startup_stm32f40_41xxx.o(.text)
    TIM1_BRK_TIM9_IRQHandler                 0x080001b7   Thumb Code     0  startup_stm32f40_41xxx.o(.text)
    TIM1_CC_IRQHandler                       0x080001b7   Thumb Code     0  startup_stm32f40_41xxx.o(.text)
    TIM1_TRG_COM_TIM11_IRQHandler            0x080001b7   Thumb Code     0  startup_stm32f40_41xxx.o(.text)
    TIM1_UP_TIM10_IRQHandler                 0x080001b7   Thumb Code     0  startup_stm32f40_41xxx.o(.text)
    TIM6_DAC_IRQHandler                      0x080001b7   Thumb Code     0  startup_stm32f40_41xxx.o(.text)
    TIM8_BRK_TIM12_IRQHandler                0x080001b7   Thumb Code     0  startup_stm32f40_41xxx.o(.text)
    TIM8_CC_IRQHandler                       0x080001b7   Thumb Code     0  startup_stm32f40_41xxx.o(.text)
    TIM8_TRG_COM_TIM14_IRQHandler            0x080001b7   Thumb Code     0  startup_stm32f40_41xxx.o(.text)
    TIM8_UP_TIM13_IRQHandler                 0x080001b7   Thumb Code     0  startup_stm32f40_41xxx.o(.text)
    UART4_IRQHandler                         0x080001b7   Thumb Code     0  startup_stm32f40_41xxx.o(.text)
    UART5_IRQHandler                         0x080001b7   Thumb Code     0  startup_stm32f40_41xxx.o(.text)
    USART6_IRQHandler                        0x080001b7   Thumb Code     0  startup_stm32f40_41xxx.o(.text)
    WWDG_IRQHandler                          0x080001b7   Thumb Code     0  startup_stm32f40_41xxx.o(.text)
    strstr                                   0x080001c1   Thumb Code    36  strstr.o(.text)
    strlen                                   0x080001e5   Thumb Code    14  strlen.o(.text)
    __aeabi_dmul                             0x080001f3   Thumb Code   228  dmul.o(.text)
    __aeabi_ui2d                             0x080002d7   Thumb Code    26  dfltui.o(.text)
    __aeabi_d2uiz                            0x080002f1   Thumb Code    50  dfixui.o(.text)
    __aeabi_uidiv                            0x08000323   Thumb Code     0  uidiv.o(.text)
    __aeabi_uidivmod                         0x08000323   Thumb Code    44  uidiv.o(.text)
    __aeabi_uldivmod                         0x0800034f   Thumb Code    98  uldiv.o(.text)
    __aeabi_llsr                             0x080003b1   Thumb Code    32  llushr.o(.text)
    _ll_ushift_r                             0x080003b1   Thumb Code     0  llushr.o(.text)
    __I$use$fp                               0x080003d1   Thumb Code     0  iusefp.o(.text)
    _double_round                            0x080003d1   Thumb Code    30  depilogue.o(.text)
    _double_epilogue                         0x080003ef   Thumb Code   156  depilogue.o(.text)
    __aeabi_dadd                             0x0800048b   Thumb Code   322  dadd.o(.text)
    __aeabi_dsub                             0x080005cd   Thumb Code     6  dadd.o(.text)
    __aeabi_drsub                            0x080005d3   Thumb Code     6  dadd.o(.text)
    __aeabi_ddiv                             0x080005d9   Thumb Code   222  ddiv.o(.text)
    __aeabi_d2ulz                            0x080006b7   Thumb Code    48  dfixul.o(.text)
    __aeabi_cdrcmple                         0x080006e9   Thumb Code    48  cdrcmple.o(.text)
    __scatterload                            0x08000719   Thumb Code    28  init.o(.text)
    __scatterload_rt2                        0x08000719   Thumb Code     0  init.o(.text)
    __aeabi_llsl                             0x0800073d   Thumb Code    30  llshl.o(.text)
    _ll_shift_l                              0x0800073d   Thumb Code     0  llshl.o(.text)
    __aeabi_lasr                             0x0800075b   Thumb Code    36  llsshr.o(.text)
    _ll_sshift_r                             0x0800075b   Thumb Code     0  llsshr.o(.text)
    __decompress                             0x0800077f   Thumb Code     0  __dczerorl2.o(.text)
    __decompress1                            0x0800077f   Thumb Code    86  __dczerorl2.o(.text)
    Add_FR                                   0x080007d5   Thumb Code   680  main.o(i.Add_FR)
    BusFault_Handler                         0x08000b71   Thumb Code     4  stm32f4xx_it.o(i.BusFault_Handler)
    DCMI_CaptureCmd                          0x08000b75   Thumb Code    30  stm32f4xx_dcmi.o(i.DCMI_CaptureCmd)
    DCMI_ClearITPendingBit                   0x08000b99   Thumb Code     6  stm32f4xx_dcmi.o(i.DCMI_ClearITPendingBit)
    DCMI_Cmd                                 0x08000ba5   Thumb Code    30  stm32f4xx_dcmi.o(i.DCMI_Cmd)
    DCMI_DMA_Init                            0x08000bc9   Thumb Code   102  dcmi.o(i.DCMI_DMA_Init)
    DCMI_DeInit                              0x08000c39   Thumb Code    24  stm32f4xx_dcmi.o(i.DCMI_DeInit)
    DCMI_GetITStatus                         0x08000c55   Thumb Code    24  stm32f4xx_dcmi.o(i.DCMI_GetITStatus)
    DCMI_IRQHandler                          0x08000c71   Thumb Code    50  dcmi.o(i.DCMI_IRQHandler)
    DCMI_ITConfig                            0x08000cad   Thumb Code    30  stm32f4xx_dcmi.o(i.DCMI_ITConfig)
    DCMI_Init                                0x08000cd1   Thumb Code    60  stm32f4xx_dcmi.o(i.DCMI_Init)
    DCMI_Start                               0x08000d11   Thumb Code    30  dcmi.o(i.DCMI_Start)
    DMA_Cmd                                  0x08000d35   Thumb Code    22  stm32f4xx_dma.o(i.DMA_Cmd)
    DMA_DeInit                               0x08000d4d   Thumb Code   324  stm32f4xx_dma.o(i.DMA_DeInit)
    DMA_GetCmdStatus                         0x08000ea5   Thumb Code    20  stm32f4xx_dma.o(i.DMA_GetCmdStatus)
    DMA_GetCurrDataCounter                   0x08000eb9   Thumb Code     8  stm32f4xx_dma.o(i.DMA_GetCurrDataCounter)
    DMA_Init                                 0x08000ec1   Thumb Code    82  stm32f4xx_dma.o(i.DMA_Init)
    DMA_SetCurrDataCounter                   0x08000f19   Thumb Code     4  stm32f4xx_dma.o(i.DMA_SetCurrDataCounter)
    DebugMon_Handler                         0x08000f1d   Thumb Code     2  stm32f4xx_it.o(i.DebugMon_Handler)
    EXTI0_IRQHandler                         0x08000f21   Thumb Code    44  exti.o(i.EXTI0_IRQHandler)
    EXTI2_IRQHandler                         0x08000f55   Thumb Code    10  exti.o(i.EXTI2_IRQHandler)
    EXTI3_IRQHandler                         0x08000f5f   Thumb Code    10  exti.o(i.EXTI3_IRQHandler)
    EXTI4_IRQHandler                         0x08000f69   Thumb Code    24  exti.o(i.EXTI4_IRQHandler)
    EXTI9_5_IRQHandler                       0x08000f85   Thumb Code    20  exti.o(i.EXTI9_5_IRQHandler)
    EXTIX_Init                               0x08000f99   Thumb Code    12  exti.o(i.EXTIX_Init)
    EXTI_ClearITPendingBit                   0x08000fa5   Thumb Code     6  stm32f4xx_exti.o(i.EXTI_ClearITPendingBit)
    EXTI_GetITStatus                         0x08000fb1   Thumb Code    20  stm32f4xx_exti.o(i.EXTI_GetITStatus)
    EnsureMessage                            0x08000fc9   Thumb Code   140  as608.o(i.EnsureMessage)
    FSMC_NORSRAMCmd                          0x08001239   Thumb Code    46  stm32f4xx_fsmc.o(i.FSMC_NORSRAMCmd)
    FSMC_NORSRAMInit                         0x0800126d   Thumb Code   230  stm32f4xx_fsmc.o(i.FSMC_NORSRAMInit)
    GPIO_Init                                0x08001353   Thumb Code   144  stm32f4xx_gpio.o(i.GPIO_Init)
    GPIO_PinAFConfig                         0x080013e3   Thumb Code    70  stm32f4xx_gpio.o(i.GPIO_PinAFConfig)
    GPIO_ReadInputDataBit                    0x08001429   Thumb Code    18  stm32f4xx_gpio.o(i.GPIO_ReadInputDataBit)
    GPIO_SetBits                             0x0800143b   Thumb Code     4  stm32f4xx_gpio.o(i.GPIO_SetBits)
    HardFault_Handler                        0x0800143f   Thumb Code     4  stm32f4xx_it.o(i.HardFault_Handler)
    KEY_Init                                 0x080014cd   Thumb Code    60  key.o(i.KEY_Init)
    KeyBoardIni                              0x08001511   Thumb Code    64  main.o(i.KeyBoardIni)
    KeyBoardScan                             0x08001555   Thumb Code   430  main.o(i.KeyBoardScan)
    LCD_Clear                                0x08001709   Thumb Code   100  lcd.o(i.LCD_Clear)
    LCD_Display_Dir                          0x08001775   Thumb Code   444  lcd.o(i.LCD_Display_Dir)
    LCD_Fast_DrawPoint                       0x08001935   Thumb Code   374  lcd.o(i.LCD_Fast_DrawPoint)
    LCD_Fill                                 0x08001ab5   Thumb Code   180  lcd.o(i.LCD_Fill)
    LCD_Init                                 0x08001b6d   Thumb Code 14696  lcd.o(i.LCD_Init)
    LCD_Pow                                  0x080054dd   Thumb Code    22  lcd.o(i.LCD_Pow)
    LCD_RD_DATA                              0x080054f5   Thumb Code    14  lcd.o(i.LCD_RD_DATA)
    LCD_ReadReg                              0x08005509   Thumb Code    22  lcd.o(i.LCD_ReadReg)
    LCD_SSD_BackLightSet                     0x08005521   Thumb Code    88  lcd.o(i.LCD_SSD_BackLightSet)
    LCD_Scan_Dir                             0x08005581   Thumb Code   744  lcd.o(i.LCD_Scan_Dir)
    LCD_SetCursor                            0x0800586d   Thumb Code   418  lcd.o(i.LCD_SetCursor)
    LCD_ShowChar                             0x08005a15   Thumb Code   272  lcd.o(i.LCD_ShowChar)
    LCD_ShowNum                              0x08005b3d   Thumb Code   148  lcd.o(i.LCD_ShowNum)
    LCD_ShowString                           0x08005bd1   Thumb Code   102  lcd.o(i.LCD_ShowString)
    LCD_WR_DATA                              0x08005c39   Thumb Code    18  lcd.o(i.LCD_WR_DATA)
    LCD_WR_REG                               0x08005c51   Thumb Code    18  lcd.o(i.LCD_WR_REG)
    LCD_WriteRAM_Prepare                     0x08005c69   Thumb Code    10  lcd.o(i.LCD_WriteRAM_Prepare)
    LCD_WriteReg                             0x08005c7d   Thumb Code    14  lcd.o(i.LCD_WriteReg)
    LED_Init                                 0x08005c91   Thumb Code    60  led.o(i.LED_Init)
    MemManage_Handler                        0x08005ced   Thumb Code     4  stm32f4xx_it.o(i.MemManage_Handler)
    My_DCMI_Init                             0x08005cf1   Thumb Code   278  dcmi.o(i.My_DCMI_Init)
    NMI_Handler                              0x08005e1d   Thumb Code     2  stm32f4xx_it.o(i.NMI_Handler)
    NVIC_Init                                0x08005e21   Thumb Code   106  misc.o(i.NVIC_Init)
    NVIC_PriorityGroupConfig                 0x08005e99   Thumb Code    10  misc.o(i.NVIC_PriorityGroupConfig)
    OV2640_Init                              0x08005ead   Thumb Code   232  ov2640.o(i.OV2640_Init)
    OV2640_JPEG_Mode                         0x08005fbd   Thumb Code    66  ov2640.o(i.OV2640_JPEG_Mode)
    OV2640_OutSize_Set                       0x08006009   Thumb Code   136  ov2640.o(i.OV2640_OutSize_Set)
    PS_GenChar                               0x08006091   Thumb Code    70  as608.o(i.PS_GenChar)
    PS_GetImage                              0x080060d7   Thumb Code    58  as608.o(i.PS_GetImage)
    PS_HandShake                             0x08006111   Thumb Code   118  as608.o(i.PS_HandShake)
    PS_HighSpeedSearch                       0x08006191   Thumb Code   144  as608.o(i.PS_HighSpeedSearch)
    PS_Match                                 0x08006221   Thumb Code    58  as608.o(i.PS_Match)
    PS_ReadSysPara                           0x0800625d   Thumb Code   168  as608.o(i.PS_ReadSysPara)
    PS_RegModel                              0x0800634d   Thumb Code    58  as608.o(i.PS_RegModel)
    PS_SetAddr                               0x08006389   Thumb Code   146  as608.o(i.PS_SetAddr)
    PS_StaGPIO_Init                          0x0800643d   Thumb Code    36  as608.o(i.PS_StaGPIO_Init)
    PS_StoreChar                             0x08006465   Thumb Code    96  as608.o(i.PS_StoreChar)
    PS_ValidTempleteNum                      0x080064c5   Thumb Code   108  as608.o(i.PS_ValidTempleteNum)
    PS_WriteReg                              0x0800654d   Thumb Code   108  as608.o(i.PS_WriteReg)
    PendSV_Handler                           0x080065d5   Thumb Code     2  stm32f4xx_it.o(i.PendSV_Handler)
    RCC_AHB1PeriphClockCmd                   0x080065d9   Thumb Code    26  stm32f4xx_rcc.o(i.RCC_AHB1PeriphClockCmd)
    RCC_AHB2PeriphClockCmd                   0x080065f9   Thumb Code    26  stm32f4xx_rcc.o(i.RCC_AHB2PeriphClockCmd)
    RCC_AHB3PeriphClockCmd                   0x08006619   Thumb Code    26  stm32f4xx_rcc.o(i.RCC_AHB3PeriphClockCmd)
    RCC_APB1PeriphClockCmd                   0x08006639   Thumb Code    26  stm32f4xx_rcc.o(i.RCC_APB1PeriphClockCmd)
    RCC_APB1PeriphResetCmd                   0x08006659   Thumb Code    26  stm32f4xx_rcc.o(i.RCC_APB1PeriphResetCmd)
    RCC_APB2PeriphClockCmd                   0x08006679   Thumb Code    26  stm32f4xx_rcc.o(i.RCC_APB2PeriphClockCmd)
    RCC_APB2PeriphResetCmd                   0x08006699   Thumb Code    26  stm32f4xx_rcc.o(i.RCC_APB2PeriphResetCmd)
    RCC_GetClocksFreq                        0x080066b9   Thumb Code   214  stm32f4xx_rcc.o(i.RCC_GetClocksFreq)
    SCCB_Init                                0x080067a1   Thumb Code    78  sccb.o(i.SCCB_Init)
    SCCB_No_Ack                              0x080067f5   Thumb Code    56  sccb.o(i.SCCB_No_Ack)
    SCCB_RD_Byte                             0x08006835   Thumb Code   100  sccb.o(i.SCCB_RD_Byte)
    SCCB_RD_Reg                              0x080068a5   Thumb Code    78  sccb.o(i.SCCB_RD_Reg)
    SCCB_Start                               0x080068f5   Thumb Code    42  sccb.o(i.SCCB_Start)
    SCCB_Stop                                0x08006929   Thumb Code    42  sccb.o(i.SCCB_Stop)
    SCCB_WR_Byte                             0x0800695d   Thumb Code   154  sccb.o(i.SCCB_WR_Byte)
    SCCB_WR_Reg                              0x08006a05   Thumb Code    62  sccb.o(i.SCCB_WR_Reg)
    SPI1_Init                                0x08006a45   Thumb Code   178  spi.o(i.SPI1_Init)
    SPI1_ReadWriteByte                       0x08006b01   Thumb Code    50  spi.o(i.SPI1_ReadWriteByte)
    SPI1_SetSpeed                            0x08006b39   Thumb Code    36  spi.o(i.SPI1_SetSpeed)
    SPI_Cmd                                  0x08006b61   Thumb Code    24  stm32f4xx_spi.o(i.SPI_Cmd)
    SPI_I2S_GetFlagStatus                    0x08006b79   Thumb Code    18  stm32f4xx_spi.o(i.SPI_I2S_GetFlagStatus)
    SPI_I2S_ReceiveData                      0x08006b8b   Thumb Code     6  stm32f4xx_spi.o(i.SPI_I2S_ReceiveData)
    SPI_I2S_SendData                         0x08006b91   Thumb Code     4  stm32f4xx_spi.o(i.SPI_I2S_SendData)
    SPI_Init                                 0x08006b95   Thumb Code    60  stm32f4xx_spi.o(i.SPI_Init)
    SVC_Handler                              0x08006bd1   Thumb Code     2  stm32f4xx_it.o(i.SVC_Handler)
    ShowErrMessage                           0x08006d45   Thumb Code    32  main.o(i.ShowErrMessage)
    SysTick_CLKSourceConfig                  0x08006d65   Thumb Code    40  misc.o(i.SysTick_CLKSourceConfig)
    SysTick_Handler                          0x08006d8d   Thumb Code     2  stm32f4xx_it.o(i.SysTick_Handler)
    SystemInit                               0x08006d91   Thumb Code    88  system_stm32f4xx.o(i.SystemInit)
    TIM14_PWM_Init                           0x08006df9   Thumb Code   152  timer.o(i.TIM14_PWM_Init)
    TIM2_IRQHandler                          0x08006e99   Thumb Code   382  timer.o(i.TIM2_IRQHandler)
    TIM2_Int_Init                            0x08007029   Thumb Code    90  timer.o(i.TIM2_Int_Init)
    TIM3_IRQHandler                          0x08007085   Thumb Code    22  timer.o(i.TIM3_IRQHandler)
    TIM4_IRQHandler                          0x080070a1   Thumb Code    46  usmart.o(i.TIM4_IRQHandler)
    TIM5_IRQHandler                          0x080070d9   Thumb Code   178  timer.o(i.TIM5_IRQHandler)
    TIM6_Int_Init                            0x08007199   Thumb Code    88  timer.o(i.TIM6_Int_Init)
    TIM7_IRQHandler                          0x080071f5   Thumb Code    42  timer.o(i.TIM7_IRQHandler)
    TIM7_Int_Init                            0x08007229   Thumb Code    76  timer.o(i.TIM7_Int_Init)
    TIM_ARRPreloadConfig                     0x08007279   Thumb Code    24  stm32f4xx_tim.o(i.TIM_ARRPreloadConfig)
    TIM_ClearFlag                            0x08007291   Thumb Code     6  stm32f4xx_tim.o(i.TIM_ClearFlag)
    TIM_ClearITPendingBit                    0x08007297   Thumb Code     6  stm32f4xx_tim.o(i.TIM_ClearITPendingBit)
    TIM_Cmd                                  0x0800729d   Thumb Code    24  stm32f4xx_tim.o(i.TIM_Cmd)
    TIM_GetCapture1                          0x080072b5   Thumb Code     6  stm32f4xx_tim.o(i.TIM_GetCapture1)
    TIM_GetCounter                           0x080072bb   Thumb Code     6  stm32f4xx_tim.o(i.TIM_GetCounter)
    TIM_GetFlagStatus                        0x080072c1   Thumb Code    18  stm32f4xx_tim.o(i.TIM_GetFlagStatus)
    TIM_GetITStatus                          0x080072d3   Thumb Code    34  stm32f4xx_tim.o(i.TIM_GetITStatus)
    TIM_ITConfig                             0x080072f5   Thumb Code    18  stm32f4xx_tim.o(i.TIM_ITConfig)
    TIM_OC1Init                              0x08007309   Thumb Code   114  stm32f4xx_tim.o(i.TIM_OC1Init)
    TIM_OC1PolarityConfig                    0x08007385   Thumb Code    18  stm32f4xx_tim.o(i.TIM_OC1PolarityConfig)
    TIM_OC1PreloadConfig                     0x08007397   Thumb Code    18  stm32f4xx_tim.o(i.TIM_OC1PreloadConfig)
    TIM_SetAutoreload                        0x080073a9   Thumb Code     4  stm32f4xx_tim.o(i.TIM_SetAutoreload)
    TIM_SetCounter                           0x080073ad   Thumb Code     4  stm32f4xx_tim.o(i.TIM_SetCounter)
    TIM_TimeBaseInit                         0x080073b1   Thumb Code   104  stm32f4xx_tim.o(i.TIM_TimeBaseInit)
    Timer4_Init                              0x08007435   Thumb Code    88  usmart.o(i.Timer4_Init)
    USART1_IRQHandler                        0x08007491   Thumb Code   122  usart.o(i.USART1_IRQHandler)
    USART2_IRQHandler                        0x08007519   Thumb Code    96  usart2.o(i.USART2_IRQHandler)
    USART3_IRQHandler                        0x08007589   Thumb Code   116  usart3.o(i.USART3_IRQHandler)
    USART_Cmd                                0x0800760d   Thumb Code    24  stm32f4xx_usart.o(i.USART_Cmd)
    USART_DeInit                             0x08007625   Thumb Code   206  stm32f4xx_usart.o(i.USART_DeInit)
    USART_GetFlagStatus                      0x08007715   Thumb Code    26  stm32f4xx_usart.o(i.USART_GetFlagStatus)
    USART_GetITStatus                        0x0800772f   Thumb Code    84  stm32f4xx_usart.o(i.USART_GetITStatus)
    USART_ITConfig                           0x08007783   Thumb Code    74  stm32f4xx_usart.o(i.USART_ITConfig)
    USART_Init                               0x080077cd   Thumb Code   204  stm32f4xx_usart.o(i.USART_Init)
    USART_ReceiveData                        0x080078a1   Thumb Code    10  stm32f4xx_usart.o(i.USART_ReceiveData)
    USART_SendData                           0x080078ab   Thumb Code     8  stm32f4xx_usart.o(i.USART_SendData)
    UsageFault_Handler                       0x080078b3   Thumb Code     4  stm32f4xx_it.o(i.UsageFault_Handler)
    W25QXX_Init                              0x080078b9   Thumb Code    86  w25qxx.o(i.W25QXX_Init)
    W25QXX_ReadID                            0x08007921   Thumb Code    64  w25qxx.o(i.W25QXX_ReadID)
    __0printf                                0x08007969   Thumb Code    22  printfa.o(i.__0printf)
    __1printf                                0x08007969   Thumb Code     0  printfa.o(i.__0printf)
    __2printf                                0x08007969   Thumb Code     0  printfa.o(i.__0printf)
    __c89printf                              0x08007969   Thumb Code     0  printfa.o(i.__0printf)
    printf                                   0x08007969   Thumb Code     0  printfa.o(i.__0printf)
    __0sprintf                               0x08007989   Thumb Code    34  printfa.o(i.__0sprintf)
    __1sprintf                               0x08007989   Thumb Code     0  printfa.o(i.__0sprintf)
    __2sprintf                               0x08007989   Thumb Code     0  printfa.o(i.__0sprintf)
    __c89sprintf                             0x08007989   Thumb Code     0  printfa.o(i.__0sprintf)
    sprintf                                  0x08007989   Thumb Code     0  printfa.o(i.__0sprintf)
    __0vsprintf                              0x080079b1   Thumb Code    30  printfa.o(i.__0vsprintf)
    __1vsprintf                              0x080079b1   Thumb Code     0  printfa.o(i.__0vsprintf)
    __2vsprintf                              0x080079b1   Thumb Code     0  printfa.o(i.__0vsprintf)
    __c89vsprintf                            0x080079b1   Thumb Code     0  printfa.o(i.__0vsprintf)
    vsprintf                                 0x080079b1   Thumb Code     0  printfa.o(i.__0vsprintf)
    __scatterload_copy                       0x080079d5   Thumb Code    14  handlers.o(i.__scatterload_copy)
    __scatterload_null                       0x080079e3   Thumb Code     2  handlers.o(i.__scatterload_null)
    __scatterload_zeroinit                   0x080079e5   Thumb Code    14  handlers.o(i.__scatterload_zeroinit)
    atk_8266_check_cmd                       0x08008291   Thumb Code    44  esp8266.o(i.atk_8266_check_cmd)
    atk_8266_send_cmd                        0x080082c5   Thumb Code    92  esp8266.o(i.atk_8266_send_cmd)
    delay_init                               0x08008339   Thumb Code    52  delay.o(i.delay_init)
    delay_ms                                 0x08008375   Thumb Code    56  delay.o(i.delay_ms)
    delay_us                                 0x080083ad   Thumb Code    72  delay.o(i.delay_us)
    delay_xms                                0x080083f9   Thumb Code    72  delay.o(i.delay_xms)
    fputc                                    0x08008445   Thumb Code    22  usart.o(i.fputc)
    jpeg_data_process                        0x08008461   Thumb Code    96  main.o(i.jpeg_data_process)
    main                                     0x080084d1   Thumb Code  1716  main.o(i.main)
    my_mem_free                              0x08008bc1   Thumb Code    96  malloc.o(i.my_mem_free)
    my_mem_init                              0x08008c2d   Thumb Code    54  malloc.o(i.my_mem_init)
    my_mem_malloc                            0x08008c71   Thumb Code   156  malloc.o(i.my_mem_malloc)
    my_mem_perused                           0x08008d19   Thumb Code    54  malloc.o(i.my_mem_perused)
    myfree                                   0x08008d59   Thumb Code    30  malloc.o(i.myfree)
    mymalloc                                 0x08008d7d   Thumb Code    34  malloc.o(i.mymalloc)
    mymemset                                 0x08008da5   Thumb Code    20  malloc.o(i.mymemset)
    press_FR                                 0x08008db9   Thumb Code   538  main.o(i.press_FR)
    read_addr                                0x080090b1   Thumb Code     6  usmart.o(i.read_addr)
    u3_printf                                0x080090b9   Thumb Code    72  usart3.o(i.u3_printf)
    uart_init                                0x08009109   Thumb Code   166  usart.o(i.uart_init)
    usart2_init                              0x080091b9   Thumb Code   188  usart2.o(i.usart2_init)
    usart3_init                              0x08009285   Thumb Code   190  usart3.o(i.usart3_init)
    usmart_cmd_rec                           0x08009355   Thumb Code   170  usmart.o(i.usmart_cmd_rec)
    usmart_exe                               0x08009405   Thumb Code   632  usmart.o(i.usmart_exe)
    usmart_get_aparm                         0x080096d9   Thumb Code   200  usmart_str.o(i.usmart_get_aparm)
    usmart_get_cmdname                       0x080097a1   Thumb Code    54  usmart_str.o(i.usmart_get_cmdname)
    usmart_get_fname                         0x080097d9   Thumb Code   440  usmart_str.o(i.usmart_get_fname)
    usmart_get_fparam                        0x08009999   Thumb Code   262  usmart_str.o(i.usmart_get_fparam)
    usmart_get_parmpos                       0x08009aa5   Thumb Code    26  usmart_str.o(i.usmart_get_parmpos)
    usmart_get_runtime                       0x08009ac5   Thumb Code    60  usmart.o(i.usmart_get_runtime)
    usmart_init                              0x08009b09   Thumb Code    36  usmart.o(i.usmart_init)
    usmart_pow                               0x08009b31   Thumb Code    22  usmart_str.o(i.usmart_pow)
    usmart_reset_runtime                     0x08009b49   Thumb Code    38  usmart.o(i.usmart_reset_runtime)
    usmart_scan                              0x08009b79   Thumb Code   120  usmart.o(i.usmart_scan)
    usmart_search_nextc                      0x08009c35   Thumb Code    22  usmart_str.o(i.usmart_search_nextc)
    usmart_str2num                           0x08009c4b   Thumb Code   202  usmart_str.o(i.usmart_str2num)
    usmart_strcmp                            0x08009d15   Thumb Code    34  usmart_str.o(i.usmart_strcmp)
    usmart_strcopy                           0x08009d37   Thumb Code    22  usmart_str.o(i.usmart_strcopy)
    usmart_strlen                            0x08009d4d   Thumb Code    24  usmart_str.o(i.usmart_strlen)
    usmart_sys_cmd_exe                       0x08009d65   Thumb Code  1554  usmart.o(i.usmart_sys_cmd_exe)
    write_addr                               0x0800a449   Thumb Code     4  usmart.o(i.write_addr)
    jpeg_img_size_tbl                        0x0800a44c   Data          36  main.o(.constdata)
    memtblsize                               0x0800a470   Data          12  malloc.o(.constdata)
    memblksize                               0x0800a47c   Data          12  malloc.o(.constdata)
    memsize                                  0x0800a488   Data          12  malloc.o(.constdata)
    asc2_1206                                0x0800a494   Data        1140  lcd.o(.constdata)
    asc2_1608                                0x0800a908   Data        1520  lcd.o(.constdata)
    asc2_2412                                0x0800aef8   Data        3420  lcd.o(.constdata)
    ov2640_sxga_init_reg_tbl                 0x0800bc54   Data         356  ov2640.o(.constdata)
    ov2640_svga_init_reg_tbl                 0x0800bdb8   Data         354  ov2640.o(.constdata)
    ov2640_jpeg_reg_tbl                      0x0800bf1a   Data          14  ov2640.o(.constdata)
    ov2640_rgb565_reg_tbl                    0x0800bf28   Data          28  ov2640.o(.constdata)
    ov2640_yuv422_reg_tbl                    0x0800bf44   Data          16  ov2640.o(.constdata)
    Region$$Table$$Base                      0x0800c214   Number         0  anon$$obj.o(Region$$Table)
    Region$$Table$$Limit                     0x0800c234   Number         0  anon$$obj.o(Region$$Table)
    mem3base                                 0x10000000   Data       61440  malloc.o(.ARM.__AT_0x10000000)
    mem3mapbase                              0x1000f000   Data        3840  malloc.o(.ARM.__AT_0x1000F000)
    ValidN                                   0x20000000   Data           2  main.o(.data)
    netpro                                   0x20000002   Data           1  main.o(.data)
    ipbuf                                    0x20000003   Data          20  main.o(.data)
    ov2640_mode                              0x20000017   Data           1  main.o(.data)
    jpeg_data_len                            0x20000018   Data           4  main.o(.data)
    jpeg_data_ok                             0x2000001c   Data           1  main.o(.data)
    EFFECTS_TBL                              0x20000020   Data          28  main.o(.data)
    JPEG_SIZE_TBL                            0x2000003c   Data          36  main.o(.data)
    __stdout                                 0x20000064   Data           4  usart.o(.data)
    USART_RX_STA                             0x20000068   Data           2  usart.o(.data)
    mallco_dev                               0x2000006c   Data          36  malloc.o(.data)
    sys_cmd_tab                              0x20000090   Data          28  usmart.o(.data)
    usmart_nametab                           0x200000ac   Data          48  usmart_config.o(.data)
    usmart_dev                               0x200000dc   Data         244  usmart_config.o(.data)
    AS608Addr                                0x200001e0   Data           4  as608.o(.data)
    USART2_RX_STA                            0x200001e4   Data           2  usart2.o(.data)
    count                                    0x200001e8   Data           4  timer.o(.data)
    pwmode                                   0x200001ec   Data           4  timer.o(.data)
    password                                 0x200001f0   Data           5  timer.o(.data)
    TIM5CH1_CAPTURE_STA                      0x200001f5   Data           1  timer.o(.data)
    TIM5CH1_CAPTURE_VAL                      0x200001f6   Data           2  timer.o(.data)
    portnum                                  0x200001f8   Data           4  esp8266.o(.data)
    wifista_ssid                             0x200001fc   Data           4  esp8266.o(.data)
    wifista_encryption                       0x20000200   Data           4  esp8266.o(.data)
    wifista_password                         0x20000204   Data           4  esp8266.o(.data)
    ATK_ESP8266_CWMODE_TBL                   0x20000208   Data          12  esp8266.o(.data)
    ATK_ESP8266_WORKMODE_TBL                 0x20000214   Data          12  esp8266.o(.data)
    ATK_ESP8266_ECN_TBL                      0x20000220   Data          20  esp8266.o(.data)
    kbd_tbl                                  0x20000234   Data          52  esp8266.o(.data)
    kbd_fn_tbl                               0x20000268   Data           8  esp8266.o(.data)
    USART3_RX_STA                            0x20000270   Data           2  usart3.o(.data)
    W25QXX_TYPE                              0x20000272   Data           2  w25qxx.o(.data)
    POINT_COLOR                              0x20000274   Data           2  lcd.o(.data)
    BACK_COLOR                               0x20000276   Data           2  lcd.o(.data)
    ov_frame                                 0x20000278   Data           1  dcmi.o(.data)
    AS608Para                                0x2000027c   Data          12  main.o(.bss)
    jpeg_buf                                 0x20000288   Data        7936  main.o(.bss)
    USART_RX_BUF                             0x20002188   Data         200  usart.o(.bss)
    mem1base                                 0x20002260   Data       102400  malloc.o(.bss)
    mem1mapbase                              0x2001b260   Data        6400  malloc.o(.bss)
    USART2_TX_BUF                            0x2001cb60   Data         400  usart2.o(.bss)
    USART2_RX_BUF                            0x2001ccf0   Data         400  usart2.o(.bss)
    USART3_TX_BUF                            0x2001ce80   Data         400  usart3.o(.bss)
    USART3_RX_BUF                            0x2001d010   Data         400  usart3.o(.bss)
    lcddev                                   0x2001d1a0   Data          14  lcd.o(.bss)
    DCMI_InitStructure                       0x2001d1ae   Data          14  dcmi.o(.bss)
    __initial_sp                             0x2001d5c0   Data           0  startup_stm32f40_41xxx.o(STACK)
    mem2base                                 0x68000000   Data       983040  malloc.o(.ARM.__AT_0x68000000)
    mem2mapbase                              0x680f0000   Data       61440  malloc.o(.ARM.__AT_0x680F0000)



==============================================================================

Memory Map of the image

  Image Entry point : 0x08000189

  Load Region LR_IROM1 (Base: 0x08000000, Size: 0x0000c4b0, Max: 0x00080000, ABSOLUTE, COMPRESSED[0x0000c358])

    Execution Region ER_IROM1 (Base: 0x08000000, Size: 0x0000c234, Max: 0x00080000, ABSOLUTE)

    Base Addr    Size         Type   Attr      Idx    E Section Name        Object

    0x08000000   0x00000188   Data   RO         2871    RESET               startup_stm32f40_41xxx.o
    0x08000188   0x00000000   Code   RO         4017  * .ARM.Collect$$$$00000000  mc_w.l(entry.o)
    0x08000188   0x00000004   Code   RO         4291    .ARM.Collect$$$$00000001  mc_w.l(entry2.o)
    0x0800018c   0x00000004   Code   RO         4294    .ARM.Collect$$$$00000004  mc_w.l(entry5.o)
    0x08000190   0x00000000   Code   RO         4296    .ARM.Collect$$$$00000008  mc_w.l(entry7b.o)
    0x08000190   0x00000000   Code   RO         4298    .ARM.Collect$$$$0000000A  mc_w.l(entry8b.o)
    0x08000190   0x00000008   Code   RO         4299    .ARM.Collect$$$$0000000B  mc_w.l(entry9a.o)
    0x08000198   0x00000000   Code   RO         4301    .ARM.Collect$$$$0000000D  mc_w.l(entry10a.o)
    0x08000198   0x00000000   Code   RO         4303    .ARM.Collect$$$$0000000F  mc_w.l(entry11a.o)
    0x08000198   0x00000004   Code   RO         4292    .ARM.Collect$$$$00002712  mc_w.l(entry2.o)
    0x0800019c   0x00000024   Code   RO         2872    .text               startup_stm32f40_41xxx.o
    0x080001c0   0x00000024   Code   RO         4020    .text               mc_w.l(strstr.o)
    0x080001e4   0x0000000e   Code   RO         4022    .text               mc_w.l(strlen.o)
    0x080001f2   0x000000e4   Code   RO         4285    .text               mf_w.l(dmul.o)
    0x080002d6   0x0000001a   Code   RO         4287    .text               mf_w.l(dfltui.o)
    0x080002f0   0x00000032   Code   RO         4289    .text               mf_w.l(dfixui.o)
    0x08000322   0x0000002c   Code   RO         4305    .text               mc_w.l(uidiv.o)
    0x0800034e   0x00000062   Code   RO         4307    .text               mc_w.l(uldiv.o)
    0x080003b0   0x00000020   Code   RO         4309    .text               mc_w.l(llushr.o)
    0x080003d0   0x00000000   Code   RO         4311    .text               mc_w.l(iusefp.o)
    0x080003d0   0x000000ba   Code   RO         4312    .text               mf_w.l(depilogue.o)
    0x0800048a   0x0000014e   Code   RO         4314    .text               mf_w.l(dadd.o)
    0x080005d8   0x000000de   Code   RO         4316    .text               mf_w.l(ddiv.o)
    0x080006b6   0x00000030   Code   RO         4318    .text               mf_w.l(dfixul.o)
    0x080006e6   0x00000002   PAD
    0x080006e8   0x00000030   Code   RO         4320    .text               mf_w.l(cdrcmple.o)
    0x08000718   0x00000024   Code   RO         4322    .text               mc_w.l(init.o)
    0x0800073c   0x0000001e   Code   RO         4324    .text               mc_w.l(llshl.o)
    0x0800075a   0x00000024   Code   RO         4326    .text               mc_w.l(llsshr.o)
    0x0800077e   0x00000056   Code   RO         4336    .text               mc_w.l(__dczerorl2.o)
    0x080007d4   0x0000039c   Code   RO            3    i.Add_FR            main.o
    0x08000b70   0x00000004   Code   RO          731    i.BusFault_Handler  stm32f4xx_it.o
    0x08000b74   0x00000024   Code   RO         2769    i.DCMI_CaptureCmd   stm32f4xx_dcmi.o
    0x08000b98   0x0000000c   Code   RO         2771    i.DCMI_ClearITPendingBit  stm32f4xx_dcmi.o
    0x08000ba4   0x00000024   Code   RO         2772    i.DCMI_Cmd          stm32f4xx_dcmi.o
    0x08000bc8   0x00000070   Code   RO         3960    i.DCMI_DMA_Init     dcmi.o
    0x08000c38   0x0000001c   Code   RO         2773    i.DCMI_DeInit       stm32f4xx_dcmi.o
    0x08000c54   0x0000001c   Code   RO         2775    i.DCMI_GetITStatus  stm32f4xx_dcmi.o
    0x08000c70   0x0000003c   Code   RO         3961    i.DCMI_IRQHandler   dcmi.o
    0x08000cac   0x00000024   Code   RO         2776    i.DCMI_ITConfig     stm32f4xx_dcmi.o
    0x08000cd0   0x00000040   Code   RO         2777    i.DCMI_Init         stm32f4xx_dcmi.o
    0x08000d10   0x00000024   Code   RO         3963    i.DCMI_Start        dcmi.o
    0x08000d34   0x00000016   Code   RO         2579    i.DMA_Cmd           stm32f4xx_dma.o
    0x08000d4a   0x00000002   PAD
    0x08000d4c   0x00000158   Code   RO         2580    i.DMA_DeInit        stm32f4xx_dma.o
    0x08000ea4   0x00000014   Code   RO         2584    i.DMA_GetCmdStatus  stm32f4xx_dma.o
    0x08000eb8   0x00000008   Code   RO         2585    i.DMA_GetCurrDataCounter  stm32f4xx_dma.o
    0x08000ec0   0x00000058   Code   RO         2591    i.DMA_Init          stm32f4xx_dma.o
    0x08000f18   0x00000004   Code   RO         2594    i.DMA_SetCurrDataCounter  stm32f4xx_dma.o
    0x08000f1c   0x00000002   Code   RO          732    i.DebugMon_Handler  stm32f4xx_it.o
    0x08000f1e   0x00000002   PAD
    0x08000f20   0x00000034   Code   RO         3312    i.EXTI0_IRQHandler  exti.o
    0x08000f54   0x0000000a   Code   RO         3313    i.EXTI2_IRQHandler  exti.o
    0x08000f5e   0x0000000a   Code   RO         3314    i.EXTI3_IRQHandler  exti.o
    0x08000f68   0x0000001c   Code   RO         3315    i.EXTI4_IRQHandler  exti.o
    0x08000f84   0x00000014   Code   RO         3316    i.EXTI9_5_IRQHandler  exti.o
    0x08000f98   0x0000000c   Code   RO         3317    i.EXTIX_Init        exti.o
    0x08000fa4   0x0000000c   Code   RO         2706    i.EXTI_ClearITPendingBit  stm32f4xx_exti.o
    0x08000fb0   0x00000018   Code   RO         2710    i.EXTI_GetITStatus  stm32f4xx_exti.o
    0x08000fc8   0x00000270   Code   RO         2878    i.EnsureMessage     as608.o
    0x08001238   0x00000034   Code   RO          959    i.FSMC_NORSRAMCmd   stm32f4xx_fsmc.o
    0x0800126c   0x000000e6   Code   RO          961    i.FSMC_NORSRAMInit  stm32f4xx_fsmc.o
    0x08001352   0x00000090   Code   RO          851    i.GPIO_Init         stm32f4xx_gpio.o
    0x080013e2   0x00000046   Code   RO          852    i.GPIO_PinAFConfig  stm32f4xx_gpio.o
    0x08001428   0x00000012   Code   RO          855    i.GPIO_ReadInputDataBit  stm32f4xx_gpio.o
    0x0800143a   0x00000004   Code   RO          859    i.GPIO_SetBits      stm32f4xx_gpio.o
    0x0800143e   0x00000004   Code   RO          733    i.HardFault_Handler  stm32f4xx_it.o
    0x08001442   0x00000002   PAD
    0x08001444   0x00000088   Code   RO         2879    i.JudgeStr          as608.o
    0x080014cc   0x00000044   Code   RO         3726    i.KEY_Init          key.o
    0x08001510   0x00000044   Code   RO            5    i.KeyBoardIni       main.o
    0x08001554   0x000001b4   Code   RO            6    i.KeyBoardScan      main.o
    0x08001708   0x0000006c   Code   RO         3509    i.LCD_Clear         lcd.o
    0x08001774   0x000001c0   Code   RO         3513    i.LCD_Display_Dir   lcd.o
    0x08001934   0x00000180   Code   RO         3518    i.LCD_Fast_DrawPoint  lcd.o
    0x08001ab4   0x000000b8   Code   RO         3519    i.LCD_Fill          lcd.o
    0x08001b6c   0x00003970   Code   RO         3520    i.LCD_Init          lcd.o
    0x080054dc   0x00000016   Code   RO         3521    i.LCD_Pow           lcd.o
    0x080054f2   0x00000002   PAD
    0x080054f4   0x00000014   Code   RO         3522    i.LCD_RD_DATA       lcd.o
    0x08005508   0x00000016   Code   RO         3524    i.LCD_ReadReg       lcd.o
    0x0800551e   0x00000002   PAD
    0x08005520   0x00000060   Code   RO         3525    i.LCD_SSD_BackLightSet  lcd.o
    0x08005580   0x000002ec   Code   RO         3526    i.LCD_Scan_Dir      lcd.o
    0x0800586c   0x000001a8   Code   RO         3527    i.LCD_SetCursor     lcd.o
    0x08005a14   0x00000128   Code   RO         3529    i.LCD_ShowChar      lcd.o
    0x08005b3c   0x00000094   Code   RO         3530    i.LCD_ShowNum       lcd.o
    0x08005bd0   0x00000066   Code   RO         3531    i.LCD_ShowString    lcd.o
    0x08005c36   0x00000002   PAD
    0x08005c38   0x00000018   Code   RO         3533    i.LCD_WR_DATA       lcd.o
    0x08005c50   0x00000018   Code   RO         3534    i.LCD_WR_REG        lcd.o
    0x08005c68   0x00000014   Code   RO         3536    i.LCD_WriteRAM_Prepare  lcd.o
    0x08005c7c   0x00000014   Code   RO         3537    i.LCD_WriteReg      lcd.o
    0x08005c90   0x00000040   Code   RO         3773    i.LED_Init          led.o
    0x08005cd0   0x0000001c   Code   RO         2880    i.MYUSART_SendData  as608.o
    0x08005cec   0x00000004   Code   RO          734    i.MemManage_Handler  stm32f4xx_it.o
    0x08005cf0   0x0000012c   Code   RO         3965    i.My_DCMI_Init      dcmi.o
    0x08005e1c   0x00000002   Code   RO          735    i.NMI_Handler       stm32f4xx_it.o
    0x08005e1e   0x00000002   PAD
    0x08005e20   0x00000078   Code   RO          806    i.NVIC_Init         misc.o
    0x08005e98   0x00000014   Code   RO          807    i.NVIC_PriorityGroupConfig  misc.o
    0x08005eac   0x00000110   Code   RO         3800    i.OV2640_Init       ov2640.o
    0x08005fbc   0x0000004c   Code   RO         3801    i.OV2640_JPEG_Mode  ov2640.o
    0x08006008   0x00000088   Code   RO         3803    i.OV2640_OutSize_Set  ov2640.o
    0x08006090   0x00000046   Code   RO         2883    i.PS_GenChar        as608.o
    0x080060d6   0x0000003a   Code   RO         2884    i.PS_GetImage       as608.o
    0x08006110   0x00000080   Code   RO         2885    i.PS_HandShake      as608.o
    0x08006190   0x00000090   Code   RO         2886    i.PS_HighSpeedSearch  as608.o
    0x08006220   0x0000003a   Code   RO         2887    i.PS_Match          as608.o
    0x0800625a   0x00000002   PAD
    0x0800625c   0x000000f0   Code   RO         2889    i.PS_ReadSysPara    as608.o
    0x0800634c   0x0000003a   Code   RO         2890    i.PS_RegModel       as608.o
    0x08006386   0x00000002   PAD
    0x08006388   0x000000b4   Code   RO         2892    i.PS_SetAddr        as608.o
    0x0800643c   0x00000028   Code   RO         2893    i.PS_StaGPIO_Init   as608.o
    0x08006464   0x00000060   Code   RO         2894    i.PS_StoreChar      as608.o
    0x080064c4   0x00000088   Code   RO         2895    i.PS_ValidTempleteNum  as608.o
    0x0800654c   0x00000088   Code   RO         2897    i.PS_WriteReg       as608.o
    0x080065d4   0x00000002   Code   RO          736    i.PendSV_Handler    stm32f4xx_it.o
    0x080065d6   0x00000002   PAD
    0x080065d8   0x00000020   Code   RO         1079    i.RCC_AHB1PeriphClockCmd  stm32f4xx_rcc.o
    0x080065f8   0x00000020   Code   RO         1082    i.RCC_AHB2PeriphClockCmd  stm32f4xx_rcc.o
    0x08006618   0x00000020   Code   RO         1085    i.RCC_AHB3PeriphClockCmd  stm32f4xx_rcc.o
    0x08006638   0x00000020   Code   RO         1088    i.RCC_APB1PeriphClockCmd  stm32f4xx_rcc.o
    0x08006658   0x00000020   Code   RO         1090    i.RCC_APB1PeriphResetCmd  stm32f4xx_rcc.o
    0x08006678   0x00000020   Code   RO         1091    i.RCC_APB2PeriphClockCmd  stm32f4xx_rcc.o
    0x08006698   0x00000020   Code   RO         1093    i.RCC_APB2PeriphResetCmd  stm32f4xx_rcc.o
    0x080066b8   0x000000e8   Code   RO         1100    i.RCC_GetClocksFreq  stm32f4xx_rcc.o
    0x080067a0   0x00000054   Code   RO         3897    i.SCCB_Init         sccb.o
    0x080067f4   0x00000040   Code   RO         3898    i.SCCB_No_Ack       sccb.o
    0x08006834   0x00000070   Code   RO         3899    i.SCCB_RD_Byte      sccb.o
    0x080068a4   0x0000004e   Code   RO         3900    i.SCCB_RD_Reg       sccb.o
    0x080068f2   0x00000002   PAD
    0x080068f4   0x00000034   Code   RO         3901    i.SCCB_Start        sccb.o
    0x08006928   0x00000034   Code   RO         3902    i.SCCB_Stop         sccb.o
    0x0800695c   0x000000a8   Code   RO         3903    i.SCCB_WR_Byte      sccb.o
    0x08006a04   0x0000003e   Code   RO         3904    i.SCCB_WR_Reg       sccb.o
    0x08006a42   0x00000002   PAD
    0x08006a44   0x000000bc   Code   RO         3476    i.SPI1_Init         spi.o
    0x08006b00   0x00000038   Code   RO         3477    i.SPI1_ReadWriteByte  spi.o
    0x08006b38   0x00000028   Code   RO         3478    i.SPI1_SetSpeed     spi.o
    0x08006b60   0x00000018   Code   RO         2225    i.SPI_Cmd           stm32f4xx_spi.o
    0x08006b78   0x00000012   Code   RO         2233    i.SPI_I2S_GetFlagStatus  stm32f4xx_spi.o
    0x08006b8a   0x00000006   Code   RO         2236    i.SPI_I2S_ReceiveData  stm32f4xx_spi.o
    0x08006b90   0x00000004   Code   RO         2237    i.SPI_I2S_SendData  stm32f4xx_spi.o
    0x08006b94   0x0000003c   Code   RO         2238    i.SPI_Init          stm32f4xx_spi.o
    0x08006bd0   0x00000002   Code   RO          737    i.SVC_Handler       stm32f4xx_it.o
    0x08006bd2   0x00000002   PAD
    0x08006bd4   0x00000034   Code   RO         2898    i.SendAddr          as608.o
    0x08006c08   0x00000012   Code   RO         2899    i.SendCheck         as608.o
    0x08006c1a   0x0000000c   Code   RO         2900    i.SendFlag          as608.o
    0x08006c26   0x00000010   Code   RO         2901    i.SendHead          as608.o
    0x08006c36   0x00000014   Code   RO         2902    i.SendLength        as608.o
    0x08006c4a   0x0000000c   Code   RO         2903    i.Sendcmd           as608.o
    0x08006c56   0x00000002   PAD
    0x08006c58   0x000000ec   Code   RO          672    i.SetSysClock       system_stm32f4xx.o
    0x08006d44   0x00000020   Code   RO            7    i.ShowErrMessage    main.o
    0x08006d64   0x00000028   Code   RO          810    i.SysTick_CLKSourceConfig  misc.o
    0x08006d8c   0x00000002   Code   RO          738    i.SysTick_Handler   stm32f4xx_it.o
    0x08006d8e   0x00000002   PAD
    0x08006d90   0x00000068   Code   RO          674    i.SystemInit        system_stm32f4xx.o
    0x08006df8   0x000000a0   Code   RO         3099    i.TIM14_PWM_Init    timer.o
    0x08006e98   0x00000190   Code   RO         3101    i.TIM2_IRQHandler   timer.o
    0x08007028   0x0000005a   Code   RO         3102    i.TIM2_Int_Init     timer.o
    0x08007082   0x00000002   PAD
    0x08007084   0x0000001c   Code   RO         3103    i.TIM3_IRQHandler   timer.o
    0x080070a0   0x00000038   Code   RO          487    i.TIM4_IRQHandler   usmart.o
    0x080070d8   0x000000c0   Code   RO         3107    i.TIM5_IRQHandler   timer.o
    0x08007198   0x0000005c   Code   RO         3109    i.TIM6_Int_Init     timer.o
    0x080071f4   0x00000034   Code   RO         3110    i.TIM7_IRQHandler   timer.o
    0x08007228   0x00000050   Code   RO         3111    i.TIM7_Int_Init     timer.o
    0x08007278   0x00000018   Code   RO         1605    i.TIM_ARRPreloadConfig  stm32f4xx_tim.o
    0x08007290   0x00000006   Code   RO         1611    i.TIM_ClearFlag     stm32f4xx_tim.o
    0x08007296   0x00000006   Code   RO         1612    i.TIM_ClearITPendingBit  stm32f4xx_tim.o
    0x0800729c   0x00000018   Code   RO         1617    i.TIM_Cmd           stm32f4xx_tim.o
    0x080072b4   0x00000006   Code   RO         1632    i.TIM_GetCapture1   stm32f4xx_tim.o
    0x080072ba   0x00000006   Code   RO         1636    i.TIM_GetCounter    stm32f4xx_tim.o
    0x080072c0   0x00000012   Code   RO         1637    i.TIM_GetFlagStatus  stm32f4xx_tim.o
    0x080072d2   0x00000022   Code   RO         1638    i.TIM_GetITStatus   stm32f4xx_tim.o
    0x080072f4   0x00000012   Code   RO         1642    i.TIM_ITConfig      stm32f4xx_tim.o
    0x08007306   0x00000002   PAD
    0x08007308   0x0000007c   Code   RO         1646    i.TIM_OC1Init       stm32f4xx_tim.o
    0x08007384   0x00000012   Code   RO         1648    i.TIM_OC1PolarityConfig  stm32f4xx_tim.o
    0x08007396   0x00000012   Code   RO         1649    i.TIM_OC1PreloadConfig  stm32f4xx_tim.o
    0x080073a8   0x00000004   Code   RO         1677    i.TIM_SetAutoreload  stm32f4xx_tim.o
    0x080073ac   0x00000004   Code   RO         1683    i.TIM_SetCounter    stm32f4xx_tim.o
    0x080073b0   0x00000084   Code   RO         1689    i.TIM_TimeBaseInit  stm32f4xx_tim.o
    0x08007434   0x0000005c   Code   RO          488    i.Timer4_Init       usmart.o
    0x08007490   0x00000088   Code   RO          358    i.USART1_IRQHandler  usart.o
    0x08007518   0x00000070   Code   RO         3053    i.USART2_IRQHandler  usart2.o
    0x08007588   0x00000084   Code   RO         3269    i.USART3_IRQHandler  usart3.o
    0x0800760c   0x00000018   Code   RO         1417    i.USART_Cmd         stm32f4xx_usart.o
    0x08007624   0x000000f0   Code   RO         1419    i.USART_DeInit      stm32f4xx_usart.o
    0x08007714   0x0000001a   Code   RO         1420    i.USART_GetFlagStatus  stm32f4xx_usart.o
    0x0800772e   0x00000054   Code   RO         1421    i.USART_GetITStatus  stm32f4xx_usart.o
    0x08007782   0x0000004a   Code   RO         1423    i.USART_ITConfig    stm32f4xx_usart.o
    0x080077cc   0x000000d4   Code   RO         1424    i.USART_Init        stm32f4xx_usart.o
    0x080078a0   0x0000000a   Code   RO         1431    i.USART_ReceiveData  stm32f4xx_usart.o
    0x080078aa   0x00000008   Code   RO         1434    i.USART_SendData    stm32f4xx_usart.o
    0x080078b2   0x00000004   Code   RO          739    i.UsageFault_Handler  stm32f4xx_it.o
    0x080078b6   0x00000002   PAD
    0x080078b8   0x00000068   Code   RO         3364    i.W25QXX_Init       w25qxx.o
    0x08007920   0x00000048   Code   RO         3367    i.W25QXX_ReadID     w25qxx.o
    0x08007968   0x00000020   Code   RO         4257    i.__0printf         mc_w.l(printfa.o)
    0x08007988   0x00000028   Code   RO         4259    i.__0sprintf        mc_w.l(printfa.o)
    0x080079b0   0x00000024   Code   RO         4263    i.__0vsprintf       mc_w.l(printfa.o)
    0x080079d4   0x0000000e   Code   RO         4330    i.__scatterload_copy  mc_w.l(handlers.o)
    0x080079e2   0x00000002   Code   RO         4331    i.__scatterload_null  mc_w.l(handlers.o)
    0x080079e4   0x0000000e   Code   RO         4332    i.__scatterload_zeroinit  mc_w.l(handlers.o)
    0x080079f2   0x00000002   PAD
    0x080079f4   0x00000164   Code   RO         4264    i._fp_digits        mc_w.l(printfa.o)
    0x08007b58   0x000006dc   Code   RO         4265    i._printf_core      mc_w.l(printfa.o)
    0x08008234   0x00000024   Code   RO         4266    i._printf_post_padding  mc_w.l(printfa.o)
    0x08008258   0x0000002e   Code   RO         4267    i._printf_pre_padding  mc_w.l(printfa.o)
    0x08008286   0x0000000a   Code   RO         4269    i._sputc            mc_w.l(printfa.o)
    0x08008290   0x00000034   Code   RO         3201    i.atk_8266_check_cmd  esp8266.o
    0x080082c4   0x00000074   Code   RO         3205    i.atk_8266_send_cmd  esp8266.o
    0x08008338   0x0000003c   Code   RO          300    i.delay_init        delay.o
    0x08008374   0x00000038   Code   RO          301    i.delay_ms          delay.o
    0x080083ac   0x0000004c   Code   RO          302    i.delay_us          delay.o
    0x080083f8   0x0000004c   Code   RO          303    i.delay_xms         delay.o
    0x08008444   0x0000001c   Code   RO          360    i.fputc             usart.o
    0x08008460   0x00000070   Code   RO            8    i.jpeg_data_process  main.o
    0x080084d0   0x000006f0   Code   RO           10    i.main              main.o
    0x08008bc0   0x0000006c   Code   RO          407    i.my_mem_free       malloc.o
    0x08008c2c   0x00000044   Code   RO          408    i.my_mem_init       malloc.o
    0x08008c70   0x000000a8   Code   RO          409    i.my_mem_malloc     malloc.o
    0x08008d18   0x00000040   Code   RO          410    i.my_mem_perused    malloc.o
    0x08008d58   0x00000024   Code   RO          411    i.myfree            malloc.o
    0x08008d7c   0x00000028   Code   RO          412    i.mymalloc          malloc.o
    0x08008da4   0x00000014   Code   RO          414    i.mymemset          malloc.o
    0x08008db8   0x000002f8   Code   RO           11    i.press_FR          main.o
    0x080090b0   0x00000006   Code   RO          489    i.read_addr         usmart.o
    0x080090b6   0x00000002   PAD
    0x080090b8   0x00000050   Code   RO         3270    i.u3_printf         usart3.o
    0x08009108   0x000000b0   Code   RO          361    i.uart_init         usart.o
    0x080091b8   0x000000cc   Code   RO         3055    i.usart2_init       usart2.o
    0x08009284   0x000000d0   Code   RO         3271    i.usart3_init       usart3.o
    0x08009354   0x000000b0   Code   RO          490    i.usmart_cmd_rec    usmart.o
    0x08009404   0x000002d4   Code   RO          491    i.usmart_exe        usmart.o
    0x080096d8   0x000000c8   Code   RO          592    i.usmart_get_aparm  usmart_str.o
    0x080097a0   0x00000036   Code   RO          593    i.usmart_get_cmdname  usmart_str.o
    0x080097d6   0x00000002   PAD
    0x080097d8   0x000001c0   Code   RO          594    i.usmart_get_fname  usmart_str.o
    0x08009998   0x0000010c   Code   RO          595    i.usmart_get_fparam  usmart_str.o
    0x08009aa4   0x00000020   Code   RO          596    i.usmart_get_parmpos  usmart_str.o
    0x08009ac4   0x00000044   Code   RO          492    i.usmart_get_runtime  usmart.o
    0x08009b08   0x00000028   Code   RO          493    i.usmart_init       usmart.o
    0x08009b30   0x00000016   Code   RO          597    i.usmart_pow        usmart_str.o
    0x08009b46   0x00000002   PAD
    0x08009b48   0x00000030   Code   RO          494    i.usmart_reset_runtime  usmart.o
    0x08009b78   0x000000bc   Code   RO          495    i.usmart_scan       usmart.o
    0x08009c34   0x00000016   Code   RO          598    i.usmart_search_nextc  usmart_str.o
    0x08009c4a   0x000000ca   Code   RO          599    i.usmart_str2num    usmart_str.o
    0x08009d14   0x00000022   Code   RO          600    i.usmart_strcmp     usmart_str.o
    0x08009d36   0x00000016   Code   RO          601    i.usmart_strcopy    usmart_str.o
    0x08009d4c   0x00000018   Code   RO          602    i.usmart_strlen     usmart_str.o
    0x08009d64   0x000006e4   Code   RO          496    i.usmart_sys_cmd_exe  usmart.o
    0x0800a448   0x00000004   Code   RO          497    i.write_addr        usmart.o
    0x0800a44c   0x00000024   Data   RO           14    .constdata          main.o
    0x0800a470   0x00000024   Data   RO          421    .constdata          malloc.o
    0x0800a494   0x000017c0   Data   RO         3540    .constdata          lcd.o
    0x0800bc54   0x00000328   Data   RO         3807    .constdata          ov2640.o
    0x0800bf7c   0x00000077   Data   RO           15    .conststring        main.o
    0x0800bff3   0x00000001   PAD
    0x0800bff4   0x00000028   Data   RO          498    .conststring        usmart.o
    0x0800c01c   0x00000127   Data   RO          571    .conststring        usmart_config.o
    0x0800c143   0x00000001   PAD
    0x0800c144   0x000000ce   Data   RO         3207    .conststring        esp8266.o
    0x0800c212   0x00000002   PAD
    0x0800c214   0x00000020   Data   RO         4328    Region$$Table       anon$$obj.o


    Execution Region RW_IRAM1 (Base: 0x20000000, Size: 0x0001d5c0, Max: 0x00020000, ABSOLUTE, COMPRESSED[0x00000124])

    Base Addr    Size         Type   Attr      Idx    E Section Name        Object

    0x20000000   0x00000060   Data   RW           16    .data               main.o
    0x20000060   0x00000004   Data   RW          304    .data               delay.o
    0x20000064   0x00000006   Data   RW          363    .data               usart.o
    0x2000006a   0x00000002   PAD
    0x2000006c   0x00000024   Data   RW          422    .data               malloc.o
    0x20000090   0x0000001c   Data   RW          499    .data               usmart.o
    0x200000ac   0x00000124   Data   RW          572    .data               usmart_config.o
    0x200001d0   0x00000010   Data   RW         1132    .data               stm32f4xx_rcc.o
    0x200001e0   0x00000004   Data   RW         2904    .data               as608.o
    0x200001e4   0x00000002   Data   RW         3057    .data               usart2.o
    0x200001e6   0x00000002   PAD
    0x200001e8   0x00000010   Data   RW         3113    .data               timer.o
    0x200001f8   0x00000078   Data   RW         3208    .data               esp8266.o
    0x20000270   0x00000002   Data   RW         3273    .data               usart3.o
    0x20000272   0x00000002   Data   RW         3378    .data               w25qxx.o
    0x20000274   0x00000004   Data   RW         3541    .data               lcd.o
    0x20000278   0x00000001   Data   RW         3967    .data               dcmi.o
    0x20000279   0x00000003   PAD
    0x2000027c   0x00001f0c   Zero   RW           13    .bss                main.o
    0x20002188   0x000000c8   Zero   RW          362    .bss                usart.o
    0x20002250   0x00000010   PAD
    0x20002260   0x0001a900   Zero   RW          420    .bss                malloc.o
    0x2001cb60   0x00000320   Zero   RW         3056    .bss                usart2.o
    0x2001ce80   0x00000320   Zero   RW         3272    .bss                usart3.o
    0x2001d1a0   0x0000000e   Zero   RW         3539    .bss                lcd.o
    0x2001d1ae   0x0000000e   Zero   RW         3966    .bss                dcmi.o
    0x2001d1bc   0x00000004   PAD
    0x2001d1c0   0x00000400   Zero   RW         2869    STACK               startup_stm32f40_41xxx.o



  Load Region LR$$.ARM.__AT_0x10000000 (Base: 0x10000000, Size: 0x00000000, Max: 0x0000f000, ABSOLUTE)

    Execution Region ER$$.ARM.__AT_0x10000000 (Base: 0x10000000, Size: 0x0000f000, Max: 0x0000f000, ABSOLUTE, UNINIT)

    Base Addr    Size         Type   Attr      Idx    E Section Name        Object

    0x10000000   0x0000f000   Zero   RW          416    .ARM.__AT_0x10000000  malloc.o



  Load Region LR$$.ARM.__AT_0x1000F000 (Base: 0x1000f000, Size: 0x00000000, Max: 0x00000f00, ABSOLUTE)

    Execution Region ER$$.ARM.__AT_0x1000F000 (Base: 0x1000f000, Size: 0x00000f00, Max: 0x00000f00, ABSOLUTE, UNINIT)

    Base Addr    Size         Type   Attr      Idx    E Section Name        Object

    0x1000f000   0x00000f00   Zero   RW          417    .ARM.__AT_0x1000F000  malloc.o



  Load Region LR$$.ARM.__AT_0x68000000 (Base: 0x68000000, Size: 0x00000000, Max: 0x000f0000, ABSOLUTE)

    Execution Region ER$$.ARM.__AT_0x68000000 (Base: 0x68000000, Size: 0x000f0000, Max: 0x000f0000, ABSOLUTE, UNINIT)

    Base Addr    Size         Type   Attr      Idx    E Section Name        Object

    0x68000000   0x000f0000   Zero   RW          418    .ARM.__AT_0x68000000  malloc.o



  Load Region LR$$.ARM.__AT_0x680F0000 (Base: 0x680f0000, Size: 0x00000000, Max: 0x0000f000, ABSOLUTE)

    Execution Region ER$$.ARM.__AT_0x680F0000 (Base: 0x680f0000, Size: 0x0000f000, Max: 0x0000f000, ABSOLUTE, UNINIT)

    Base Addr    Size         Type   Attr      Idx    E Section Name        Object

    0x680f0000   0x0000f000   Zero   RW          419    .ARM.__AT_0x680F0000  malloc.o


==============================================================================

Image component sizes


      Code (inc. data)   RO Data    RW Data    ZI Data      Debug   Object Name

      2262        720          0          4          0      14179   as608.o
       508         48          0          1         14       2852   dcmi.o
       268         16          0          4          0       2523   delay.o
       168         32        206        120          0       2387   esp8266.o
       132         12          0          0          0       3062   exti.o
        68          8          0          0          0        547   key.o
     17794        210       6080          4         14      23462   lcd.o
        64          4          0          0          0        543   led.o
      4108       1040        155         96       7948     322085   main.o
       504         60         36         36    1218560       6490   malloc.o
       180         24          0          0          0       2105   misc.o
       484         50        808          0          0       3626   ov2640.o
       672         60          0          0          0       4753   sccb.o
       284         20          0          0          0       1825   spi.o
        36          8        392          0       1024        840   startup_stm32f40_41xxx.o
       240         36          0          0          0       4207   stm32f4xx_dcmi.o
       486         26          0          0          0       4859   stm32f4xx_dma.o
        36         10          0          0          0       1140   stm32f4xx_exti.o
       282          6          0          0          0       1845   stm32f4xx_fsmc.o
       236          0          0          0          0       2974   stm32f4xx_gpio.o
        26          0          0          0          0       4134   stm32f4xx_it.o
       456         60          0         16          0       7047   stm32f4xx_rcc.o
       112          0          0          0          0       3510   stm32f4xx_spi.o
       442         38          0          0          0       9666   stm32f4xx_tim.o
       678         42          0          0          0       6140   stm32f4xx_usart.o
       340         32          0          0          0       1497   system_stm32f4xx.o
      1094         64          0         16          0       6038   timer.o
       340         30          0          6        200       3792   usart.o
       316         32          0          2        800       2746   usart2.o
       420         42          0          2        800       2858   usart3.o
      3166       1330         40         28          0       8018   usmart.o
         0          0        295        292          0       1516   usmart_config.o
      1328         20          0          0          0       8801   usmart_str.o
       176         26          0          2          0       1862   w25qxx.o

    ----------------------------------------------------------------------
     37748       4106       8048        636    1229380     473929   Object Totals
         0          0         32          0          0          0   (incl. Generated)
        42          0          4          7         20          0   (incl. Padding)

    ----------------------------------------------------------------------

      Code (inc. data)   RO Data    RW Data    ZI Data      Debug   Library Member Name

        86          0          0          0          0          0   __dczerorl2.o
         0          0          0          0          0          0   entry.o
         0          0          0          0          0          0   entry10a.o
         0          0          0          0          0          0   entry11a.o
         8          4          0          0          0          0   entry2.o
         4          0          0          0          0          0   entry5.o
         0          0          0          0          0          0   entry7b.o
         0          0          0          0          0          0   entry8b.o
         8          4          0          0          0          0   entry9a.o
        30          0          0          0          0          0   handlers.o
        36          8          0          0          0         68   init.o
         0          0          0          0          0          0   iusefp.o
        30          0          0          0          0         68   llshl.o
        36          0          0          0          0         68   llsshr.o
        32          0          0          0          0         68   llushr.o
      2312        102          0          0          0        676   printfa.o
        14          0          0          0          0         68   strlen.o
        36          0          0          0          0         80   strstr.o
        44          0          0          0          0         80   uidiv.o
        98          0          0          0          0         92   uldiv.o
        48          0          0          0          0         68   cdrcmple.o
       334          0          0          0          0        148   dadd.o
       222          0          0          0          0        100   ddiv.o
       186          0          0          0          0        176   depilogue.o
        50          0          0          0          0         76   dfixui.o
        48          0          0          0          0         68   dfixul.o
        26          0          0          0          0         76   dfltui.o
       228          0          0          0          0         96   dmul.o

    ----------------------------------------------------------------------
      3920        118          0          0          0       2076   Library Totals
         4          0          0          0          0          0   (incl. Padding)

    ----------------------------------------------------------------------

      Code (inc. data)   RO Data    RW Data    ZI Data      Debug   Library Name

      2774        118          0          0          0       1268   mc_w.l
      1142          0          0          0          0        808   mf_w.l

    ----------------------------------------------------------------------
      3920        118          0          0          0       2076   Library Totals

    ----------------------------------------------------------------------

==============================================================================


      Code (inc. data)   RO Data    RW Data    ZI Data      Debug   

     41668       4224       8048        636    1229380     456297   Grand Totals
     41668       4224       8048        292    1229380     456297   ELF Image Totals (compressed)
     41668       4224       8048        292          0          0   ROM Totals

==============================================================================

    Total RO  Size (Code + RO Data)                49716 (  48.55kB)
    Total RW  Size (RW Data + ZI Data)           1230016 (1201.19kB)
    Total ROM Size (Code + RO Data + RW Data)      50008 (  48.84kB)

==============================================================================

