Component: ARM Compiler 5.05 update 1 (build 106) Tool: armlink [4d0efa]

==============================================================================

Section Cross References

    main.o(i.Add_FR) refers to oled.o(i.OLED_Clear) for OLED_Clear
    main.o(i.Add_FR) refers to oled.o(i.OLED_ShowString) for OLED_ShowString
    main.o(i.Add_FR) refers to as608.o(i.PS_GetImage) for PS_GetImage
    main.o(i.Add_FR) refers to delay.o(i.delay_ms) for delay_ms
    main.o(i.Add_FR) refers to as608.o(i.PS_GenChar) for PS_GenChar
    main.o(i.Add_FR) refers to as608.o(i.PS_Match) for PS_Match
    main.o(i.Add_FR) refers to as608.o(i.PS_RegModel) for PS_RegModel
    main.o(i.Add_FR) refers to main.o(i.KeyBoardScan) for KeyBoardScan
    main.o(i.Add_FR) refers to as608.o(i.PS_StoreChar) for PS_StoreChar
    main.o(i.Add_FR) refers to as608.o(i.PS_ValidTempleteNum) for PS_ValidTempleteNum
    main.o(i.Add_FR) refers to oled.o(i.OLED_ShowNum) for OLED_ShowNum
    main.o(i.Add_FR) refers to main.o(.bss) for AS608Para
    main.o(i.Add_FR) refers to main.o(.data) for ValidN
    main.o(i.Del_FR) refers to delay.o(i.delay_ms) for delay_ms
    main.o(i.Del_FR) refers to as608.o(i.PS_Empty) for PS_Empty
    main.o(i.Del_FR) refers to as608.o(i.PS_DeletChar) for PS_DeletChar
    main.o(i.Del_FR) refers to as608.o(i.PS_ValidTempleteNum) for PS_ValidTempleteNum
    main.o(i.Del_FR) refers to main.o(.data) for ValidN
    main.o(i.Esp8266Init) refers to _printf_percent.o(.ARM.Collect$$_printf_percent$$00000000) for _printf_percent
    main.o(i.Esp8266Init) refers to _printf_s.o(.ARM.Collect$$_printf_percent$$00000014) for _printf_s
    main.o(i.Esp8266Init) refers to _printf_str.o(.text) for _printf_str
    main.o(i.Esp8266Init) refers to malloc.o(i.mymalloc) for mymalloc
    main.o(i.Esp8266Init) refers to esp8266.o(i.atk_8266_send_cmd) for atk_8266_send_cmd
    main.o(i.Esp8266Init) refers to delay.o(i.delay_ms) for delay_ms
    main.o(i.Esp8266Init) refers to oled.o(i.OLED_Clear) for OLED_Clear
    main.o(i.Esp8266Init) refers to oled.o(i.OLED_ShowString) for OLED_ShowString
    main.o(i.Esp8266Init) refers to __2sprintf.o(.text) for __2sprintf
    main.o(i.Esp8266Init) refers to malloc.o(i.myfree) for myfree
    main.o(i.Esp8266Init) refers to main.o(.data) for netpro
    main.o(i.Esp8266Init) refers to esp8266.o(.data) for portnum
    main.o(i.KeyBoardIni) refers to stm32f4xx_rcc.o(i.RCC_AHB1PeriphClockCmd) for RCC_AHB1PeriphClockCmd
    main.o(i.KeyBoardIni) refers to stm32f4xx_gpio.o(i.GPIO_Init) for GPIO_Init
    main.o(i.KeyBoardScan) refers to stm32f4xx_gpio.o(i.GPIO_ReadInputDataBit) for GPIO_ReadInputDataBit
    main.o(i.KeyBoardScan) refers to delay.o(i.delay_ms) for delay_ms
    main.o(i.Key_Init) refers to stm32f4xx_rcc.o(i.RCC_AHB1PeriphClockCmd) for RCC_AHB1PeriphClockCmd
    main.o(i.Key_Init) refers to stm32f4xx_gpio.o(i.GPIO_Init) for GPIO_Init
    main.o(i.Key_Scan) refers to delay.o(i.delay_ms) for delay_ms
    main.o(i.Key_Scan) refers to stm32f4xx_gpio.o(i.GPIO_ReadInputDataBit) for GPIO_ReadInputDataBit
    main.o(i.Led_Init) refers to stm32f4xx_rcc.o(i.RCC_AHB1PeriphClockCmd) for RCC_AHB1PeriphClockCmd
    main.o(i.Led_Init) refers to stm32f4xx_gpio.o(i.GPIO_Init) for GPIO_Init
    main.o(i.main) refers to _printf_percent.o(.ARM.Collect$$_printf_percent$$00000000) for _printf_percent
    main.o(i.main) refers to _printf_d.o(.ARM.Collect$$_printf_percent$$00000009) for _printf_d
    main.o(i.main) refers to _printf_dec.o(.text) for _printf_int_dec
    main.o(i.main) refers to main.o(i.Led_Init) for Led_Init
    main.o(i.main) refers to main.o(i.Key_Init) for Key_Init
    main.o(i.main) refers to misc.o(i.NVIC_PriorityGroupConfig) for NVIC_PriorityGroupConfig
    main.o(i.main) refers to malloc.o(i.mymalloc) for mymalloc
    main.o(i.main) refers to delay.o(i.delay_init) for delay_init
    main.o(i.main) refers to main.o(i.KeyBoardIni) for KeyBoardIni
    main.o(i.main) refers to oled.o(i.OLED_Init) for OLED_Init
    main.o(i.main) refers to oled.o(i.OLED_Clear) for OLED_Clear
    main.o(i.main) refers to usart.o(i.uart_init) for uart_init
    main.o(i.main) refers to usart2.o(i.usart2_init) for usart2_init
    main.o(i.main) refers to usart3.o(i.usart3_init) for usart3_init
    main.o(i.main) refers to as608.o(i.PS_StaGPIO_Init) for PS_StaGPIO_Init
    main.o(i.main) refers to malloc.o(i.my_mem_init) for my_mem_init
    main.o(i.main) refers to w25qxx.o(i.W25QXX_Init) for W25QXX_Init
    main.o(i.main) refers to oled.o(i.OLED_ShowString) for OLED_ShowString
    main.o(i.main) refers to main.o(i.Esp8266Init) for Esp8266Init
    main.o(i.main) refers to ov7670.o(i.OV7670_Init) for OV7670_Init
    main.o(i.main) refers to timer.o(i.TIM6_Int_Init) for TIM6_Int_Init
    main.o(i.main) refers to exti.o(i.EXTI8_Init) for EXTI8_Init
    main.o(i.main) refers to main.o(i.Led_Off) for Led_Off
    main.o(i.main) refers to delay.o(i.delay_ms) for delay_ms
[...]
    .bss                                     0x20000224   Section       12  main.o(.bss)
    .bss                                     0x20000230   Section      200  usart.o(.bss)
    .bss                                     0x20000300   Section    108800  malloc.o(.bss)
    .bss                                     0x2001ac00   Section      800  usart2.o(.bss)
    .bss                                     0x2001af20   Section      800  usart3.o(.bss)
    .bss                                     0x2001b240   Section       96  libspace.o(.bss)
    HEAP                                     0x2001b2a0   Section      512  startup_stm32f40_41xxx.o(HEAP)
    Heap_Mem                                 0x2001b2a0   Data         512  startup_stm32f40_41xxx.o(HEAP)
    STACK                                    0x2001b4a0   Section     1024  startup_stm32f40_41xxx.o(STACK)
    Stack_Mem                                0x2001b4a0   Data        1024  startup_stm32f40_41xxx.o(STACK)
    __initial_sp                             0x2001b8a0   Data           0  startup_stm32f40_41xxx.o(STACK)
    .ARM.__AT_0x68000000                     0x68000000   Section    983040  malloc.o(.ARM.__AT_0x68000000)
    .ARM.__AT_0x680F0000                     0x680f0000   Section    61440  malloc.o(.ARM.__AT_0x680F0000)

    Global Symbols

    Symbol Name                              Value     Ov Type        Size  Object(Section)

    BuildAttributes$$THM_ISAv4$E$P$D$K$B$S$7EM$VFPi3$EXTD16$VFPS$VFMA$PE$A:L22UL41UL21$X:L11$S22US41US21$IEEE1$IW$USESV6$~STKCKD$USESV7$~SHL$OTIME$ROPI$IEEEJ$EBA8$UX$STANDARDLIB$REQ8$PRES8$EABIv2 0x00000000   Number         0  anon$$obj.o ABSOLUTE
    __ARM_use_no_argv                        0x00000000   Number         0  main.o ABSOLUTE
    _printf_flags                            0x00000000   Number         0  printf_stubs.o ABSOLUTE
    _printf_return_value                     0x00000000   Number         0  printf_stubs.o ABSOLUTE
    _printf_sizespec                         0x00000000   Number         0  printf_stubs.o ABSOLUTE
    _printf_widthprec                        0x00000000   Number         0  printf_stubs.o ABSOLUTE
    __ARM_exceptions_init                     - Undefined Weak Reference
    __alloca_initialize                       - Undefined Weak Reference
    __arm_preinit_                            - Undefined Weak Reference
    __cpp_initialize__aeabi_                  - Undefined Weak Reference
    __cxa_finalize                            - Undefined Weak Reference
    __sigvec_lookup                           - Undefined Weak Reference
    _atexit_init                              - Undefined Weak Reference
    _call_atexit_fns                          - Undefined Weak Reference
    _clock_init                               - Undefined Weak Reference
    _fp_trap_init                             - Undefined Weak Reference
    _fp_trap_shutdown                         - Undefined Weak Reference
    _get_lc_collate                           - Undefined Weak Reference
    _get_lc_monetary                          - Undefined Weak Reference
    _get_lc_time                              - Undefined Weak Reference
    _getenv_init                              - Undefined Weak Reference
    _handle_redirection                       - Undefined Weak Reference
    _init_alloc                               - Undefined Weak Reference
    _init_user_alloc                          - Undefined Weak Reference
    _initio                                   - Undefined Weak Reference
    _mutex_acquire                            - Undefined Weak Reference
    _mutex_release                            - Undefined Weak Reference
    _printf_mbtowc                            - Undefined Weak Reference
    _printf_wc                                - Undefined Weak Reference
    _rand_init                                - Undefined Weak Reference
    _signal_finish                            - Undefined Weak Reference
    _signal_init                              - Undefined Weak Reference
    _terminate_alloc                          - Undefined Weak Reference
    _terminate_user_alloc                     - Undefined Weak Reference
    _terminateio                              - Undefined Weak Reference
    __Vectors_Size                           0x00000188   Number         0  startup_stm32f40_41xxx.o ABSOLUTE
    __Vectors                                0x08000000   Data           4  startup_stm32f40_41xxx.o(RESET)
    __Vectors_End                            0x08000188   Data           0  startup_stm32f40_41xxx.o(RESET)
    __main                                   0x08000189   Thumb Code     8  __main.o(!!!main)
    __scatterload                            0x08000191   Thumb Code     0  __scatter.o(!!!scatter)
    __scatterload_rt2                        0x08000191   Thumb Code    44  __scatter.o(!!!scatter)
    __scatterload_rt2_thumb_only             0x08000191   Thumb Code     0  __scatter.o(!!!scatter)
    __scatterload_null                       0x0800019f   Thumb Code     0  __scatter.o(!!!scatter)
    __decompress                             0x080001c5   Thumb Code    90  __dczerorl2.o(!!dczerorl2)
    __decompress1                            0x080001c5   Thumb Code     0  __dczerorl2.o(!!dczerorl2)
    __scatterload_zeroinit                   0x08000221   Thumb Code    28  __scatter_zi.o(!!handler_zi)
    _printf_n                                0x0800023d   Thumb Code     0  _printf_n.o(.ARM.Collect$$_printf_percent$$00000001)
    _printf_percent                          0x0800023d   Thumb Code     0  _printf_percent.o(.ARM.Collect$$_printf_percent$$00000000)
    _printf_p                                0x08000243   Thumb Code     0  _printf_p.o(.ARM.Collect$$_printf_percent$$00000002)
    _printf_f                                0x08000249   Thumb Code     0  _printf_f.o(.ARM.Collect$$_printf_percent$$00000003)
    _printf_e                                0x0800024f   Thumb Code     0  _printf_e.o(.ARM.Collect$$_printf_percent$$00000004)
    _printf_g                                0x08000255   Thumb Code     0  _printf_g.o(.ARM.Collect$$_printf_percent$$00000005)
    _printf_a                                0x0800025b   Thumb Code     0  _printf_a.o(.ARM.Collect$$_printf_percent$$00000006)
    _printf_ll                               0x08000261   Thumb Code     0  _printf_ll.o(.ARM.Collect$$_printf_percent$$00000007)
    _printf_i                                0x0800026b   Thumb Code     0  _printf_i.o(.ARM.Collect$$_printf_percent$$00000008)
    _printf_d                                0x08000271   Thumb Code     0  _printf_d.o(.ARM.Collect$$_printf_percent$$00000009)
    _printf_u                                0x08000277   Thumb Code     0  _printf_u.o(.ARM.Collect$$_printf_percent$$0000000A)
    _printf_o                                0x0800027d   Thumb Code     0  _printf_o.o(.ARM.Collect$$_printf_percent$$0000000B)
    _printf_x                                0x08000283   Thumb Code     0  _printf_x.o(.ARM.Collect$$_printf_percent$$0000000C)
    _printf_lli                              0x08000289   Thumb Code     0  _printf_lli.o(.ARM.Collect$$_printf_percent$$0000000D)
    _printf_lld                              0x0800028f   Thumb Code     0  _printf_lld.o(.ARM.Collect$$_printf_percent$$0000000E)
    _printf_llu                              0x08000295   Thumb Code     0  _printf_llu.o(.ARM.Collect$$_printf_percent$$0000000F)
    _printf_llo                              0x0800029b   Thumb Code     0  _printf_llo.o(.ARM.Collect$$_printf_percent$$00000010)
    _printf_llx                              0x080002a1   Thumb Code     0  _printf_llx.o(.ARM.Collect$$_printf_percent$$00000011)
    _printf_l                                0x080002a7   Thumb Code     0  _printf_l.o(.ARM.Collect$$_printf_percent$$00000012)
    _printf_c                                0x080002b1   Thumb Code     0  _printf_c.o(.ARM.Collect$$_printf_percent$$00000013)
    _printf_s                                0x080002b7   Thumb Code     0  _printf_s.o(.ARM.Collect$$_printf_percent$$00000014)
    _printf_lc                               0x080002bd   Thumb Code     0  _printf_lc.o(.ARM.Collect$$_printf_percent$$00000015)
    _printf_ls                               0x080002c3   Thumb Code     0  _printf_ls.o(.ARM.Collect$$_printf_percent$$00000016)
    _printf_percent_end                      0x080002c9   Thumb Code     0  _printf_percent_end.o(.ARM.Collect$$_printf_percent$$00000017)
    __rt_lib_init                            0x080002cd   Thumb Code     0  libinit.o(.ARM.Collect$$libinit$$00000000)
    __rt_lib_init_fp_1                       0x080002cf   Thumb Code     0  libinit2.o(.ARM.Collect$$libinit$$00000001)
    __rt_lib_init_heap_1                     0x080002d3   Thumb Code     0  libinit2.o(.ARM.Collect$$libinit$$0000000A)
    __rt_lib_init_lc_common                  0x080002d3   Thumb Code     0  libinit2.o(.ARM.Collect$$libinit$$0000000F)
    __rt_lib_init_preinit_1                  0x080002d3   Thumb Code     0  libinit2.o(.ARM.Collect$$libinit$$00000004)
    __rt_lib_init_rand_1                     0x080002d3   Thumb Code     0  libinit2.o(.ARM.Collect$$libinit$$0000000E)
    __rt_lib_init_user_alloc_1               0x080002d3   Thumb Code     0  libinit2.o(.ARM.Collect$$libinit$$0000000C)
    __rt_lib_init_lc_collate_1               0x080002d9   Thumb Code     0  libinit2.o(.ARM.Collect$$libinit$$00000011)
    __rt_lib_init_lc_ctype_2                 0x080002d9   Thumb Code     0  libinit2.o(.ARM.Collect$$libinit$$00000012)
    __rt_lib_init_lc_ctype_1                 0x080002e5   Thumb Code     0  libinit2.o(.ARM.Collect$$libinit$$00000013)
    __rt_lib_init_lc_monetary_1              0x080002e5   Thumb Code     0  libinit2.o(.ARM.Collect$$libinit$$00000015)
    __rt_lib_init_lc_numeric_2               0x080002e5   Thumb Code     0  libinit2.o(.ARM.Collect$$libinit$$00000016)
    __rt_lib_init_alloca_1                   0x080002ef   Thumb Code     0  libinit2.o(.ARM.Collect$$libinit$$0000002E)
    __rt_lib_init_argv_1                     0x080002ef   Thumb Code     0  libinit2.o(.ARM.Collect$$libinit$$0000002C)
    __rt_lib_init_atexit_1                   0x080002ef   Thumb Code     0  libinit2.o(.ARM.Collect$$libinit$$0000001B)
    __rt_lib_init_clock_1                    0x080002ef   Thumb Code     0  libinit2.o(.ARM.Collect$$libinit$$00000021)
    __rt_lib_init_cpp_1                      0x080002ef   Thumb Code     0  libinit2.o(.ARM.Collect$$libinit$$00000032)
    __rt_lib_init_exceptions_1               0x080002ef   Thumb Code     0  libinit2.o(.ARM.Collect$$libinit$$00000030)
    __rt_lib_init_fp_trap_1                  0x080002ef   Thumb Code     0  libinit2.o(.ARM.Collect$$libinit$$0000001F)
    __rt_lib_init_getenv_1                   0x080002ef   Thumb Code     0  libinit2.o(.ARM.Collect$$libinit$$00000023)
    __rt_lib_init_lc_numeric_1               0x080002ef   Thumb Code     0  libinit2.o(.ARM.Collect$$libinit$$00000017)
    __rt_lib_init_lc_time_1                  0x080002ef   Thumb Code     0  libinit2.o(.ARM.Collect$$libinit$$00000019)
    __rt_lib_init_return                     0x080002ef   Thumb Code     0  libinit2.o(.ARM.Collect$$libinit$$00000033)
    __rt_lib_init_signal_1                   0x080002ef   Thumb Code     0  libinit2.o(.ARM.Collect$$libinit$$0000001D)
    __rt_lib_init_stdio_1                    0x080002ef   Thumb Code     0  libinit2.o(.ARM.Collect$$libinit$$00000025)
    __rt_lib_shutdown                        0x080002f1   Thumb Code     0  libshutdown.o(.ARM.Collect$$libshutdown$$00000000)
    __rt_lib_shutdown_fp_trap_1              0x080002f3   Thumb Code     0  libshutdown2.o(.ARM.Collect$$libshutdown$$00000006)
    __rt_lib_shutdown_heap_1                 0x080002f3   Thumb Code     0  libshutdown2.o(.ARM.Collect$$libshutdown$$0000000E)
    __rt_lib_shutdown_return                 0x080002f3   Thumb Code     0  libshutdown2.o(.ARM.Collect$$libshutdown$$0000000F)
    __rt_lib_shutdown_signal_1               0x080002f3   Thumb Code     0  libshutdown2.o(.ARM.Collect$$libshutdown$$00000009)
    __rt_lib_shutdown_stdio_1                0x080002f3   Thumb Code     0  libshutdown2.o(.ARM.Collect$$libshutdown$$00000003)
    __rt_lib_shutdown_user_alloc_1           0x080002f3   Thumb Code     0  libshutdown2.o(.ARM.Collect$$libshutdown$$0000000B)
    __rt_entry                               0x080002f5   Thumb Code     0  __rtentry.o(.ARM.Collect$$rtentry$$00000000)
    __rt_entry_presh_1                       0x080002f5   Thumb Code     0  __rtentry2.o(.ARM.Collect$$rtentry$$00000002)
    __rt_entry_sh                            0x080002f5   Thumb Code     0  __rtentry4.o(.ARM.Collect$$rtentry$$00000004)
    __rt_entry_li                            0x080002fb   Thumb Code     0  __rtentry2.o(.ARM.Collect$$rtentry$$0000000A)
    __rt_entry_postsh_1                      0x080002fb   Thumb Code     0  __rtentry2.o(.ARM.Collect$$rtentry$$00000009)
    __rt_entry_main                          0x080002ff   Thumb Code     0  __rtentry2.o(.ARM.Collect$$rtentry$$0000000D)
    __rt_entry_postli_1                      0x080002ff   Thumb Code     0  __rtentry2.o(.ARM.Collect$$rtentry$$0000000C)
    __rt_exit                                0x08000307   Thumb Code     0  rtexit.o(.ARM.Collect$$rtexit$$00000000)
    __rt_exit_ls                             0x08000309   Thumb Code     0  rtexit2.o(.ARM.Collect$$rtexit$$00000003)
    __rt_exit_prels_1                        0x08000309   Thumb Code     0  rtexit2.o(.ARM.Collect$$rtexit$$00000002)
    __rt_exit_exit                           0x0800030d   Thumb Code     0  rtexit2.o(.ARM.Collect$$rtexit$$00000004)
    Reset_Handler                            0x08000315   Thumb Code     8  startup_stm32f40_41xxx.o(.text)
    ADC_IRQHandler                           0x0800032f   Thumb Code     0  startup_stm32f40_41xxx.o(.text)
    CAN1_RX0_IRQHandler                      0x0800032f   Thumb Code     0  startup_stm32f40_41xxx.o(.text)
    CAN1_RX1_IRQHandler                      0x0800032f   Thumb Code     0  startup_stm32f40_41xxx.o(.text)
    CAN1_SCE_IRQHandler                      0x0800032f   Thumb Code     0  startup_stm32f40_41xxx.o(.text)
    CAN1_TX_IRQHandler                       0x0800032f   Thumb Code     0  startup_stm32f40_41xxx.o(.text)
    CAN2_RX0_IRQHandler                      0x0800032f   Thumb Code     0  startup_stm32f40_41xxx.o(.text)
    CAN2_RX1_IRQHandler                      0x0800032f   Thumb Code     0  startup_stm32f40_41xxx.o(.text)
    CAN2_SCE_IRQHandler                      0x0800032f   Thumb Code     0  startup_stm32f40_41xxx.o(.text)
    CAN2_TX_IRQHandler                       0x0800032f   Thumb Code     0  startup_stm32f40_41xxx.o(.text)
    CRYP_IRQHandler                          0x0800032f   Thumb Code     0  startup_stm32f40_41xxx.o(.text)
    DCMI_IRQHandler                          0x0800032f   Thumb Code     0  startup_stm32f40_41xxx.o(.text)
    DMA1_Stream0_IRQHandler                  0x0800032f   Thumb Code     0  startup_stm32f40_41xxx.o(.text)
    DMA1_Stream1_IRQHandler                  0x0800032f   Thumb Code     0  startup_stm32f40_41xxx.o(.text)
    DMA1_Stream2_IRQHandler                  0x0800032f   Thumb Code     0  startup_stm32f40_41xxx.o(.text)
    DMA1_Stream3_IRQHandler                  0x0800032f   Thumb Code     0  startup_stm32f40_41xxx.o(.text)
    DMA1_Stream4_IRQHandler                  0x0800032f   Thumb Code     0  startup_stm32f40_41xxx.o(.text)
    DMA1_Stream5_IRQHandler                  0x0800032f   Thumb Code     0  startup_stm32f40_41xxx.o(.text)
    DMA1_Stream6_IRQHandler                  0x0800032f   Thumb Code     0  startup_stm32f40_41xxx.o(.text)
    DMA1_Stream7_IRQHandler                  0x0800032f   Thumb Code     0  startup_stm32f40_41xxx.o(.text)
    DMA2_Stream0_IRQHandler                  0x0800032f   Thumb Code     0  startup_stm32f40_41xxx.o(.text)
    DMA2_Stream1_IRQHandler                  0x0800032f   Thumb Code     0  startup_stm32f40_41xxx.o(.text)
    DMA2_Stream2_IRQHandler                  0x0800032f   Thumb Code     0  startup_stm32f40_41xxx.o(.text)
    DMA2_Stream3_IRQHandler                  0x0800032f   Thumb Code     0  startup_stm32f40_41xxx.o(.text)
    DMA2_Stream4_IRQHandler                  0x0800032f   Thumb Code     0  startup_stm32f40_41xxx.o(.text)
    DMA2_Stream5_IRQHandler                  0x0800032f   Thumb Code     0  startup_stm32f40_41xxx.o(.text)
    DMA2_Stream6_IRQHandler                  0x0800032f   Thumb Code     0  startup_stm32f40_41xxx.o(.text)
    DMA2_Stream7_IRQHandler                  0x0800032f   Thumb Code     0  startup_stm32f40_41xxx.o(.text)
    ETH_IRQHandler                           0x0800032f   Thumb Code     0  startup_stm32f40_41xxx.o(.text)
    ETH_WKUP_IRQHandler                      0x0800032f   Thumb Code     0  startup_stm32f40_41xxx.o(.text)
    EXTI15_10_IRQHandler                     0x0800032f   Thumb Code     0  startup_stm32f40_41xxx.o(.text)
    EXTI1_IRQHandler                         0x0800032f   Thumb Code     0  startup_stm32f40_41xxx.o(.text)
    EXTI2_IRQHandler                         0x0800032f   Thumb Code     0  startup_stm32f40_41xxx.o(.text)
    FLASH_IRQHandler                         0x0800032f   Thumb Code     0  startup_stm32f40_41xxx.o(.text)
    FPU_IRQHandler                           0x0800032f   Thumb Code     0  startup_stm32f40_41xxx.o(.text)
    FSMC_IRQHandler                          0x0800032f   Thumb Code     0  startup_stm32f40_41xxx.o(.text)
    HASH_RNG_IRQHandler                      0x0800032f   Thumb Code     0  startup_stm32f40_41xxx.o(.text)
    I2C1_ER_IRQHandler                       0x0800032f   Thumb Code     0  startup_stm32f40_41xxx.o(.text)
    I2C1_EV_IRQHandler                       0x0800032f   Thumb Code     0  startup_stm32f40_41xxx.o(.text)
    I2C2_ER_IRQHandler                       0x0800032f   Thumb Code     0  startup_stm32f40_41xxx.o(.text)
    I2C2_EV_IRQHandler                       0x0800032f   Thumb Code     0  startup_stm32f40_41xxx.o(.text)
    I2C3_ER_IRQHandler                       0x0800032f   Thumb Code     0  startup_stm32f40_41xxx.o(.text)
    I2C3_EV_IRQHandler                       0x0800032f   Thumb Code     0  startup_stm32f40_41xxx.o(.text)
    OTG_FS_IRQHandler                        0x0800032f   Thumb Code     0  startup_stm32f40_41xxx.o(.text)
    OTG_FS_WKUP_IRQHandler                   0x0800032f   Thumb Code     0  startup_stm32f40_41xxx.o(.text)
    OTG_HS_EP1_IN_IRQHandler                 0x0800032f   Thumb Code     0  startup_stm32f40_41xxx.o(.text)
    OTG_HS_EP1_OUT_IRQHandler                0x0800032f   Thumb Code     0  startup_stm32f40_41xxx.o(.text)
    OTG_HS_IRQHandler                        0x0800032f   Thumb Code     0  startup_stm32f40_41xxx.o(.text)
    OTG_HS_WKUP_IRQHandler                   0x0800032f   Thumb Code     0  startup_stm32f40_41xxx.o(.text)
    PVD_IRQHandler                           0x0800032f   Thumb Code     0  startup_stm32f40_41xxx.o(.text)
    RCC_IRQHandler                           0x0800032f   Thumb Code     0  startup_stm32f40_41xxx.o(.text)
    RTC_Alarm_IRQHandler                     0x0800032f   Thumb Code     0  startup_stm32f40_41xxx.o(.text)
    RTC_WKUP_IRQHandler                      0x0800032f   Thumb Code     0  startup_stm32f40_41xxx.o(.text)
    SDIO_IRQHandler                          0x0800032f   Thumb Code     0  startup_stm32f40_41xxx.o(.text)
    SPI1_IRQHandler                          0x0800032f   Thumb Code     0  startup_stm32f40_41xxx.o(.text)
    SPI2_IRQHandler                          0x0800032f   Thumb Code     0  startup_stm32f40_41xxx.o(.text)
    SPI3_IRQHandler                          0x0800032f   Thumb Code     0  startup_stm32f40_41xxx.o(.text)
    TAMP_STAMP_IRQHandler                    0x0800032f   Thumb Code     0  startup_stm32f40_41xxx.o(.text)
    TIM1_BRK_TIM9_IRQHandler                 0x0800032f   Thumb Code     0  startup_stm32f40_41xxx.o(.text)
    TIM1_CC_IRQHandler                       0x0800032f   Thumb Code     0  startup_stm32f40_41xxx.o(.text)
    TIM1_TRG_COM_TIM11_IRQHandler            0x0800032f   Thumb Code     0  startup_stm32f40_41xxx.o(.text)
    TIM1_UP_TIM10_IRQHandler                 0x0800032f   Thumb Code     0  startup_stm32f40_41xxx.o(.text)
    TIM2_IRQHandler                          0x0800032f   Thumb Code     0  startup_stm32f40_41xxx.o(.text)
    TIM6_DAC_IRQHandler                      0x0800032f   Thumb Code     0  startup_stm32f40_41xxx.o(.text)
    TIM8_BRK_TIM12_IRQHandler                0x0800032f   Thumb Code     0  startup_stm32f40_41xxx.o(.text)
    TIM8_CC_IRQHandler                       0x0800032f   Thumb Code     0  startup_stm32f40_41xxx.o(.text)
    TIM8_TRG_COM_TIM14_IRQHandler            0x0800032f   Thumb Code     0  startup_stm32f40_41xxx.o(.text)
    TIM8_UP_TIM13_IRQHandler                 0x0800032f   Thumb Code     0  startup_stm32f40_41xxx.o(.text)
    UART4_IRQHandler                         0x0800032f   Thumb Code     0  startup_stm32f40_41xxx.o(.text)
    UART5_IRQHandler                         0x0800032f   Thumb Code     0  startup_stm32f40_41xxx.o(.text)
    USART6_IRQHandler                        0x0800032f   Thumb Code     0  startup_stm32f40_41xxx.o(.text)
    WWDG_IRQHandler                          0x0800032f   Thumb Code     0  startup_stm32f40_41xxx.o(.text)
    __user_initial_stackheap                 0x08000331   Thumb Code     0  startup_stm32f40_41xxx.o(.text)
    __use_no_semihosting                     0x08000355   Thumb Code     2  use_no_semi_2.o(.text)
    vsprintf                                 0x08000359   Thumb Code    32  vsprintf.o(.text)
    __2printf                                0x0800037d   Thumb Code    20  __2printf.o(.text)
    __2sprintf                               0x08000395   Thumb Code    38  __2sprintf.o(.text)
    _printf_pre_padding                      0x080003c1   Thumb Code    44  _printf_pad.o(.text)
    _printf_post_padding                     0x080003ed   Thumb Code    34  _printf_pad.o(.text)
    _printf_str                              0x0800040f   Thumb Code    82  _printf_str.o(.text)
    _printf_int_dec                          0x08000461   Thumb Code   104  _printf_dec.o(.text)
    _printf_longlong_hex                     0x080004d9   Thumb Code    86  _printf_hex_int_ll_ptr.o(.text)
    _printf_int_hex                          0x0800052f   Thumb Code    28  _printf_hex_int_ll_ptr.o(.text)
    _printf_ll_hex                           0x0800054b   Thumb Code    12  _printf_hex_int_ll_ptr.o(.text)
    _printf_hex_ptr                          0x08000557   Thumb Code    18  _printf_hex_int_ll_ptr.o(.text)
    __printf                                 0x0800056d   Thumb Code   388  __printf_flags_ss_wp.o(.text)
    strstr                                   0x080006f5   Thumb Code    36  strstr.o(.text)
    strlen                                   0x08000719   Thumb Code    62  strlen.o(.text)
    __use_two_region_memory                  0x08000757   Thumb Code     2  heapauxi.o(.text)
    __rt_heap_escrow$2region                 0x08000759   Thumb Code     2  heapauxi.o(.text)
    __rt_heap_expand$2region                 0x0800075b   Thumb Code     2  heapauxi.o(.text)
    __I$use$semihosting                      0x0800075d   Thumb Code     0  use_no_semi.o(.text)
    __use_no_semihosting_swi                 0x0800075d   Thumb Code     2  use_no_semi.o(.text)
    _printf_truncate_signed                  0x0800075f   Thumb Code    18  _printf_truncate.o(.text)
    _printf_truncate_unsigned                0x08000771   Thumb Code    18  _printf_truncate.o(.text)
    _printf_int_common                       0x08000783   Thumb Code   178  _printf_intcommon.o(.text)
    _printf_charcount                        0x08000835   Thumb Code    40  _printf_charcount.o(.text)
    _printf_char_common                      0x08000867   Thumb Code    32  _printf_char_common.o(.text)
    _sputc                                   0x0800088d   Thumb Code    10  _sputc.o(.text)
    _printf_cs_common                        0x08000897   Thumb Code    20  _printf_char.o(.text)
    _printf_char                             0x080008ab   Thumb Code    16  _printf_char.o(.text)
    _printf_string                           0x080008bb   Thumb Code     8  _printf_char.o(.text)
    _printf_char_file                        0x080008c5   Thumb Code    32  _printf_char_file.o(.text)
    _printf_wctomb                           0x080008e9   Thumb Code   182  _printf_wctomb.o(.text)
    _printf_longlong_dec                     0x080009a5   Thumb Code   108  _printf_longlong_dec.o(.text)
    _printf_longlong_oct                     0x08000a21   Thumb Code    68  _printf_oct_int_ll.o(.text)
    _printf_int_oct                          0x08000a65   Thumb Code    24  _printf_oct_int_ll.o(.text)
    _printf_ll_oct                           0x08000a7d   Thumb Code    12  _printf_oct_int_ll.o(.text)
    _ll_udiv10                               0x08000a91   Thumb Code   138  lludiv10.o(.text)
    __lib_sel_fp_printf                      0x08000b1b   Thumb Code     2  _printf_fp_dec.o(.text)
    _printf_fp_dec_real                      0x08000cc9   Thumb Code   620  _printf_fp_dec.o(.text)
    _printf_fp_hex_real                      0x08000f35   Thumb Code   754  _printf_fp_hex.o(.text)
    _printf_lcs_common                       0x08001231   Thumb Code    20  _printf_wchar.o(.text)
    _printf_wchar                            0x08001245   Thumb Code    16  _printf_wchar.o(.text)
    _printf_wstring                          0x08001255   Thumb Code     8  _printf_wchar.o(.text)
    ferror                                   0x0800125d   Thumb Code     8  ferror.o(.text)
    _wcrtomb                                 0x08001265   Thumb Code    64  _wcrtomb.o(.text)
    __user_setup_stackheap                   0x080012a5   Thumb Code    74  sys_stackheap_outer.o(.text)
    __rt_ctype_table                         0x080012f1   Thumb Code    16  rt_ctype_table.o(.text)
    __rt_locale                              0x08001301   Thumb Code     8  rt_locale_intlibspace.o(.text)
    _printf_fp_infnan                        0x08001309   Thumb Code   112  _printf_fp_infnan.o(.text)
    _btod_etento                             0x08001389   Thumb Code   216  bigflt0.o(.text)
    exit                                     0x08001465   Thumb Code    12  exit.o(.text)
    __user_libspace                          0x08001471   Thumb Code     8  libspace.o(.text)
    __user_perproc_libspace                  0x08001471   Thumb Code     0  libspace.o(.text)
    __user_perthread_libspace                0x08001471   Thumb Code     0  libspace.o(.text)
    strcmp                                   0x08001479   Thumb Code   128  strcmpv7m.o(.text)
    _btod_d2e                                0x080014f9   Thumb Code    62  btod.o(CL$$btod_d2e)
    _d2e_denorm_low                          0x08001537   Thumb Code    70  btod.o(CL$$btod_d2e_denorm_low)
    _d2e_norm_op1                            0x0800157d   Thumb Code    96  btod.o(CL$$btod_d2e_norm_op1)
    __btod_div_common                        0x080015dd   Thumb Code   696  btod.o(CL$$btod_div_common)
    _e2e                                     0x08001915   Thumb Code   198  btod.o(CL$$btod_e2e)
    _btod_ediv                               0x080019db   Thumb Code    40  btod.o(CL$$btod_ediv)
    _btod_emul                               0x08001a03   Thumb Code    40  btod.o(CL$$btod_emul)
    __btod_mult_common                       0x08001a2b   Thumb Code   580  btod.o(CL$$btod_mult_common)
    Add_FR                                   0x08001c71   Thumb Code   546  main.o(i.Add_FR)
    BusFault_Handler                         0x08001f41   Thumb Code     4  stm32f4xx_it.o(i.BusFault_Handler)
    DebugMon_Handler                         0x08001f45   Thumb Code     2  stm32f4xx_it.o(i.DebugMon_Handler)
    EXTI0_IRQHandler                         0x08001f49   Thumb Code    44  exti.o(i.EXTI0_IRQHandler)
    EXTI3_IRQHandler                         0x08001f7d   Thumb Code    24  exti.o(i.EXTI3_IRQHandler)
    EXTI4_IRQHandler                         0x08001f99   Thumb Code    24  exti.o(i.EXTI4_IRQHandler)
    EXTI8_Init                               0x08001fb5   Thumb Code    70  exti.o(i.EXTI8_Init)
    EXTI9_5_IRQHandler                       0x08001ffd   Thumb Code    52  exti.o(i.EXTI9_5_IRQHandler)
    EXTI_ClearITPendingBit                   0x0800203d   Thumb Code     6  stm32f4xx_exti.o(i.EXTI_ClearITPendingBit)
    EXTI_GetITStatus                         0x08002049   Thumb Code    20  stm32f4xx_exti.o(i.EXTI_GetITStatus)
    EXTI_Init                                0x08002061   Thumb Code   142  stm32f4xx_exti.o(i.EXTI_Init)
    EnsureMessage                            0x080020f5   Thumb Code   140  as608.o(i.EnsureMessage)
    Esp8266Init                              0x08002365   Thumb Code   196  main.o(i.Esp8266Init)
    GPIO_Init                                0x080024d1   Thumb Code   144  stm32f4xx_gpio.o(i.GPIO_Init)
    GPIO_PinAFConfig                         0x08002561   Thumb Code    70  stm32f4xx_gpio.o(i.GPIO_PinAFConfig)
    GPIO_ReadInputDataBit                    0x080025a7   Thumb Code    18  stm32f4xx_gpio.o(i.GPIO_ReadInputDataBit)
    GPIO_ResetBits                           0x080025b9   Thumb Code     4  stm32f4xx_gpio.o(i.GPIO_ResetBits)
    GPIO_SetBits                             0x080025bd   Thumb Code     4  stm32f4xx_gpio.o(i.GPIO_SetBits)
    HardFault_Handler                        0x080025c1   Thumb Code     4  stm32f4xx_it.o(i.HardFault_Handler)
    KeyBoardIni                              0x0800264d   Thumb Code    72  main.o(i.KeyBoardIni)
    KeyBoardScan                             0x08002699   Thumb Code   430  main.o(i.KeyBoardScan)
    Key_Init                                 0x0800284d   Thumb Code    42  main.o(i.Key_Init)
    Led_Init                                 0x0800287d   Thumb Code    50  main.o(i.Led_Init)
    Led_Off                                  0x080028b5   Thumb Code    36  main.o(i.Led_Off)
    Led_On                                   0x080028dd   Thumb Code    36  main.o(i.Led_On)
    MemManage_Handler                        0x08002921   Thumb Code     4  stm32f4xx_it.o(i.MemManage_Handler)
    NMI_Handler                              0x08002925   Thumb Code     2  stm32f4xx_it.o(i.NMI_Handler)
    NVIC_Init                                0x08002929   Thumb Code   106  misc.o(i.NVIC_Init)
    NVIC_PriorityGroupConfig                 0x080029a1   Thumb Code    10  misc.o(i.NVIC_PriorityGroupConfig)
    OLED_Clear                               0x080029b5   Thumb Code    64  oled.o(i.OLED_Clear)
    OLED_Init                                0x080029f5   Thumb Code   364  oled.o(i.OLED_Init)
    OLED_Set_Pos                             0x08002b69   Thumb Code    46  oled.o(i.OLED_Set_Pos)
    OLED_ShowChar                            0x08002b99   Thumb Code   106  oled.o(i.OLED_ShowChar)
    OLED_ShowNum                             0x08002c09   Thumb Code   132  oled.o(i.OLED_ShowNum)
    OLED_ShowString                          0x08002c8d   Thumb Code    54  oled.o(i.OLED_ShowString)
    OLED_WR_Byte                             0x08002cc5   Thumb Code   126  oled.o(i.OLED_WR_Byte)
    OV7670_Init                              0x08002d4d   Thumb Code   194  ov7670.o(i.OV7670_Init)
    PS_GenChar                               0x08002e21   Thumb Code    70  as608.o(i.PS_GenChar)
    PS_GetImage                              0x08002e67   Thumb Code    58  as608.o(i.PS_GetImage)
    PS_HandShake                             0x08002ea1   Thumb Code   118  as608.o(i.PS_HandShake)
    PS_HighSpeedSearch                       0x08002f21   Thumb Code   144  as608.o(i.PS_HighSpeedSearch)
    PS_Match                                 0x08002fb1   Thumb Code    58  as608.o(i.PS_Match)
    PS_ReadSysPara                           0x08002fed   Thumb Code   168  as608.o(i.PS_ReadSysPara)
    PS_RegModel                              0x080030dd   Thumb Code    58  as608.o(i.PS_RegModel)
    PS_SetAddr                               0x08003119   Thumb Code   146  as608.o(i.PS_SetAddr)
    PS_StaGPIO_Init                          0x080031cd   Thumb Code    42  as608.o(i.PS_StaGPIO_Init)
    PS_StoreChar                             0x080031fd   Thumb Code    96  as608.o(i.PS_StoreChar)
    PS_ValidTempleteNum                      0x0800325d   Thumb Code   108  as608.o(i.PS_ValidTempleteNum)
    PS_WriteReg                              0x080032e5   Thumb Code   108  as608.o(i.PS_WriteReg)
    PendSV_Handler                           0x0800336d   Thumb Code     2  stm32f4xx_it.o(i.PendSV_Handler)
    RCC_AHB1PeriphClockCmd                   0x08003371   Thumb Code    26  stm32f4xx_rcc.o(i.RCC_AHB1PeriphClockCmd)
    RCC_APB1PeriphClockCmd                   0x08003391   Thumb Code    26  stm32f4xx_rcc.o(i.RCC_APB1PeriphClockCmd)
    RCC_APB1PeriphResetCmd                   0x080033b1   Thumb Code    26  stm32f4xx_rcc.o(i.RCC_APB1PeriphResetCmd)
    RCC_APB2PeriphClockCmd                   0x080033d1   Thumb Code    26  stm32f4xx_rcc.o(i.RCC_APB2PeriphClockCmd)
    RCC_APB2PeriphResetCmd                   0x080033f1   Thumb Code    26  stm32f4xx_rcc.o(i.RCC_APB2PeriphResetCmd)
    RCC_GetClocksFreq                        0x08003411   Thumb Code   214  stm32f4xx_rcc.o(i.RCC_GetClocksFreq)
    SCCB_Init                                0x080034f9   Thumb Code   102  sccb.o(i.SCCB_Init)
    SCCB_No_Ack                              0x08003569   Thumb Code    54  sccb.o(i.SCCB_No_Ack)
    SCCB_RD_Byte                             0x080035b1   Thumb Code    96  sccb.o(i.SCCB_RD_Byte)
    SCCB_RD_Reg                              0x08003621   Thumb Code    78  sccb.o(i.SCCB_RD_Reg)
    SCCB_Start                               0x08003671   Thumb Code    42  sccb.o(i.SCCB_Start)
    SCCB_Stop                                0x080036a5   Thumb Code    42  sccb.o(i.SCCB_Stop)
    SCCB_WR_Byte                             0x080036d9   Thumb Code   144  sccb.o(i.SCCB_WR_Byte)
    SCCB_WR_Reg                              0x08003781   Thumb Code    62  sccb.o(i.SCCB_WR_Reg)
    SPI1_Init                                0x080037c1   Thumb Code   186  spi.o(i.SPI1_Init)
    SPI1_ReadWriteByte                       0x08003885   Thumb Code    50  spi.o(i.SPI1_ReadWriteByte)
    SPI1_SetSpeed                            0x080038bd   Thumb Code    36  spi.o(i.SPI1_SetSpeed)
    SPI_Cmd                                  0x080038e5   Thumb Code    24  stm32f4xx_spi.o(i.SPI_Cmd)
    SPI_I2S_GetFlagStatus                    0x080038fd   Thumb Code    18  stm32f4xx_spi.o(i.SPI_I2S_GetFlagStatus)
    SPI_I2S_ReceiveData                      0x0800390f   Thumb Code     6  stm32f4xx_spi.o(i.SPI_I2S_ReceiveData)
    SPI_I2S_SendData                         0x08003915   Thumb Code     4  stm32f4xx_spi.o(i.SPI_I2S_SendData)
    SPI_Init                                 0x08003919   Thumb Code    60  stm32f4xx_spi.o(i.SPI_Init)
    SVC_Handler                              0x08003955   Thumb Code     2  stm32f4xx_it.o(i.SVC_Handler)
    SYSCFG_EXTILineConfig                    0x08003959   Thumb Code    60  stm32f4xx_syscfg.o(i.SYSCFG_EXTILineConfig)
    SysTick_CLKSourceConfig                  0x08003b09   Thumb Code    40  misc.o(i.SysTick_CLKSourceConfig)
    SysTick_Handler                          0x08003b31   Thumb Code     2  stm32f4xx_it.o(i.SysTick_Handler)
    SystemInit                               0x08003b35   Thumb Code    88  system_stm32f4xx.o(i.SystemInit)
    TIM3_IRQHandler                          0x08003b9d   Thumb Code    22  timer.o(i.TIM3_IRQHandler)
    TIM4_IRQHandler                          0x08003bb9   Thumb Code    46  usmart.o(i.TIM4_IRQHandler)
    TIM5_IRQHandler                          0x08003bf1   Thumb Code   178  timer.o(i.TIM5_IRQHandler)
    TIM6_Int_Init                            0x08003cb1   Thumb Code    88  timer.o(i.TIM6_Int_Init)
    TIM7_IRQHandler                          0x08003d0d   Thumb Code    42  timer.o(i.TIM7_IRQHandler)
    TIM7_Int_Init                            0x08003d41   Thumb Code    76  timer.o(i.TIM7_Int_Init)
    TIM_ClearFlag                            0x08003d91   Thumb Code     6  stm32f4xx_tim.o(i.TIM_ClearFlag)
    TIM_ClearITPendingBit                    0x08003d97   Thumb Code     6  stm32f4xx_tim.o(i.TIM_ClearITPendingBit)
    TIM_Cmd                                  0x08003d9d   Thumb Code    24  stm32f4xx_tim.o(i.TIM_Cmd)
    TIM_GetCapture1                          0x08003db5   Thumb Code     6  stm32f4xx_tim.o(i.TIM_GetCapture1)
    TIM_GetCounter                           0x08003dbb   Thumb Code     6  stm32f4xx_tim.o(i.TIM_GetCounter)
    TIM_GetFlagStatus                        0x08003dc1   Thumb Code    18  stm32f4xx_tim.o(i.TIM_GetFlagStatus)
    TIM_GetITStatus                          0x08003dd3   Thumb Code    34  stm32f4xx_tim.o(i.TIM_GetITStatus)
    TIM_ITConfig                             0x08003df5   Thumb Code    18  stm32f4xx_tim.o(i.TIM_ITConfig)
    TIM_OC1PolarityConfig                    0x08003e07   Thumb Code    18  stm32f4xx_tim.o(i.TIM_OC1PolarityConfig)
    TIM_SetAutoreload                        0x08003e19   Thumb Code     4  stm32f4xx_tim.o(i.TIM_SetAutoreload)
    TIM_SetCounter                           0x08003e1d   Thumb Code     4  stm32f4xx_tim.o(i.TIM_SetCounter)
    TIM_TimeBaseInit                         0x08003e21   Thumb Code   104  stm32f4xx_tim.o(i.TIM_TimeBaseInit)
    Timer4_Init                              0x08003ea5   Thumb Code    88  usmart.o(i.Timer4_Init)
    USART1_IRQHandler                        0x08003f01   Thumb Code   122  usart.o(i.USART1_IRQHandler)
    USART2_IRQHandler                        0x08003f89   Thumb Code    96  usart2.o(i.USART2_IRQHandler)
    USART3_IRQHandler                        0x08003ff9   Thumb Code    96  usart3.o(i.USART3_IRQHandler)
    USART_Cmd                                0x08004069   Thumb Code    24  stm32f4xx_usart.o(i.USART_Cmd)
    USART_DeInit                             0x08004081   Thumb Code   206  stm32f4xx_usart.o(i.USART_DeInit)
    USART_GetFlagStatus                      0x08004171   Thumb Code    26  stm32f4xx_usart.o(i.USART_GetFlagStatus)
    USART_GetITStatus                        0x0800418b   Thumb Code    84  stm32f4xx_usart.o(i.USART_GetITStatus)
    USART_ITConfig                           0x080041df   Thumb Code    74  stm32f4xx_usart.o(i.USART_ITConfig)
    USART_Init                               0x08004229   Thumb Code   204  stm32f4xx_usart.o(i.USART_Init)
    USART_ReceiveData                        0x080042fd   Thumb Code    10  stm32f4xx_usart.o(i.USART_ReceiveData)
    USART_SendData                           0x08004307   Thumb Code     8  stm32f4xx_usart.o(i.USART_SendData)
    UsageFault_Handler                       0x0800430f   Thumb Code     4  stm32f4xx_it.o(i.UsageFault_Handler)
    W25QXX_Init                              0x08004315   Thumb Code   102  w25qxx.o(i.W25QXX_Init)
    W25QXX_ReadID                            0x0800438d   Thumb Code    64  w25qxx.o(i.W25QXX_ReadID)
    __ARM_fpclassify                         0x080043d5   Thumb Code    48  fpclassify.o(i.__ARM_fpclassify)
    _is_digit                                0x08004405   Thumb Code    14  __printf_wp.o(i._is_digit)
    _sys_exit                                0x08004413   Thumb Code     4  usart.o(i._sys_exit)
    atk_8266_check_cmd                       0x08004419   Thumb Code    44  esp8266.o(i.atk_8266_check_cmd)
    atk_8266_send_cmd                        0x0800444d   Thumb Code    92  esp8266.o(i.atk_8266_send_cmd)
    atk_8266_send_data                       0x080044c1   Thumb Code    84  esp8266.o(i.atk_8266_send_data)
    delay_init                               0x0800451d   Thumb Code    52  delay.o(i.delay_init)
    delay_ms                                 0x08004559   Thumb Code    56  delay.o(i.delay_ms)
    delay_us                                 0x08004591   Thumb Code    72  delay.o(i.delay_us)
    delay_xms                                0x080045dd   Thumb Code    72  delay.o(i.delay_xms)
    fputc                                    0x08004629   Thumb Code    22  usart.o(i.fputc)
    main                                     0x08004645   Thumb Code   438  main.o(i.main)
    my_mem_free                              0x08004845   Thumb Code    96  malloc.o(i.my_mem_free)
    my_mem_init                              0x080048b1   Thumb Code    54  malloc.o(i.my_mem_init)
    my_mem_malloc                            0x080048f5   Thumb Code   156  malloc.o(i.my_mem_malloc)
    my_mem_perused                           0x0800499d   Thumb Code    54  malloc.o(i.my_mem_perused)
    myfree                                   0x080049dd   Thumb Code    30  malloc.o(i.myfree)
    mymalloc                                 0x08004a01   Thumb Code    34  malloc.o(i.mymalloc)
    mymemset                                 0x08004a29   Thumb Code    20  malloc.o(i.mymemset)
    oled_pow                                 0x08004a3d   Thumb Code    22  oled.o(i.oled_pow)
    press_FR                                 0x08004a55   Thumb Code   128  main.o(i.press_FR)
    read_addr                                0x08004afd   Thumb Code     6  usmart.o(i.read_addr)
    u3_printf                                0x08004b05   Thumb Code    72  usart3.o(i.u3_printf)
    uart_init                                0x08004b55   Thumb Code   166  usart.o(i.uart_init)
    usart2_init                              0x08004c05   Thumb Code   196  usart2.o(i.usart2_init)
    usart3_init                              0x08004cd9   Thumb Code   190  usart3.o(i.usart3_init)
    usmart_cmd_rec                           0x08004da9   Thumb Code   170  usmart.o(i.usmart_cmd_rec)
    usmart_exe                               0x08004e59   Thumb Code   632  usmart.o(i.usmart_exe)
    usmart_get_aparm                         0x0800512d   Thumb Code   200  usmart_str.o(i.usmart_get_aparm)
    usmart_get_cmdname                       0x080051f5   Thumb Code    54  usmart_str.o(i.usmart_get_cmdname)
    usmart_get_fname                         0x0800522d   Thumb Code   440  usmart_str.o(i.usmart_get_fname)
    usmart_get_fparam                        0x080053ed   Thumb Code   262  usmart_str.o(i.usmart_get_fparam)
    usmart_get_parmpos                       0x080054f9   Thumb Code    26  usmart_str.o(i.usmart_get_parmpos)
    usmart_get_runtime                       0x08005519   Thumb Code    60  usmart.o(i.usmart_get_runtime)
    usmart_init                              0x0800555d   Thumb Code    36  usmart.o(i.usmart_init)
    usmart_pow                               0x08005585   Thumb Code    22  usmart_str.o(i.usmart_pow)
    usmart_reset_runtime                     0x0800559d   Thumb Code    38  usmart.o(i.usmart_reset_runtime)
    usmart_scan                              0x080055cd   Thumb Code   120  usmart.o(i.usmart_scan)
    usmart_search_nextc                      0x08005689   Thumb Code    22  usmart_str.o(i.usmart_search_nextc)
    usmart_str2num                           0x0800569f   Thumb Code   202  usmart_str.o(i.usmart_str2num)
    usmart_strcmp                            0x08005769   Thumb Code    34  usmart_str.o(i.usmart_strcmp)
    usmart_strcopy                           0x0800578b   Thumb Code    22  usmart_str.o(i.usmart_strcopy)
    usmart_strlen                            0x080057a1   Thumb Code    24  usmart_str.o(i.usmart_strlen)
    usmart_sys_cmd_exe                       0x080057b9   Thumb Code  1554  usmart.o(i.usmart_sys_cmd_exe)
    write_addr                               0x08005e9d   Thumb Code     4  usmart.o(i.write_addr)
    _get_lc_numeric                          0x08005ea1   Thumb Code    44  lc_numeric_c.o(locale$$code)
    _get_lc_ctype                            0x08005ecd   Thumb Code    44  lc_ctype_c.o(locale$$code)
    _fp_init                                 0x08005ef9   Thumb Code    10  fpinit.o(x$fpl$fpinit)
    __fplib_config_fpu_vfp                   0x08005f01   Thumb Code     0  fpinit.o(x$fpl$fpinit)
    __fplib_config_pureend_doubles           0x08005f01   Thumb Code     0  fpinit.o(x$fpl$fpinit)
    _printf_fp_dec                           0x08005f03   Thumb Code     4  printf1.o(x$fpl$printf1)
    _printf_fp_hex                           0x08005f07   Thumb Code     4  printf2.o(x$fpl$printf2)
    __I$use$fp                               0x08005f0a   Number         0  usenofp.o(x$fpl$usenofp)
    memtblsize                               0x08005f0c   Data          12  malloc.o(.constdata)
    memblksize                               0x08005f18   Data          12  malloc.o(.constdata)
    memsize                                  0x08005f24   Data          12  malloc.o(.constdata)
    F6x8                                     0x08005f30   Data         552  oled.o(.constdata)
    F8X16                                    0x08006158   Data        1520  oled.o(.constdata)
    ov7670_init_reg_tbl                      0x08006748   Data         336  ov7670.o(.constdata)
    Region$$Table$$Base                      0x08006bb8   Number         0  anon$$obj.o(Region$$Table)
    Region$$Table$$Limit                     0x08006bd8   Number         0  anon$$obj.o(Region$$Table)
    __ctype                                  0x08006c01   Data           0  lc_ctype_c.o(locale$$data)
    mem3base                                 0x10000000   Data       61440  malloc.o(.ARM.__AT_0x10000000)
    mem3mapbase                              0x1000f000   Data        3840  malloc.o(.ARM.__AT_0x1000F000)
    ValidN                                   0x20000000   Data           2  main.o(.data)
    netpro                                   0x20000002   Data           1  main.o(.data)
    ipbuf                                    0x20000003   Data          20  main.o(.data)
    __stdout                                 0x2000001c   Data           4  usart.o(.data)
    USART_RX_STA                             0x20000020   Data           2  usart.o(.data)
    mallco_dev                               0x20000024   Data          36  malloc.o(.data)
    sys_cmd_tab                              0x20000048   Data          28  usmart.o(.data)
    usmart_nametab                           0x20000064   Data          48  usmart_config.o(.data)
    usmart_dev                               0x20000094   Data         244  usmart_config.o(.data)
    AS608Addr                                0x20000198   Data           4  as608.o(.data)
    USART2_RX_STA                            0x2000019c   Data           2  usart2.o(.data)
    TIM5CH1_CAPTURE_STA                      0x2000019e   Data           1  timer.o(.data)
    TIM5CH1_CAPTURE_VAL                      0x200001a0   Data           2  timer.o(.data)
    ov_frame                                 0x200001a2   Data           1  timer.o(.data)
    portnum                                  0x200001a4   Data           4  esp8266.o(.data)
    wifista_ssid                             0x200001a8   Data           4  esp8266.o(.data)
    wifista_encryption                       0x200001ac   Data           4  esp8266.o(.data)
    wifista_password                         0x200001b0   Data           4  esp8266.o(.data)
    ATK_ESP8266_CWMODE_TBL                   0x200001b4   Data          12  esp8266.o(.data)
    ATK_ESP8266_WORKMODE_TBL                 0x200001c0   Data          12  esp8266.o(.data)
    ATK_ESP8266_ECN_TBL                      0x200001cc   Data          20  esp8266.o(.data)
    kbd_tbl                                  0x200001e0   Data          52  esp8266.o(.data)
    kbd_fn_tbl                               0x20000214   Data           8  esp8266.o(.data)
    USART3_RX_STA                            0x2000021c   Data           2  usart3.o(.data)
    ov_sta                                   0x2000021e   Data           1  exti.o(.data)
    W25QXX_TYPE                              0x20000220   Data           2  w25qxx.o(.data)
    AS608Para                                0x20000224   Data          12  main.o(.bss)
    USART_RX_BUF                             0x20000230   Data         200  usart.o(.bss)
    mem1base                                 0x20000300   Data       102400  malloc.o(.bss)
    mem1mapbase                              0x20019300   Data        6400  malloc.o(.bss)
    USART2_TX_BUF                            0x2001ac00   Data         400  usart2.o(.bss)
    USART2_RX_BUF                            0x2001ad90   Data         400  usart2.o(.bss)
    USART3_TX_BUF                            0x2001af20   Data         400  usart3.o(.bss)
    USART3_RX_BUF                            0x2001b0b0   Data         400  usart3.o(.bss)
    __libspace_start                         0x2001b240   Data          96  libspace.o(.bss)
    __temporary_stack_top$libspace           0x2001b2a0   Data           0  libspace.o(.bss)
    mem2base                                 0x68000000   Data       983040  malloc.o(.ARM.__AT_0x68000000)
    mem2mapbase                              0x680f0000   Data       61440  malloc.o(.ARM.__AT_0x680F0000)



==============================================================================

Memory Map of the image

  Image Entry point : 0x08000189

  Load Region LR_IROM1 (Base: 0x08000000, Size: 0x00006f28, Max: 0x00080000, ABSOLUTE, COMPRESSED[0x00006df0])

    Execution Region ER_IROM1 (Base: 0x08000000, Size: 0x00006d04, Max: 0x00080000, ABSOLUTE)

    Base Addr    Size         Type   Attr      Idx    E Section Name        Object

    0x08000000   0x00000188   Data   RO         2766    RESET               startup_stm32f40_41xxx.o
    0x08000188   0x00000008   Code   RO         3684  * !!!main             c_w.l(__main.o)
    0x08000190   0x00000034   Code   RO         3955    !!!scatter          c_w.l(__scatter.o)
    0x080001c4   0x0000005a   Code   RO         3953    !!dczerorl2         c_w.l(__dczerorl2.o)
    0x0800021e   0x00000002   PAD
    0x08000220   0x0000001c   Code   RO         3957    !!handler_zi        c_w.l(__scatter_zi.o)
    0x0800023c   0x00000000   Code   RO         3677    .ARM.Collect$$_printf_percent$$00000000  c_w.l(_printf_percent.o)
    0x0800023c   0x00000006   Code   RO         3714    .ARM.Collect$$_printf_percent$$00000001  c_w.l(_printf_n.o)
    0x08000242   0x00000006   Code   RO         3715    .ARM.Collect$$_printf_percent$$00000002  c_w.l(_printf_p.o)
    0x08000248   0x00000006   Code   RO         3718    .ARM.Collect$$_printf_percent$$00000003  c_w.l(_printf_f.o)
    0x0800024e   0x00000006   Code   RO         3719    .ARM.Collect$$_printf_percent$$00000004  c_w.l(_printf_e.o)
    0x08000254   0x00000006   Code   RO         3720    .ARM.Collect$$_printf_percent$$00000005  c_w.l(_printf_g.o)
    0x0800025a   0x00000006   Code   RO         3721    .ARM.Collect$$_printf_percent$$00000006  c_w.l(_printf_a.o)
    0x08000260   0x0000000a   Code   RO         3726    .ARM.Collect$$_printf_percent$$00000007  c_w.l(_printf_ll.o)
    0x0800026a   0x00000006   Code   RO         3717    .ARM.Collect$$_printf_percent$$00000008  c_w.l(_printf_i.o)
    0x08000270   0x00000006   Code   RO         3675    .ARM.Collect$$_printf_percent$$00000009  c_w.l(_printf_d.o)
    0x08000276   0x00000006   Code   RO         3676    .ARM.Collect$$_printf_percent$$0000000A  c_w.l(_printf_u.o)
    0x0800027c   0x00000006   Code   RO         3716    .ARM.Collect$$_printf_percent$$0000000B  c_w.l(_printf_o.o)
    0x08000282   0x00000006   Code   RO         3674    .ARM.Collect$$_printf_percent$$0000000C  c_w.l(_printf_x.o)
    0x08000288   0x00000006   Code   RO         3723    .ARM.Collect$$_printf_percent$$0000000D  c_w.l(_printf_lli.o)
    0x0800028e   0x00000006   Code   RO         3724    .ARM.Collect$$_printf_percent$$0000000E  c_w.l(_printf_lld.o)
    0x08000294   0x00000006   Code   RO         3725    .ARM.Collect$$_printf_percent$$0000000F  c_w.l(_printf_llu.o)
    0x0800029a   0x00000006   Code   RO         3730    .ARM.Collect$$_printf_percent$$00000010  c_w.l(_printf_llo.o)
    0x080002a0   0x00000006   Code   RO         3731    .ARM.Collect$$_printf_percent$$00000011  c_w.l(_printf_llx.o)
    0x080002a6   0x0000000a   Code   RO         3727    .ARM.Collect$$_printf_percent$$00000012  c_w.l(_printf_l.o)
    0x080002b0   0x00000006   Code   RO         3672    .ARM.Collect$$_printf_percent$$00000013  c_w.l(_printf_c.o)
    0x080002b6   0x00000006   Code   RO         3673    .ARM.Collect$$_printf_percent$$00000014  c_w.l(_printf_s.o)
    0x080002bc   0x00000006   Code   RO         3728    .ARM.Collect$$_printf_percent$$00000015  c_w.l(_printf_lc.o)
    0x080002c2   0x00000006   Code   RO         3729    .ARM.Collect$$_printf_percent$$00000016  c_w.l(_printf_ls.o)
    0x080002c8   0x00000004   Code   RO         3722    .ARM.Collect$$_printf_percent$$00000017  c_w.l(_printf_percent_end.o)
    0x080002cc   0x00000002   Code   RO         3818    .ARM.Collect$$libinit$$00000000  c_w.l(libinit.o)
    0x080002ce   0x00000004   Code   RO         3834    .ARM.Collect$$libinit$$00000001  c_w.l(libinit2.o)
    0x080002d2   0x00000000   Code   RO         3837    .ARM.Collect$$libinit$$00000004  c_w.l(libinit2.o)
    0x080002d2   0x00000000   Code   RO         3840    .ARM.Collect$$libinit$$0000000A  c_w.l(libinit2.o)
    0x080002d2   0x00000000   Code   RO         3842    .ARM.Collect$$libinit$$0000000C  c_w.l(libinit2.o)
    0x080002d2   0x00000000   Code   RO         3844    .ARM.Collect$$libinit$$0000000E  c_w.l(libinit2.o)
    0x080002d2   0x00000006   Code   RO         3845    .ARM.Collect$$libinit$$0000000F  c_w.l(libinit2.o)
    0x080002d8   0x00000000   Code   RO         3847    .ARM.Collect$$libinit$$00000011  c_w.l(libinit2.o)
    0x080002d8   0x0000000c   Code   RO         3848    .ARM.Collect$$libinit$$00000012  c_w.l(libinit2.o)
    0x080002e4   0x00000000   Code   RO         3849    .ARM.Collect$$libinit$$00000013  c_w.l(libinit2.o)
    0x080002e4   0x00000000   Code   RO         3851    .ARM.Collect$$libinit$$00000015  c_w.l(libinit2.o)
    0x080002e4   0x0000000a   Code   RO         3852    .ARM.Collect$$libinit$$00000016  c_w.l(libinit2.o)
    0x080002ee   0x00000000   Code   RO         3853    .ARM.Collect$$libinit$$00000017  c_w.l(libinit2.o)
    0x080002ee   0x00000000   Code   RO         3855    .ARM.Collect$$libinit$$00000019  c_w.l(libinit2.o)
    0x080002ee   0x00000000   Code   RO         3857    .ARM.Collect$$libinit$$0000001B  c_w.l(libinit2.o)
    0x080002ee   0x00000000   Code   RO         3859    .ARM.Collect$$libinit$$0000001D  c_w.l(libinit2.o)
    0x080002ee   0x00000000   Code   RO         3861    .ARM.Collect$$libinit$$0000001F  c_w.l(libinit2.o)
    0x080002ee   0x00000000   Code   RO         3863    .ARM.Collect$$libinit$$00000021  c_w.l(libinit2.o)
    0x080002ee   0x00000000   Code   RO         3865    .ARM.Collect$$libinit$$00000023  c_w.l(libinit2.o)
    0x080002ee   0x00000000   Code   RO         3867    .ARM.Collect$$libinit$$00000025  c_w.l(libinit2.o)
    0x080002ee   0x00000000   Code   RO         3871    .ARM.Collect$$libinit$$0000002C  c_w.l(libinit2.o)
    0x080002ee   0x00000000   Code   RO         3873    .ARM.Collect$$libinit$$0000002E  c_w.l(libinit2.o)
    0x080002ee   0x00000000   Code   RO         3875    .ARM.Collect$$libinit$$00000030  c_w.l(libinit2.o)
    0x080002ee   0x00000000   Code   RO         3877    .ARM.Collect$$libinit$$00000032  c_w.l(libinit2.o)
    0x080002ee   0x00000002   Code   RO         3878    .ARM.Collect$$libinit$$00000033  c_w.l(libinit2.o)
    0x080002f0   0x00000002   Code   RO         3896    .ARM.Collect$$libshutdown$$00000000  c_w.l(libshutdown.o)
    0x080002f2   0x00000000   Code   RO         3907    .ARM.Collect$$libshutdown$$00000003  c_w.l(libshutdown2.o)
    0x080002f2   0x00000000   Code   RO         3910    .ARM.Collect$$libshutdown$$00000006  c_w.l(libshutdown2.o)
    0x080002f2   0x00000000   Code   RO         3913    .ARM.Collect$$libshutdown$$00000009  c_w.l(libshutdown2.o)
    0x080002f2   0x00000000   Code   RO         3915    .ARM.Collect$$libshutdown$$0000000B  c_w.l(libshutdown2.o)
    0x080002f2   0x00000000   Code   RO         3918    .ARM.Collect$$libshutdown$$0000000E  c_w.l(libshutdown2.o)
    0x080002f2   0x00000002   Code   RO         3919    .ARM.Collect$$libshutdown$$0000000F  c_w.l(libshutdown2.o)
    0x080002f4   0x00000000   Code   RO         3688    .ARM.Collect$$rtentry$$00000000  c_w.l(__rtentry.o)
    0x080002f4   0x00000000   Code   RO         3741    .ARM.Collect$$rtentry$$00000002  c_w.l(__rtentry2.o)
    0x080002f4   0x00000006   Code   RO         3753    .ARM.Collect$$rtentry$$00000004  c_w.l(__rtentry4.o)
    0x080002fa   0x00000000   Code   RO         3743    .ARM.Collect$$rtentry$$00000009  c_w.l(__rtentry2.o)
    0x080002fa   0x00000004   Code   RO         3744    .ARM.Collect$$rtentry$$0000000A  c_w.l(__rtentry2.o)
    0x080002fe   0x00000000   Code   RO         3746    .ARM.Collect$$rtentry$$0000000C  c_w.l(__rtentry2.o)
    0x080002fe   0x00000008   Code   RO         3747    .ARM.Collect$$rtentry$$0000000D  c_w.l(__rtentry2.o)
    0x08000306   0x00000002   Code   RO         3827    .ARM.Collect$$rtexit$$00000000  c_w.l(rtexit.o)
    0x08000308   0x00000000   Code   RO         3880    .ARM.Collect$$rtexit$$00000002  c_w.l(rtexit2.o)
    0x08000308   0x00000004   Code   RO         3881    .ARM.Collect$$rtexit$$00000003  c_w.l(rtexit2.o)
    0x0800030c   0x00000006   Code   RO         3882    .ARM.Collect$$rtexit$$00000004  c_w.l(rtexit2.o)
    0x08000312   0x00000002   PAD
    0x08000314   0x00000040   Code   RO         2767    .text               startup_stm32f40_41xxx.o
    0x08000354   0x00000002   Code   RO         3611    .text               c_w.l(use_no_semi_2.o)
    0x08000356   0x00000002   PAD
    0x08000358   0x00000024   Code   RO         3613    .text               c_w.l(vsprintf.o)
    0x0800037c   0x00000018   Code   RO         3615    .text               c_w.l(__2printf.o)
    0x08000394   0x0000002c   Code   RO         3617    .text               c_w.l(__2sprintf.o)
    0x080003c0   0x0000004e   Code   RO         3625    .text               c_w.l(_printf_pad.o)
    0x0800040e   0x00000052   Code   RO         3627    .text               c_w.l(_printf_str.o)
    0x08000460   0x00000078   Code   RO         3629    .text               c_w.l(_printf_dec.o)
    0x080004d8   0x00000094   Code   RO         3649    .text               c_w.l(_printf_hex_int_ll_ptr.o)
    0x0800056c   0x00000188   Code   RO         3669    .text               c_w.l(__printf_flags_ss_wp.o)
    0x080006f4   0x00000024   Code   RO         3678    .text               c_w.l(strstr.o)
    0x08000718   0x0000003e   Code   RO         3680    .text               c_w.l(strlen.o)
    0x08000756   0x00000006   Code   RO         3682    .text               c_w.l(heapauxi.o)
    0x0800075c   0x00000002   Code   RO         3686    .text               c_w.l(use_no_semi.o)
    0x0800075e   0x00000024   Code   RO         3689    .text               c_w.l(_printf_truncate.o)
    0x08000782   0x000000b2   Code   RO         3691    .text               c_w.l(_printf_intcommon.o)
    0x08000834   0x00000028   Code   RO         3693    .text               c_w.l(_printf_charcount.o)
    0x0800085c   0x00000030   Code   RO         3695    .text               c_w.l(_printf_char_common.o)
    0x0800088c   0x0000000a   Code   RO         3697    .text               c_w.l(_sputc.o)
    0x08000896   0x0000002c   Code   RO         3699    .text               c_w.l(_printf_char.o)
    0x080008c2   0x00000002   PAD
    0x080008c4   0x00000024   Code   RO         3701    .text               c_w.l(_printf_char_file.o)
    0x080008e8   0x000000bc   Code   RO         3703    .text               c_w.l(_printf_wctomb.o)
    0x080009a4   0x0000007c   Code   RO         3706    .text               c_w.l(_printf_longlong_dec.o)
    0x08000a20   0x00000070   Code   RO         3712    .text               c_w.l(_printf_oct_int_ll.o)
    0x08000a90   0x0000008a   Code   RO         3755    .text               c_w.l(lludiv10.o)
    0x08000b1a   0x0000041a   Code   RO         3757    .text               c_w.l(_printf_fp_dec.o)
    0x08000f34   0x000002fc   Code   RO         3759    .text               c_w.l(_printf_fp_hex.o)
    0x08001230   0x0000002c   Code   RO         3764    .text               c_w.l(_printf_wchar.o)
    0x0800125c   0x00000008   Code   RO         3766    .text               c_w.l(ferror.o)
    0x08001264   0x00000040   Code   RO         3770    .text               c_w.l(_wcrtomb.o)
    0x080012a4   0x0000004a   Code   RO         3772    .text               c_w.l(sys_stackheap_outer.o)
    0x080012ee   0x00000002   PAD
    0x080012f0   0x00000010   Code   RO         3774    .text               c_w.l(rt_ctype_table.o)
    0x08001300   0x00000008   Code   RO         3779    .text               c_w.l(rt_locale_intlibspace.o)
    0x08001308   0x00000080   Code   RO         3781    .text               c_w.l(_printf_fp_infnan.o)
    0x08001388   0x000000dc   Code   RO         3783    .text               c_w.l(bigflt0.o)
    0x08001464   0x0000000c   Code   RO         3811    .text               c_w.l(exit.o)
    0x08001470   0x00000008   Code   RO         3824    .text               c_w.l(libspace.o)
    0x08001478   0x00000080   Code   RO         3832    .text               c_w.l(strcmpv7m.o)
    0x080014f8   0x0000003e   Code   RO         3786    CL$$btod_d2e        c_w.l(btod.o)
    0x08001536   0x00000046   Code   RO         3788    CL$$btod_d2e_denorm_low  c_w.l(btod.o)
    0x0800157c   0x00000060   Code   RO         3787    CL$$btod_d2e_norm_op1  c_w.l(btod.o)
    0x080015dc   0x00000338   Code   RO         3796    CL$$btod_div_common  c_w.l(btod.o)
    0x08001914   0x000000c6   Code   RO         3793    CL$$btod_e2e        c_w.l(btod.o)
    0x080019da   0x00000028   Code   RO         3790    CL$$btod_ediv       c_w.l(btod.o)
    0x08001a02   0x00000028   Code   RO         3789    CL$$btod_emul       c_w.l(btod.o)
    0x08001a2a   0x00000244   Code   RO         3795    CL$$btod_mult_common  c_w.l(btod.o)
    0x08001c6e   0x00000002   PAD
    0x08001c70   0x000002d0   Code   RO            3    i.Add_FR            main.o
    0x08001f40   0x00000004   Code   RO          299    i.BusFault_Handler  stm32f4xx_it.o
    0x08001f44   0x00000002   Code   RO          300    i.DebugMon_Handler  stm32f4xx_it.o
    0x08001f46   0x00000002   PAD
    0x08001f48   0x00000034   Code   RO         3282    i.EXTI0_IRQHandler  exti.o
    0x08001f7c   0x0000001c   Code   RO         3283    i.EXTI3_IRQHandler  exti.o
    0x08001f98   0x0000001c   Code   RO         3284    i.EXTI4_IRQHandler  exti.o
    0x08001fb4   0x00000046   Code   RO         3285    i.EXTI8_Init        exti.o
    0x08001ffa   0x00000002   PAD
    0x08001ffc   0x00000040   Code   RO         3286    i.EXTI9_5_IRQHandler  exti.o
    0x0800203c   0x0000000c   Code   RO         2705    i.EXTI_ClearITPendingBit  stm32f4xx_exti.o
    0x08002048   0x00000018   Code   RO         2709    i.EXTI_GetITStatus  stm32f4xx_exti.o
    0x08002060   0x00000094   Code   RO         2710    i.EXTI_Init         stm32f4xx_exti.o
    0x080020f4   0x00000270   Code   RO         2773    i.EnsureMessage     as608.o
    0x08002364   0x0000016c   Code   RO            5    i.Esp8266Init       main.o
    0x080024d0   0x00000090   Code   RO          850    i.GPIO_Init         stm32f4xx_gpio.o
    0x08002560   0x00000046   Code   RO          851    i.GPIO_PinAFConfig  stm32f4xx_gpio.o
    0x080025a6   0x00000012   Code   RO          854    i.GPIO_ReadInputDataBit  stm32f4xx_gpio.o
    0x080025b8   0x00000004   Code   RO          857    i.GPIO_ResetBits    stm32f4xx_gpio.o
    0x080025bc   0x00000004   Code   RO          858    i.GPIO_SetBits      stm32f4xx_gpio.o
    0x080025c0   0x00000004   Code   RO          301    i.HardFault_Handler  stm32f4xx_it.o
    0x080025c4   0x00000088   Code   RO         2774    i.JudgeStr          as608.o
    0x0800264c   0x0000004c   Code   RO            6    i.KeyBoardIni       main.o
    0x08002698   0x000001b4   Code   RO            7    i.KeyBoardScan      main.o
    0x0800284c   0x00000030   Code   RO            8    i.Key_Init          main.o
    0x0800287c   0x00000038   Code   RO           10    i.Led_Init          main.o
    0x080028b4   0x00000028   Code   RO           11    i.Led_Off           main.o
    0x080028dc   0x00000028   Code   RO           12    i.Led_On            main.o
    0x08002904   0x0000001c   Code   RO         2775    i.MYUSART_SendData  as608.o
    0x08002920   0x00000004   Code   RO          302    i.MemManage_Handler  stm32f4xx_it.o
    0x08002924   0x00000002   Code   RO          303    i.NMI_Handler       stm32f4xx_it.o
    0x08002926   0x00000002   PAD
    0x08002928   0x00000078   Code   RO          805    i.NVIC_Init         misc.o
    0x080029a0   0x00000014   Code   RO          806    i.NVIC_PriorityGroupConfig  misc.o
    0x080029b4   0x00000040   Code   RO         3073    i.OLED_Clear        oled.o
    0x080029f4   0x00000174   Code   RO         3077    i.OLED_Init         oled.o
    0x08002b68   0x0000002e   Code   RO         3078    i.OLED_Set_Pos      oled.o
    0x08002b96   0x00000002   PAD
    0x08002b98   0x00000070   Code   RO         3080    i.OLED_ShowChar     oled.o
    0x08002c08   0x00000084   Code   RO         3081    i.OLED_ShowNum      oled.o
    0x08002c8c   0x00000036   Code   RO         3082    i.OLED_ShowString   oled.o
    0x08002cc2   0x00000002   PAD
    0x08002cc4   0x00000088   Code   RO         3083    i.OLED_WR_Byte      oled.o
    0x08002d4c   0x000000d4   Code   RO         3344    i.OV7670_Init       ov7670.o
    0x08002e20   0x00000046   Code   RO         2778    i.PS_GenChar        as608.o
    0x08002e66   0x0000003a   Code   RO         2779    i.PS_GetImage       as608.o
    0x08002ea0   0x00000080   Code   RO         2780    i.PS_HandShake      as608.o
    0x08002f20   0x00000090   Code   RO         2781    i.PS_HighSpeedSearch  as608.o
    0x08002fb0   0x0000003a   Code   RO         2782    i.PS_Match          as608.o
    0x08002fea   0x00000002   PAD
    0x08002fec   0x000000f0   Code   RO         2784    i.PS_ReadSysPara    as608.o
    0x080030dc   0x0000003a   Code   RO         2785    i.PS_RegModel       as608.o
    0x08003116   0x00000002   PAD
    0x08003118   0x000000b4   Code   RO         2787    i.PS_SetAddr        as608.o
    0x080031cc   0x00000030   Code   RO         2788    i.PS_StaGPIO_Init   as608.o
    0x080031fc   0x00000060   Code   RO         2789    i.PS_StoreChar      as608.o
    0x0800325c   0x00000088   Code   RO         2790    i.PS_ValidTempleteNum  as608.o
    0x080032e4   0x00000088   Code   RO         2792    i.PS_WriteReg       as608.o
    0x0800336c   0x00000002   Code   RO          304    i.PendSV_Handler    stm32f4xx_it.o
    0x0800336e   0x00000002   PAD
    0x08003370   0x00000020   Code   RO         1078    i.RCC_AHB1PeriphClockCmd  stm32f4xx_rcc.o
    0x08003390   0x00000020   Code   RO         1087    i.RCC_APB1PeriphClockCmd  stm32f4xx_rcc.o
    0x080033b0   0x00000020   Code   RO         1089    i.RCC_APB1PeriphResetCmd  stm32f4xx_rcc.o
    0x080033d0   0x00000020   Code   RO         1090    i.RCC_APB2PeriphClockCmd  stm32f4xx_rcc.o
    0x080033f0   0x00000020   Code   RO         1092    i.RCC_APB2PeriphResetCmd  stm32f4xx_rcc.o
    0x08003410   0x000000e8   Code   RO         1099    i.RCC_GetClocksFreq  stm32f4xx_rcc.o
    0x080034f8   0x00000070   Code   RO         3403    i.SCCB_Init         sccb.o
    0x08003568   0x00000048   Code   RO         3404    i.SCCB_No_Ack       sccb.o
    0x080035b0   0x00000070   Code   RO         3405    i.SCCB_RD_Byte      sccb.o
    0x08003620   0x0000004e   Code   RO         3406    i.SCCB_RD_Reg       sccb.o
    0x0800366e   0x00000002   PAD
    0x08003670   0x00000034   Code   RO         3407    i.SCCB_Start        sccb.o
    0x080036a4   0x00000034   Code   RO         3408    i.SCCB_Stop         sccb.o
    0x080036d8   0x000000a8   Code   RO         3409    i.SCCB_WR_Byte      sccb.o
    0x08003780   0x0000003e   Code   RO         3410    i.SCCB_WR_Reg       sccb.o
    0x080037be   0x00000002   PAD
    0x080037c0   0x000000c4   Code   RO         3579    i.SPI1_Init         spi.o
    0x08003884   0x00000038   Code   RO         3580    i.SPI1_ReadWriteByte  spi.o
    0x080038bc   0x00000028   Code   RO         3581    i.SPI1_SetSpeed     spi.o
    0x080038e4   0x00000018   Code   RO         2224    i.SPI_Cmd           stm32f4xx_spi.o
    0x080038fc   0x00000012   Code   RO         2232    i.SPI_I2S_GetFlagStatus  stm32f4xx_spi.o
    0x0800390e   0x00000006   Code   RO         2235    i.SPI_I2S_ReceiveData  stm32f4xx_spi.o
    0x08003914   0x00000004   Code   RO         2236    i.SPI_I2S_SendData  stm32f4xx_spi.o
    0x08003918   0x0000003c   Code   RO         2237    i.SPI_Init          stm32f4xx_spi.o
    0x08003954   0x00000002   Code   RO          305    i.SVC_Handler       stm32f4xx_it.o
    0x08003956   0x00000002   PAD
    0x08003958   0x00000040   Code   RO         2165    i.SYSCFG_EXTILineConfig  stm32f4xx_syscfg.o
    0x08003998   0x00000034   Code   RO         2793    i.SendAddr          as608.o
    0x080039cc   0x00000012   Code   RO         2794    i.SendCheck         as608.o
    0x080039de   0x0000000c   Code   RO         2795    i.SendFlag          as608.o
    0x080039ea   0x00000010   Code   RO         2796    i.SendHead          as608.o
    0x080039fa   0x00000014   Code   RO         2797    i.SendLength        as608.o
    0x08003a0e   0x0000000c   Code   RO         2798    i.Sendcmd           as608.o
    0x08003a1a   0x00000002   PAD
    0x08003a1c   0x000000ec   Code   RO          396    i.SetSysClock       system_stm32f4xx.o
    0x08003b08   0x00000028   Code   RO          809    i.SysTick_CLKSourceConfig  misc.o
    0x08003b30   0x00000002   Code   RO          306    i.SysTick_Handler   stm32f4xx_it.o
    0x08003b32   0x00000002   PAD
    0x08003b34   0x00000068   Code   RO          398    i.SystemInit        system_stm32f4xx.o
    0x08003b9c   0x0000001c   Code   RO         2995    i.TIM3_IRQHandler   timer.o
    0x08003bb8   0x00000038   Code   RO          620    i.TIM4_IRQHandler   usmart.o
    0x08003bf0   0x000000c0   Code   RO         2999    i.TIM5_IRQHandler   timer.o
    0x08003cb0   0x0000005c   Code   RO         3001    i.TIM6_Int_Init     timer.o
    0x08003d0c   0x00000034   Code   RO         3002    i.TIM7_IRQHandler   timer.o
    0x08003d40   0x00000050   Code   RO         3003    i.TIM7_Int_Init     timer.o
    0x08003d90   0x00000006   Code   RO         1610    i.TIM_ClearFlag     stm32f4xx_tim.o
    0x08003d96   0x00000006   Code   RO         1611    i.TIM_ClearITPendingBit  stm32f4xx_tim.o
    0x08003d9c   0x00000018   Code   RO         1616    i.TIM_Cmd           stm32f4xx_tim.o
    0x08003db4   0x00000006   Code   RO         1631    i.TIM_GetCapture1   stm32f4xx_tim.o
    0x08003dba   0x00000006   Code   RO         1635    i.TIM_GetCounter    stm32f4xx_tim.o
    0x08003dc0   0x00000012   Code   RO         1636    i.TIM_GetFlagStatus  stm32f4xx_tim.o
    0x08003dd2   0x00000022   Code   RO         1637    i.TIM_GetITStatus   stm32f4xx_tim.o
    0x08003df4   0x00000012   Code   RO         1641    i.TIM_ITConfig      stm32f4xx_tim.o
    0x08003e06   0x00000012   Code   RO         1647    i.TIM_OC1PolarityConfig  stm32f4xx_tim.o
    0x08003e18   0x00000004   Code   RO         1676    i.TIM_SetAutoreload  stm32f4xx_tim.o
    0x08003e1c   0x00000004   Code   RO         1682    i.TIM_SetCounter    stm32f4xx_tim.o
    0x08003e20   0x00000084   Code   RO         1688    i.TIM_TimeBaseInit  stm32f4xx_tim.o
    0x08003ea4   0x0000005c   Code   RO          621    i.Timer4_Init       usmart.o
    0x08003f00   0x00000088   Code   RO          491    i.USART1_IRQHandler  usart.o
    0x08003f88   0x00000070   Code   RO         2948    i.USART2_IRQHandler  usart2.o
    0x08003ff8   0x00000070   Code   RO         3239    i.USART3_IRQHandler  usart3.o
    0x08004068   0x00000018   Code   RO         1416    i.USART_Cmd         stm32f4xx_usart.o
    0x08004080   0x000000f0   Code   RO         1418    i.USART_DeInit      stm32f4xx_usart.o
    0x08004170   0x0000001a   Code   RO         1419    i.USART_GetFlagStatus  stm32f4xx_usart.o
    0x0800418a   0x00000054   Code   RO         1420    i.USART_GetITStatus  stm32f4xx_usart.o
    0x080041de   0x0000004a   Code   RO         1422    i.USART_ITConfig    stm32f4xx_usart.o
    0x08004228   0x000000d4   Code   RO         1423    i.USART_Init        stm32f4xx_usart.o
    0x080042fc   0x0000000a   Code   RO         1430    i.USART_ReceiveData  stm32f4xx_usart.o
    0x08004306   0x00000008   Code   RO         1433    i.USART_SendData    stm32f4xx_usart.o
    0x0800430e   0x00000004   Code   RO          307    i.UsageFault_Handler  stm32f4xx_it.o
    0x08004312   0x00000002   PAD
    0x08004314   0x00000078   Code   RO         3467    i.W25QXX_Init       w25qxx.o
    0x0800438c   0x00000048   Code   RO         3470    i.W25QXX_ReadID     w25qxx.o
    0x080043d4   0x00000030   Code   RO         3822    i.__ARM_fpclassify  m_wm.l(fpclassify.o)
    0x08004404   0x0000000e   Code   RO         3662    i._is_digit         c_w.l(__printf_wp.o)
    0x08004412   0x00000004   Code   RO          492    i._sys_exit         usart.o
    0x08004416   0x00000002   PAD
    0x08004418   0x00000034   Code   RO         3171    i.atk_8266_check_cmd  esp8266.o
    0x0800444c   0x00000074   Code   RO         3175    i.atk_8266_send_cmd  esp8266.o
    0x080044c0   0x0000005c   Code   RO         3176    i.atk_8266_send_data  esp8266.o
    0x0800451c   0x0000003c   Code   RO          433    i.delay_init        delay.o
    0x08004558   0x00000038   Code   RO          434    i.delay_ms          delay.o
    0x08004590   0x0000004c   Code   RO          435    i.delay_us          delay.o
    0x080045dc   0x0000004c   Code   RO          436    i.delay_xms         delay.o
    0x08004628   0x0000001c   Code   RO          493    i.fputc             usart.o
    0x08004644   0x00000200   Code   RO           13    i.main              main.o
    0x08004844   0x0000006c   Code   RO          540    i.my_mem_free       malloc.o
    0x080048b0   0x00000044   Code   RO          541    i.my_mem_init       malloc.o
    0x080048f4   0x000000a8   Code   RO          542    i.my_mem_malloc     malloc.o
    0x0800499c   0x00000040   Code   RO          543    i.my_mem_perused    malloc.o
    0x080049dc   0x00000024   Code   RO          544    i.myfree            malloc.o
    0x08004a00   0x00000028   Code   RO          545    i.mymalloc          malloc.o
    0x08004a28   0x00000014   Code   RO          547    i.mymemset          malloc.o
    0x08004a3c   0x00000016   Code   RO         3084    i.oled_pow          oled.o
    0x08004a52   0x00000002   PAD
    0x08004a54   0x000000a8   Code   RO           14    i.press_FR          main.o
    0x08004afc   0x00000006   Code   RO          622    i.read_addr         usmart.o
    0x08004b02   0x00000002   PAD
    0x08004b04   0x00000050   Code   RO         3240    i.u3_printf         usart3.o
    0x08004b54   0x000000b0   Code   RO          494    i.uart_init         usart.o
    0x08004c04   0x000000d4   Code   RO         2950    i.usart2_init       usart2.o
    0x08004cd8   0x000000d0   Code   RO         3241    i.usart3_init       usart3.o
    0x08004da8   0x000000b0   Code   RO          623    i.usmart_cmd_rec    usmart.o
    0x08004e58   0x000002d4   Code   RO          624    i.usmart_exe        usmart.o
    0x0800512c   0x000000c8   Code   RO          725    i.usmart_get_aparm  usmart_str.o
    0x080051f4   0x00000036   Code   RO          726    i.usmart_get_cmdname  usmart_str.o
    0x0800522a   0x00000002   PAD
    0x0800522c   0x000001c0   Code   RO          727    i.usmart_get_fname  usmart_str.o
    0x080053ec   0x0000010c   Code   RO          728    i.usmart_get_fparam  usmart_str.o
    0x080054f8   0x00000020   Code   RO          729    i.usmart_get_parmpos  usmart_str.o
    0x08005518   0x00000044   Code   RO          625    i.usmart_get_runtime  usmart.o
    0x0800555c   0x00000028   Code   RO          626    i.usmart_init       usmart.o
    0x08005584   0x00000016   Code   RO          730    i.usmart_pow        usmart_str.o
    0x0800559a   0x00000002   PAD
    0x0800559c   0x00000030   Code   RO          627    i.usmart_reset_runtime  usmart.o
    0x080055cc   0x000000bc   Code   RO          628    i.usmart_scan       usmart.o
    0x08005688   0x00000016   Code   RO          731    i.usmart_search_nextc  usmart_str.o
    0x0800569e   0x000000ca   Code   RO          732    i.usmart_str2num    usmart_str.o
    0x08005768   0x00000022   Code   RO          733    i.usmart_strcmp     usmart_str.o
    0x0800578a   0x00000016   Code   RO          734    i.usmart_strcopy    usmart_str.o
    0x080057a0   0x00000018   Code   RO          735    i.usmart_strlen     usmart_str.o
    0x080057b8   0x000006e4   Code   RO          629    i.usmart_sys_cmd_exe  usmart.o
    0x08005e9c   0x00000004   Code   RO          630    i.write_addr        usmart.o
    0x08005ea0   0x0000002c   Code   RO         3809    locale$$code        c_w.l(lc_numeric_c.o)
    0x08005ecc   0x0000002c   Code   RO         3830    locale$$code        c_w.l(lc_ctype_c.o)
    0x08005ef8   0x0000000a   Code   RO         3888    x$fpl$fpinit        fz_wm.l(fpinit.o)
    0x08005f02   0x00000004   Code   RO         3732    x$fpl$printf1       fz_wm.l(printf1.o)
    0x08005f06   0x00000004   Code   RO         3734    x$fpl$printf2       fz_wm.l(printf2.o)
    0x08005f0a   0x00000000   Code   RO         3821    x$fpl$usenofp       fz_wm.l(usenofp.o)
    0x08005f0a   0x00000002   PAD
    0x08005f0c   0x00000024   Data   RO          554    .constdata          malloc.o
    0x08005f30   0x00000818   Data   RO         3085    .constdata          oled.o
    0x08006748   0x00000150   Data   RO         3348    .constdata          ov7670.o
    0x08006898   0x00000028   Data   RO         3650    .constdata          c_w.l(_printf_hex_int_ll_ptr.o)
    0x080068c0   0x00000011   Data   RO         3670    .constdata          c_w.l(__printf_flags_ss_wp.o)
    0x080068d1   0x00000003   PAD
    0x080068d4   0x00000008   Data   RO         3704    .constdata          c_w.l(_printf_wctomb.o)
    0x080068dc   0x00000026   Data   RO         3760    .constdata          c_w.l(_printf_fp_hex.o)
    0x08006902   0x00000002   PAD
    0x08006904   0x00000094   Data   RO         3784    .constdata          c_w.l(bigflt0.o)
    0x08006998   0x00000028   Data   RO          631    .conststring        usmart.o
    0x080069c0   0x00000127   Data   RO          704    .conststring        usmart_config.o
    0x08006ae7   0x00000001   PAD
    0x08006ae8   0x000000ce   Data   RO         3177    .conststring        esp8266.o
    0x08006bb6   0x00000002   PAD
    0x08006bb8   0x00000020   Data   RO         3951    Region$$Table       anon$$obj.o
    0x08006bd8   0x0000001c   Data   RO         3808    locale$$data        c_w.l(lc_numeric_c.o)
    0x08006bf4   0x00000110   Data   RO         3829    locale$$data        c_w.l(lc_ctype_c.o)


    Execution Region RW_IRAM1 (Base: 0x20000000, Size: 0x0001b8a0, Max: 0x00020000, ABSOLUTE, COMPRESSED[0x000000ec])

    Base Addr    Size         Type   Attr      Idx    E Section Name        Object

    0x20000000   0x00000017   Data   RW           16    .data               main.o
    0x20000017   0x00000001   PAD
    0x20000018   0x00000004   Data   RW          437    .data               delay.o
    0x2000001c   0x00000006   Data   RW          496    .data               usart.o
    0x20000022   0x00000002   PAD
    0x20000024   0x00000024   Data   RW          555    .data               malloc.o
    0x20000048   0x0000001c   Data   RW          632    .data               usmart.o
    0x20000064   0x00000124   Data   RW          705    .data               usmart_config.o
    0x20000188   0x00000010   Data   RW         1131    .data               stm32f4xx_rcc.o
    0x20000198   0x00000004   Data   RW         2799    .data               as608.o
    0x2000019c   0x00000002   Data   RW         2952    .data               usart2.o
    0x2000019e   0x00000005   Data   RW         3005    .data               timer.o
    0x200001a3   0x00000001   PAD
    0x200001a4   0x00000078   Data   RW         3178    .data               esp8266.o
    0x2000021c   0x00000002   Data   RW         3243    .data               usart3.o
    0x2000021e   0x00000001   Data   RW         3288    .data               exti.o
    0x2000021f   0x00000001   PAD
    0x20000220   0x00000002   Data   RW         3481    .data               w25qxx.o
    0x20000222   0x00000002   PAD
    0x20000224   0x0000000c   Zero   RW           15    .bss                main.o
    0x20000230   0x000000c8   Zero   RW          495    .bss                usart.o
    0x200002f8   0x00000008   PAD
    0x20000300   0x0001a900   Zero   RW          553    .bss                malloc.o
    0x2001ac00   0x00000320   Zero   RW         2951    .bss                usart2.o
    0x2001af20   0x00000320   Zero   RW         3242    .bss                usart3.o
    0x2001b240   0x00000060   Zero   RW         3825    .bss                c_w.l(libspace.o)
    0x2001b2a0   0x00000200   Zero   RW         2765    HEAP                startup_stm32f40_41xxx.o
    0x2001b4a0   0x00000400   Zero   RW         2764    STACK               startup_stm32f40_41xxx.o



  Load Region LR$$.ARM.__AT_0x10000000 (Base: 0x10000000, Size: 0x00000000, Max: 0x0000f000, ABSOLUTE)

    Execution Region ER$$.ARM.__AT_0x10000000 (Base: 0x10000000, Size: 0x0000f000, Max: 0x0000f000, ABSOLUTE, UNINIT)

    Base Addr    Size         Type   Attr      Idx    E Section Name        Object

    0x10000000   0x0000f000   Zero   RW          549    .ARM.__AT_0x10000000  malloc.o



  Load Region LR$$.ARM.__AT_0x1000F000 (Base: 0x1000f000, Size: 0x00000000, Max: 0x00000f00, ABSOLUTE)

    Execution Region ER$$.ARM.__AT_0x1000F000 (Base: 0x1000f000, Size: 0x00000f00, Max: 0x00000f00, ABSOLUTE, UNINIT)

    Base Addr    Size         Type   Attr      Idx    E Section Name        Object

    0x1000f000   0x00000f00   Zero   RW          550    .ARM.__AT_0x1000F000  malloc.o



  Load Region LR$$.ARM.__AT_0x68000000 (Base: 0x68000000, Size: 0x00000000, Max: 0x000f0000, ABSOLUTE)

    Execution Region ER$$.ARM.__AT_0x68000000 (Base: 0x68000000, Size: 0x000f0000, Max: 0x000f0000, ABSOLUTE, UNINIT)

    Base Addr    Size         Type   Attr      Idx    E Section Name        Object

    0x68000000   0x000f0000   Zero   RW          551    .ARM.__AT_0x68000000  malloc.o



  Load Region LR$$.ARM.__AT_0x680F0000 (Base: 0x680f0000, Size: 0x00000000, Max: 0x0000f000, ABSOLUTE)

    Execution Region ER$$.ARM.__AT_0x680F0000 (Base: 0x680f0000, Size: 0x0000f000, Max: 0x0000f000, ABSOLUTE, UNINIT)

    Base Addr    Size         Type   Attr      Idx    E Section Name        Object

    0x680f0000   0x0000f000   Zero   RW          552    .ARM.__AT_0x680F0000  malloc.o


==============================================================================

Image component sizes


      Code (inc. data)   RO Data    RW Data    ZI Data      Debug   Object Name

      2270        722          0          4          0      14183   as608.o
       268         16          0          4          0       2523   delay.o
       260         40        206        120          0       3128   esp8266.o
       242         28          0          1          0       2904   exti.o
      2460        492          0         23         12     300223   main.o
       504         60         36         36    1218560       6490   malloc.o
       180         24          0          0          0       2105   misc.o
       938         24       2072          0          0       5988   oled.o
       212         18        336          0          0       1388   ov7670.o
       708         88          0          0          0       4765   sccb.o
       292         20          0          0          0       1829   spi.o
        64         26        392          0       1536        848   startup_stm32f40_41xxx.o
       184         16          0          0          0       2108   stm32f4xx_exti.o
       240          0          0          0          0       3535   stm32f4xx_gpio.o
        26          0          0          0          0       4134   stm32f4xx_it.o
       392         48          0         16          0       5853   stm32f4xx_rcc.o
       112          0          0          0          0       3510   stm32f4xx_spi.o
        64          4          0          0          0        660   stm32f4xx_syscfg.o
       276         28          0          0          0       7734   stm32f4xx_tim.o
       678         42          0          0          0       6140   stm32f4xx_usart.o
       340         32          0          0          0       1497   system_stm32f4xx.o
       444         38          0          5          0       3418   timer.o
       344         30          0          6        200       4296   usart.o
       324         32          0          2        800       2750   usart2.o
       400         42          0          2        800       2826   usart3.o
      3166       1330         40         28          0       8018   usmart.o
         0          0        295        292          0       1516   usmart_config.o
      1328         20          0          0          0       8801   usmart_str.o
       192         26          0          2          0       1870   w25qxx.o

    ----------------------------------------------------------------------
     16946       3246       3412        548    1221916     415040   Object Totals
         0          0         32          0          0          0   (incl. Generated)
        38          0          3          7          8          0   (incl. Padding)

    ----------------------------------------------------------------------

      Code (inc. data)   RO Data    RW Data    ZI Data      Debug   Library Member Name

        24          4          0          0          0         84   __2printf.o
        44          6          0          0          0         84   __2sprintf.o
        90          0          0          0          0          0   __dczerorl2.o
         8          0          0          0          0         68   __main.o
       392          4         17          0          0         92   __printf_flags_ss_wp.o
        14          0          0          0          0         68   __printf_wp.o
         0          0          0          0          0          0   __rtentry.o
        12          0          0          0          0          0   __rtentry2.o
         6          0          0          0          0          0   __rtentry4.o
        52          8          0          0          0          0   __scatter.o
        28          0          0          0          0          0   __scatter_zi.o
         6          0          0          0          0          0   _printf_a.o
         6          0          0          0          0          0   _printf_c.o
        44          0          0          0          0        108   _printf_char.o
        48          6          0          0          0         96   _printf_char_common.o
        36          4          0          0          0         80   _printf_char_file.o
        40          0          0          0          0         68   _printf_charcount.o
         6          0          0          0          0          0   _printf_d.o
       120         16          0          0          0         92   _printf_dec.o
         6          0          0          0          0          0   _printf_e.o
         6          0          0          0          0          0   _printf_f.o
      1050          0          0          0          0        216   _printf_fp_dec.o
       764         10         38          0          0        100   _printf_fp_hex.o
       128         16          0          0          0         84   _printf_fp_infnan.o
         6          0          0          0          0          0   _printf_g.o
       148          4         40          0          0        160   _printf_hex_int_ll_ptr.o
         6          0          0          0          0          0   _printf_i.o
       178          0          0          0          0         88   _printf_intcommon.o
        10          0          0          0          0          0   _printf_l.o
         6          0          0          0          0          0   _printf_lc.o
        10          0          0          0          0          0   _printf_ll.o
         6          0          0          0          0          0   _printf_lld.o
         6          0          0          0          0          0   _printf_lli.o
         6          0          0          0          0          0   _printf_llo.o
         6          0          0          0          0          0   _printf_llu.o
         6          0          0          0          0          0   _printf_llx.o
       124         16          0          0          0         92   _printf_longlong_dec.o
         6          0          0          0          0          0   _printf_ls.o
         6          0          0          0          0          0   _printf_n.o
         6          0          0          0          0          0   _printf_o.o
       112          8          0          0          0        124   _printf_oct_int_ll.o
         6          0          0          0          0          0   _printf_p.o
        78          0          0          0          0        108   _printf_pad.o
         0          0          0          0          0          0   _printf_percent.o
         4          0          0          0          0          0   _printf_percent_end.o
         6          0          0          0          0          0   _printf_s.o
        82          0          0          0          0         80   _printf_str.o
        36          0          0          0          0         84   _printf_truncate.o
         6          0          0          0          0          0   _printf_u.o
        44          0          0          0          0        108   _printf_wchar.o
       188          6          8          0          0         92   _printf_wctomb.o
         6          0          0          0          0          0   _printf_x.o
        10          0          0          0          0         68   _sputc.o
        64          0          0          0          0         92   _wcrtomb.o
       220          4        148          0          0         96   bigflt0.o
      1910        128          0          0          0        672   btod.o
        12          0          0          0          0         72   exit.o
         8          0          0          0          0         68   ferror.o
         6          0          0          0          0        152   heapauxi.o
        44         10        272          0          0         76   lc_ctype_c.o
        44         10         28          0          0         76   lc_numeric_c.o
         2          0          0          0          0          0   libinit.o
        34          0          0          0          0          0   libinit2.o
         2          0          0          0          0          0   libshutdown.o
         2          0          0          0          0          0   libshutdown2.o
         8          4          0          0         96         68   libspace.o
       138          0          0          0          0         80   lludiv10.o
        16          4          0          0          0         76   rt_ctype_table.o
         8          4          0          0          0         68   rt_locale_intlibspace.o
         2          0          0          0          0          0   rtexit.o
        10          0          0          0          0          0   rtexit2.o
       128          0          0          0          0         68   strcmpv7m.o
        62          0          0          0          0         76   strlen.o
        36          0          0          0          0         80   strstr.o
        74          0          0          0          0         80   sys_stackheap_outer.o
         2          0          0          0          0         68   use_no_semi.o
         2          0          0          0          0         68   use_no_semi_2.o
        36          4          0          0          0         76   vsprintf.o
        10          0          0          0          0        116   fpinit.o
         4          0          0          0          0        116   printf1.o
         4          0          0          0          0        116   printf2.o
         0          0          0          0          0          0   usenofp.o
        48          0          0          0          0        124   fpclassify.o

    ----------------------------------------------------------------------
      6994        276        556          0         96       4828   Library Totals
        14          0          5          0          0          0   (incl. Padding)

    ----------------------------------------------------------------------

      Code (inc. data)   RO Data    RW Data    ZI Data      Debug   Library Name

      6914        276        551          0         96       4356   c_w.l
        18          0          0          0          0        348   fz_wm.l
        48          0          0          0          0        124   m_wm.l

    ----------------------------------------------------------------------
      6994        276        556          0         96       4828   Library Totals

    ----------------------------------------------------------------------

==============================================================================


      Code (inc. data)   RO Data    RW Data    ZI Data      Debug   

     23940       3522       3968        548    1222012     401576   Grand Totals
     23940       3522       3968        236    1222012     401576   ELF Image Totals (compressed)
     23940       3522       3968        236          0          0   ROM Totals

==============================================================================

    Total RO  Size (Code + RO Data)                27908 (  27.25kB)
    Total RW  Size (RW Data + ZI Data)           1222560 (1193.91kB)
    Total ROM Size (Code + RO Data + RW Data)      28144 (  27.48kB)

==============================================================================

